###############################################################################
#
# IAR ELF Linker V8.32.1.169/W32 for ARM                  14/May/2023  20:09:11
# Copyright 2007-2018 IAR Systems AB.
#
#    Output file  =  D:\Kipper\program\RTS\RTS-2023\Debug\Exe\Robocon_A.out
#    Map file     =  D:\Kipper\program\RTS\RTS-2023\Debug\List\Robocon_A.map
#    Command line =  
#        -f C:\Users\18311\AppData\Local\Temp\EW9EF1.tmp
#        (D:\Kipper\program\RTS\RTS-2023\Debug\Obj\action.o
#        D:\Kipper\program\RTS\RTS-2023\Debug\Obj\app.o
#        D:\Kipper\program\RTS\RTS-2023\Debug\Obj\beep.o
#        D:\Kipper\program\RTS\RTS-2023\Debug\Obj\bsp.o
#        D:\Kipper\program\RTS\RTS-2023\Debug\Obj\BT.o
#        D:\Kipper\program\RTS\RTS-2023\Debug\Obj\C610.o
#        D:\Kipper\program\RTS\RTS-2023\Debug\Obj\C620.o
#        D:\Kipper\program\RTS\RTS-2023\Debug\Obj\can.o
#        D:\Kipper\program\RTS\RTS-2023\Debug\Obj\cpu_a.o
#        D:\Kipper\program\RTS\RTS-2023\Debug\Obj\cpu_c.o
#        D:\Kipper\program\RTS\RTS-2023\Debug\Obj\cpu_core.o
#        D:\Kipper\program\RTS\RTS-2023\Debug\Obj\DataProcessing.o
#        D:\Kipper\program\RTS\RTS-2023\Debug\Obj\led.o
#        D:\Kipper\program\RTS\RTS-2023\Debug\Obj\lib_ascii.o
#        D:\Kipper\program\RTS\RTS-2023\Debug\Obj\lib_math.o
#        D:\Kipper\program\RTS\RTS-2023\Debug\Obj\lib_mem.o
#        D:\Kipper\program\RTS\RTS-2023\Debug\Obj\lib_mem_a.o
#        D:\Kipper\program\RTS\RTS-2023\Debug\Obj\lib_str.o
#        D:\Kipper\program\RTS\RTS-2023\Debug\Obj\misc.o
#        D:\Kipper\program\RTS\RTS-2023\Debug\Obj\motor.o
#        D:\Kipper\program\RTS\RTS-2023\Debug\Obj\os_app_hooks.o
#        D:\Kipper\program\RTS\RTS-2023\Debug\Obj\os_cfg_app.o
#        D:\Kipper\program\RTS\RTS-2023\Debug\Obj\os_core.o
#        D:\Kipper\program\RTS\RTS-2023\Debug\Obj\os_cpu_a.o
#        D:\Kipper\program\RTS\RTS-2023\Debug\Obj\os_cpu_c.o
#        D:\Kipper\program\RTS\RTS-2023\Debug\Obj\os_dbg.o
#        D:\Kipper\program\RTS\RTS-2023\Debug\Obj\os_flag.o
#        D:\Kipper\program\RTS\RTS-2023\Debug\Obj\os_int.o
#        D:\Kipper\program\RTS\RTS-2023\Debug\Obj\os_mem.o
#        D:\Kipper\program\RTS\RTS-2023\Debug\Obj\os_mon.o
#        D:\Kipper\program\RTS\RTS-2023\Debug\Obj\os_msg.o
#        D:\Kipper\program\RTS\RTS-2023\Debug\Obj\os_mutex.o
#        D:\Kipper\program\RTS\RTS-2023\Debug\Obj\os_pend_multi.o
#        D:\Kipper\program\RTS\RTS-2023\Debug\Obj\os_prio.o
#        D:\Kipper\program\RTS\RTS-2023\Debug\Obj\os_q.o
#        D:\Kipper\program\RTS\RTS-2023\Debug\Obj\os_sem.o
#        D:\Kipper\program\RTS\RTS-2023\Debug\Obj\os_stat.o
#        D:\Kipper\program\RTS\RTS-2023\Debug\Obj\os_task.o
#        D:\Kipper\program\RTS\RTS-2023\Debug\Obj\os_tick.o
#        D:\Kipper\program\RTS\RTS-2023\Debug\Obj\os_time.o
#        D:\Kipper\program\RTS\RTS-2023\Debug\Obj\os_tmr.o
#        D:\Kipper\program\RTS\RTS-2023\Debug\Obj\os_var.o
#        D:\Kipper\program\RTS\RTS-2023\Debug\Obj\PID.o
#        D:\Kipper\program\RTS\RTS-2023\Debug\Obj\r1v2.o
#        D:\Kipper\program\RTS\RTS-2023\Debug\Obj\RELAY.o
#        D:\Kipper\program\RTS\RTS-2023\Debug\Obj\robomodule.o
#        D:\Kipper\program\RTS\RTS-2023\Debug\Obj\RobotCtrl.o
#        D:\Kipper\program\RTS\RTS-2023\Debug\Obj\startup_stm32f427xx.o
#        D:\Kipper\program\RTS\RTS-2023\Debug\Obj\stm32f4xx_can.o
#        D:\Kipper\program\RTS\RTS-2023\Debug\Obj\stm32f4xx_dma.o
#        D:\Kipper\program\RTS\RTS-2023\Debug\Obj\stm32f4xx_gpio.o
#        D:\Kipper\program\RTS\RTS-2023\Debug\Obj\stm32f4xx_it.o
#        D:\Kipper\program\RTS\RTS-2023\Debug\Obj\stm32f4xx_rcc.o
#        D:\Kipper\program\RTS\RTS-2023\Debug\Obj\stm32f4xx_syscfg.o
#        D:\Kipper\program\RTS\RTS-2023\Debug\Obj\stm32f4xx_tim.o
#        D:\Kipper\program\RTS\RTS-2023\Debug\Obj\stm32f4xx_usart.o
#        D:\Kipper\program\RTS\RTS-2023\Debug\Obj\system_stm32f4xx.o
#        D:\Kipper\program\RTS\RTS-2023\Debug\Obj\tim.o
#        D:\Kipper\program\RTS\RTS-2023\Debug\Obj\usart.o
#        D:\Kipper\program\RTS\RTS-2023\Debug\Obj\vesc.o --no_out_extension -o
#        D:\Kipper\program\RTS\RTS-2023\Debug\Exe\Robocon_A.out --map
#        D:\Kipper\program\RTS\RTS-2023\Debug\List\Robocon_A.map --config
#        D:\Kipper\software\IAR\arm\config\linker\ST\stm32f427xI.icf
#        --semihosting --entry __iar_program_start --redirect
#        __iar_sh_stdout=__iar_sh_stdout_swo --vfe --text_out locale)
#
###############################################################################

*******************************************************************************
*** RUNTIME MODEL ATTRIBUTES
***

CppFlavor       = *
__Heap_Handler  = Basic
__SystemLibrary = DLib
__dlib_version  = 6


*******************************************************************************
*** HEAP SELECTION
***

The basic heap was selected because no calls to memory allocation
functions were found in the application outside of system library
functions, and there are calls to deallocation functions in the
application.


*******************************************************************************
*** PLACEMENT SUMMARY
***

"A0":  place at 0x800'0000 { ro section .intvec };
"P1":  place in [from 0x800'0000 to 0x81f'ffff] { ro };
define block CSTACK with size = 8K, alignment = 8 { };
"P3":  place in [from 0x1000'0000 to 0x1000'ffff] {
          block CSTACK, section .ccram };
define block HEAP with size = 8K, alignment = 8 { };
"P4":  place in [from 0x2000'0000 to 0x2001'bfff] |
                [from 0x2001'c000 to 0x2001'ffff] |
                [from 0x2002'0000 to 0x2002'ffff] { rw, block HEAP };
initialize by copy { rw };

No sections matched the following patterns:

  ro section application_specific_ro  in "P2|P6"
  rw section application_specific_rw  in "P2|P6"
  section .backup_sram                in "P5"
  section .ccram                      in "P3"


  Section            Kind         Address     Size  Object
  -------            ----         -------     ----  ------
"A0":                                        0x1ac
  .intvec            ro code   0x800'0000    0x1ac  startup_stm32f427xx.o [1]
                             - 0x800'01ac    0x1ac

"P1":                                       0xa40e
  .text              ro code   0x800'01ac    0xdf2  xprintffull_nomb.o [2]
  .text              ro code   0x800'0f9e     0x3a  zero_init3.o [4]
  .text              ro code   0x800'0fd8     0x16  strchr.o [4]
  .rodata            const     0x800'0fee      0x2  os_cfg_app.o [1]
  .text              ro code   0x800'0ff0     0x40  xfail_s.o [2]
  .text              ro code   0x800'1030     0x36  strlen.o [4]
  .rodata            const     0x800'1066      0x2  os_dbg.o [1]
  .text              ro code   0x800'1068     0x58  memchr.o [4]
  .text              ro code   0x800'10c0    0x230  I64DivMod.o [4]
  .text              ro code   0x800'12f0    0x1a2  DblMul.o [3]
  .rodata            const     0x800'1492      0x2  os_dbg.o [1]
  .text              ro code   0x800'1494     0xa6  ABImemcpy.o [4]
  .rodata            const     0x800'153a      0x2  os_dbg.o [1]
  .text              ro code   0x800'153c     0x70  frexp.o [3]
  .text              ro code   0x800'15ac     0x2e  DblCmpLe.o [3]
  .rodata            const     0x800'15da      0x2  os_dbg.o [1]
  .text              ro code   0x800'15dc     0x2e  DblCmpGe.o [3]
  .rodata            const     0x800'160a      0x2  os_dbg.o [1]
  .text              ro code   0x800'160c    0x13a  ldexp.o [3]
  .rodata            const     0x800'1746      0x2  os_dbg.o [1]
  .text              ro code   0x800'1748     0x3a  DblToS32.o [3]
  .rodata            const     0x800'1782      0x2  os_dbg.o [1]
  .text              ro code   0x800'1784     0x22  S32ToDbl.o [3]
  .rodata            const     0x800'17a6      0x2  os_dbg.o [1]
  .text              ro code   0x800'17a8     0xe2  DblSub.o [3]
  .rodata            const     0x800'188a      0x2  os_dbg.o [1]
  .text              ro code   0x800'188c    0x246  DblDiv.o [3]
  .rodata            const     0x800'1ad2      0x2  os_dbg.o [1]
  .text              ro code   0x800'1ad4     0x28  DblToU32.o [3]
  .text              ro code   0x800'1afc     0x1a  U32ToDbl.o [3]
  .rodata            const     0x800'1b16      0x2  os_dbg.o [1]
  .text              ro code   0x800'1b18      0x8  xlocale_c.o [2]
  .text              ro code   0x800'1b20      0x6  abort.o [2]
  .rodata            const     0x800'1b26      0x2  os_dbg.o [1]
  .text              ro code   0x800'1b28      0x2  I64DivZer.o [4]
  .rodata            const     0x800'1b2a      0x2  os_dbg.o [1]
  .text              ro code   0x800'1b2c    0x17a  DblAdd.o [3]
  .rodata            const     0x800'1ca6      0x2  os_dbg.o [1]
  .text              ro code   0x800'1ca8     0x14  exit.o [5]
  .text              ro code   0x800'1cbc    0xacc  C610.o [1]
  .text              ro code   0x800'2788    0x4bc  PID.o [1]
  .text              ro code   0x800'2c44     0x58  S64ToFlt.o [3]
  .text              ro code   0x800'2c9c    0x508  can.o [1]
  .text              ro code   0x800'31a4     0x48  FltToDbl.o [3]
  .text              ro code   0x800'31ec     0x68  DblToFlt.o [3]
  .text              ro code   0x800'3254    0x170  stm32f4xx_rcc.o [1]
  .text              ro code   0x800'33c4    0x10e  stm32f4xx_gpio.o [1]
  .rodata            const     0x800'34d2      0x2  os_dbg.o [1]
  .text              ro code   0x800'34d4    0x614  stm32f4xx_can.o [1]
  .text              ro code   0x800'3ae8     0x80  misc.o [1]
  .text              ro code   0x800'3b68    0x840  os_core.o [1]
  .text              ro code   0x800'43a8    0x864  C620.o [1]
  .text              ro code   0x800'4c0c     0x88  vesc.o [1]
  .text              ro code   0x800'4c94    0x2d0  os_cpu_c.o [1]
  .text              ro code   0x800'4f64    0x730  os_task.o [1]
  .text              ro code   0x800'5694     0x74  os_prio.o [1]
  .text              ro code   0x800'5708     0x1c  os_mem.o [1]
  .text              ro code   0x800'5724     0xb8  os_msg.o [1]
  .text              ro code   0x800'57dc    0x42c  os_tick.o [1]
  .text              ro code   0x800'5c08    0x1e0  os_tmr.o [1]
  .text              ro code   0x800'5de8    0x1a0  os_dbg.o [1]
  .text              ro code   0x800'5f88     0x94  os_cfg_app.o [1]
  CODE               ro code   0x800'601c    0x108  os_cpu_a.o [1]
  .text              ro code   0x800'6124     0x24  cpu_core.o [1]
  .text              ro code   0x800'6148    0x128  os_time.o [1]
  .text              ro code   0x800'6270    0x396  os_mutex.o [1]
  .rodata            const     0x800'6606      0x2  os_dbg.o [1]
  CODE               ro code   0x800'6608     0x34  cpu_a.o [1]
  .text              ro code   0x800'663c     0x84  bsp.o [1]
  .text              ro code   0x800'66c0     0xac  led.o [1]
  .text              ro code   0x800'676c    0x2c0  r1v2.o [1]
  .text              ro code   0x800'6a2c     0xd4  BT.o [1]
  .text              ro code   0x800'6b00     0x94  tim.o [1]
  .text              ro code   0x800'6b94    0x2e8  stm32f4xx_usart.o [1]
  .text              ro code   0x800'6e7c     0xe8  stm32f4xx_tim.o [1]
  .text              ro code   0x800'6f64    0xa4c  RobotCtrl.o [1]
  .text              ro code   0x800'79b0     0x2a  math_wrappers64.o [3]
  .rodata            const     0x800'79da      0x2  os_dbg.o [1]
  .text              ro code   0x800'79dc    0x10a  os_sem.o [1]
  .rodata            const     0x800'7ae6      0x2  os_dbg.o [1]
  .text              ro code   0x800'7ae8    0x102  sqrt.o [3]
  .rodata            const     0x800'7bea      0x2  os_dbg.o [1]
  .text              ro code   0x800'7bec     0x20  DblCmpEq.o [3]
  .text              ro code   0x800'7c0c    0x3b0  tan64.o [3]
  .text              ro code   0x800'7fbc    0x444  cos_sin64.o [3]
  .text              ro code   0x800'8400    0x238  action.o [1]
  .text              ro code   0x800'8638    0x210  motor.o [1]
  .text              ro code   0x800'8848    0x208  app.o [1]
  .text              ro code   0x800'8a50     0x88  lib_mem.o [1]
  .text              ro code   0x800'8ad8     0x20  lib_math.o [1]
  .text              ro code   0x800'8af8     0x6c  os_flag.o [1]
  .text              ro code   0x800'8b64     0x28  printf.o [2]
  .text              ro code   0x800'8b8c    0x1f6  lz77_init.o [4]
  .rodata            const     0x800'8d82      0x2  os_dbg.o [1]
  .text              ro code   0x800'8d84    0x144  system_stm32f4xx.o [1]
  .text              ro code   0x800'8ec8    0x140  heap0.o [2]
  .text              ro code   0x800'9008     0x2c  xgetmemchunk.o [2]
  .text              ro code   0x800'9034    0x114  stm32f4xx_it.o [1]
  .text              ro code   0x800'9148     0xd8  xfspos.o [2]
  .text              ro code   0x800'9220     0xac  fflush.o [2]
  .text              ro code   0x800'92cc      0xc  xfgpos.o [2]
  .text              ro code   0x800'92d8     0x4a  lseek.o [5]
  .text              ro code   0x800'9322     0x10  write.o [5]
  .rodata            const     0x800'9332      0x2  os_dbg.o [1]
  .text              ro code   0x800'9334     0xcc  XShHandles.o [2]
  .text              ro code   0x800'9400     0x1e  dwrite.o [5]
  .rodata            const     0x800'941e      0x1  os_cfg_app.o [1]
  .rodata            const     0x800'941f      0x1  os_cfg_app.o [1]
  .text              ro code   0x800'9420     0x50  iarwstdswo.o [5]
  .text              ro code   0x800'9470     0x22  iarwrite.o [5]
  .text              ro code   0x800'9492     0xb4  xfwprep.o [2]
  .text              ro code   0x800'9546     0x24  fseek.o [2]
  .rodata            const     0x800'956a      0x1  os_dbg.o [1]
  .rodata            const     0x800'956b      0x1  os_dbg.o [1]
  .text              ro code   0x800'956c     0x8c  xfofind.o [2]
  .text              ro code   0x800'95f8      0x4  heaptramp0.o [2]
  .text              ro code   0x800'95fc     0x7e  fclose.o [2]
  .text              ro code   0x800'967a     0x18  close.o [5]
  .text              ro code   0x800'9692     0x14  remove.o [5]
  .text              ro code   0x800'96a6     0x54  fputc.o [2]
  .rodata            const     0x800'96fa      0x1  os_dbg.o [1]
  .rodata            const     0x800'96fb      0x1  os_dbg.o [1]
  .text              ro code   0x800'96fc     0x3c  xcloseall.o [2]
  .rodata            const     0x800'9738     0x30  os_dbg.o [1]
  .rodata            const     0x800'9768     0x30  os_dbg.o [1]
  .rodata            const     0x800'9798     0x30  stm32f4xx_it.o [1]
  .rodata            const     0x800'97c8     0x30  stm32f4xx_it.o [1]
  .rodata            const     0x800'97f8     0x2c  os_dbg.o [1]
  .text              ro code   0x800'9824     0x28  data_init.o [4]
  .rodata            const     0x800'984c     0x24  os_dbg.o [1]
  .rodata            const     0x800'9870     0x24  os_dbg.o [1]
  .text              ro code   0x800'9894     0x22  fpinit_M.o [3]
  .iar.init_table    const     0x800'98b8     0x2c  - Linker created -
  .rodata            const     0x800'98e4      0x1  os_dbg.o [1]
  .rodata            const     0x800'98e5      0x1  os_dbg.o [1]
  .rodata            const     0x800'98e8     0x20  os_dbg.o [1]
  .rodata            const     0x800'9908     0x20  stm32f4xx_it.o [1]
  .text              ro code   0x800'9928     0x1e  cmain.o [4]
  .text              ro code   0x800'9946      0x4  low_level_init.o [2]
  .text              ro code   0x800'994a      0x4  exit.o [2]
  .rodata            const     0x800'994e      0x1  os_dbg.o [1]
  .rodata            const     0x800'994f      0x1  os_dbg.o [1]
  .text              ro code   0x800'9950      0xe  cexit.o [4]
  .rodata            const     0x800'995e      0x1  os_dbg.o [1]
  .rodata            const     0x800'995f      0x1  os_dbg.o [1]
  .rodata            const     0x800'9960     0x18  os_tmr.o [1]
  .text              ro code   0x800'9978     0x16  xprout.o [2]
  .rodata            const     0x800'998e      0x1  os_dbg.o [1]
  .rodata            const     0x800'998f      0x1  os_dbg.o [1]
  .text              ro code   0x800'9990      0xc  putchar.o [2]
  .rodata            const     0x800'999c     0x14  os_core.o [1]
  .rodata            const     0x800'99b0     0x14  os_tick.o [1]
  .rodata            const     0x800'99c4     0x10  app.o [1]
  .rodata            const     0x800'99d4     0x10  app.o [1]
  .rodata            const     0x800'99e4     0x10  app.o [1]
  .rodata            const     0x800'99f4     0x10  os_tmr.o [1]
  .rodata            const     0x800'9a04     0x10  stm32f4xx_it.o [1]
  .text              ro code   0x800'9a14     0x10  startup_stm32f427xx.o [1]
  .rodata            const     0x800'9a24      0xc  app.o [1]
  .rodata            const     0x800'9a30      0xc  app.o [1]
  .rodata            const     0x800'9a3c      0xc  app.o [1]
  .rodata            const     0x800'9a48      0xc  os_core.o [1]
  .rodata            const     0x800'9a54      0xc  stm32f4xx_it.o [1]
  .rodata            const     0x800'9a60      0xc  stm32f4xx_it.o [1]
  .rodata            const     0x800'9a6c      0xc  stm32f4xx_it.o [1]
  .rodata            const     0x800'9a78      0xc  stm32f4xx_it.o [1]
  .rodata            const     0x800'9a84      0xc  stm32f4xx_it.o [1]
  .rodata            const     0x800'9a90      0xc  stm32f4xx_it.o [1]
  .rodata            const     0x800'9a9c      0xc  stm32f4xx_it.o [1]
  .rodata            const     0x800'9aa8      0xc  stm32f4xx_it.o [1]
  .rodata            const     0x800'9ab4      0xc  stm32f4xx_it.o [1]
  .rodata            const     0x800'9ac0      0xc  stm32f4xx_it.o [1]
  .rodata            const     0x800'9acc      0xc  stm32f4xx_it.o [1]
  .text              ro code   0x800'9ad8      0xc  cstartup_M.o [4]
  .rodata            const     0x800'9ae4      0x8  app.o [1]
  .rodata            const     0x800'9aec      0x8  lib_mem.o [1]
  .rodata            const     0x800'9af4      0x8  os_core.o [1]
  .rodata            const     0x800'9afc      0x8  os_task.o [1]
  .rodata            const     0x800'9b08      0x8  RobotCtrl.o [1]
  .rodata            const     0x800'9b10      0x8  RobotCtrl.o [1]
  .rodata            const     0x800'9b18      0x4  os_cfg_app.o [1]
  .rodata            const     0x800'9b1c      0x4  os_cfg_app.o [1]
  .rodata            const     0x800'9b20      0x4  os_cfg_app.o [1]
  .rodata            const     0x800'9b24      0x4  os_cfg_app.o [1]
  .rodata            const     0x800'9b28      0x4  os_cfg_app.o [1]
  .rodata            const     0x800'9b2c      0x4  os_cfg_app.o [1]
  .rodata            const     0x800'9b30      0x4  os_cfg_app.o [1]
  .rodata            const     0x800'9b34      0x4  os_cfg_app.o [1]
  .rodata            const     0x800'9b38      0x4  os_cfg_app.o [1]
  .rodata            const     0x800'9b3c      0x4  os_cfg_app.o [1]
  .rodata            const     0x800'9b40      0x4  os_cfg_app.o [1]
  .rodata            const     0x800'9b44      0x4  os_cfg_app.o [1]
  .rodata            const     0x800'9b48      0x4  os_cfg_app.o [1]
  .rodata            const     0x800'9b4c      0x4  os_cfg_app.o [1]
  .rodata            const     0x800'9b50      0x4  os_cfg_app.o [1]
  .rodata            const     0x800'9b54      0x4  os_cfg_app.o [1]
  .rodata            const     0x800'9b58      0x4  os_cfg_app.o [1]
  .rodata            const     0x800'9b5c      0x4  os_cfg_app.o [1]
  .rodata            const     0x800'9b60      0x4  os_cfg_app.o [1]
  .rodata            const     0x800'9b64      0x4  os_cfg_app.o [1]
  .rodata            const     0x800'9b68      0x4  os_cfg_app.o [1]
  .rodata            const     0x800'9b6c      0x4  os_dbg.o [1]
  .rodata            const     0x800'9b70      0x4  os_dbg.o [1]
  .rodata            const     0x800'9b74      0x4  os_dbg.o [1]
  .rodata            const     0x800'9b78      0x4  RobotCtrl.o [1]
  .rodata            const     0x800'9b7c      0x4  RobotCtrl.o [1]
  .rodata            const     0x800'9b80      0x4  xlocale_c.o [2]
  .text              ro code   0x800'9b84      0x4  startup_stm32f427xx.o [1]
  .text              ro code   0x800'9b88      0x4  startup_stm32f427xx.o [1]
  .text              ro code   0x800'9b8c      0x4  startup_stm32f427xx.o [1]
  .text              ro code   0x800'9b90      0x4  startup_stm32f427xx.o [1]
  .text              ro code   0x800'9b94      0x4  startup_stm32f427xx.o [1]
  .text              ro code   0x800'9b98      0x4  startup_stm32f427xx.o [1]
  .text              ro code   0x800'9b9c      0x4  startup_stm32f427xx.o [1]
  .text              ro code   0x800'9ba0      0x4  startup_stm32f427xx.o [1]
  .text              ro code   0x800'9ba4      0x4  startup_stm32f427xx.o [1]
  .text              ro code   0x800'9ba8      0x4  startup_stm32f427xx.o [1]
  .text              ro code   0x800'9bac      0x4  startup_stm32f427xx.o [1]
  .text              ro code   0x800'9bb0      0x4  startup_stm32f427xx.o [1]
  .text              ro code   0x800'9bb4      0x4  startup_stm32f427xx.o [1]
  .text              ro code   0x800'9bb8      0x4  startup_stm32f427xx.o [1]
  .text              ro code   0x800'9bbc      0x4  startup_stm32f427xx.o [1]
  .text              ro code   0x800'9bc0      0x4  startup_stm32f427xx.o [1]
  .text              ro code   0x800'9bc4      0x4  startup_stm32f427xx.o [1]
  .text              ro code   0x800'9bc8      0x4  startup_stm32f427xx.o [1]
  .text              ro code   0x800'9bcc      0x4  startup_stm32f427xx.o [1]
  .text              ro code   0x800'9bd0      0x4  startup_stm32f427xx.o [1]
  .text              ro code   0x800'9bd4      0x4  startup_stm32f427xx.o [1]
  .text              ro code   0x800'9bd8      0x4  startup_stm32f427xx.o [1]
  .text              ro code   0x800'9bdc      0x4  startup_stm32f427xx.o [1]
  .text              ro code   0x800'9be0      0x4  startup_stm32f427xx.o [1]
  .text              ro code   0x800'9be4      0x4  startup_stm32f427xx.o [1]
  .text              ro code   0x800'9be8      0x4  startup_stm32f427xx.o [1]
  .text              ro code   0x800'9bec      0x4  startup_stm32f427xx.o [1]
  .text              ro code   0x800'9bf0      0x4  startup_stm32f427xx.o [1]
  .text              ro code   0x800'9bf4      0x4  startup_stm32f427xx.o [1]
  .text              ro code   0x800'9bf8      0x4  startup_stm32f427xx.o [1]
  .text              ro code   0x800'9bfc      0x4  startup_stm32f427xx.o [1]
  .text              ro code   0x800'9c00      0x4  startup_stm32f427xx.o [1]
  .text              ro code   0x800'9c04      0x4  startup_stm32f427xx.o [1]
  .text              ro code   0x800'9c08      0x4  startup_stm32f427xx.o [1]
  .text              ro code   0x800'9c0c      0x4  startup_stm32f427xx.o [1]
  .text              ro code   0x800'9c10      0x4  startup_stm32f427xx.o [1]
  .text              ro code   0x800'9c14      0x4  startup_stm32f427xx.o [1]
  .text              ro code   0x800'9c18      0x4  startup_stm32f427xx.o [1]
  .text              ro code   0x800'9c1c      0x4  startup_stm32f427xx.o [1]
  .text              ro code   0x800'9c20      0x4  startup_stm32f427xx.o [1]
  .text              ro code   0x800'9c24      0x4  startup_stm32f427xx.o [1]
  .text              ro code   0x800'9c28      0x4  startup_stm32f427xx.o [1]
  .text              ro code   0x800'9c2c      0x4  startup_stm32f427xx.o [1]
  .text              ro code   0x800'9c30      0x4  startup_stm32f427xx.o [1]
  .text              ro code   0x800'9c34      0x4  startup_stm32f427xx.o [1]
  .text              ro code   0x800'9c38      0x4  startup_stm32f427xx.o [1]
  .text              ro code   0x800'9c3c      0x4  startup_stm32f427xx.o [1]
  .text              ro code   0x800'9c40      0x4  startup_stm32f427xx.o [1]
  .text              ro code   0x800'9c44      0x4  startup_stm32f427xx.o [1]
  .text              ro code   0x800'9c48      0x4  startup_stm32f427xx.o [1]
  .text              ro code   0x800'9c4c      0x4  startup_stm32f427xx.o [1]
  .text              ro code   0x800'9c50      0x4  startup_stm32f427xx.o [1]
  .text              ro code   0x800'9c54      0x4  startup_stm32f427xx.o [1]
  .text              ro code   0x800'9c58      0x4  startup_stm32f427xx.o [1]
  .text              ro code   0x800'9c5c      0x4  startup_stm32f427xx.o [1]
  .text              ro code   0x800'9c60      0x4  startup_stm32f427xx.o [1]
  .text              ro code   0x800'9c64      0x4  startup_stm32f427xx.o [1]
  .text              ro code   0x800'9c68      0x4  startup_stm32f427xx.o [1]
  .text              ro code   0x800'9c6c      0x4  startup_stm32f427xx.o [1]
  .text              ro code   0x800'9c70      0x4  startup_stm32f427xx.o [1]
  .text              ro code   0x800'9c74      0x4  startup_stm32f427xx.o [1]
  .text              ro code   0x800'9c78      0x4  startup_stm32f427xx.o [1]
  .text              ro code   0x800'9c7c      0x4  startup_stm32f427xx.o [1]
  .text              ro code   0x800'9c80      0x4  startup_stm32f427xx.o [1]
  .text              ro code   0x800'9c84      0x4  startup_stm32f427xx.o [1]
  .text              ro code   0x800'9c88      0x4  startup_stm32f427xx.o [1]
  .text              ro code   0x800'9c8c      0x4  startup_stm32f427xx.o [1]
  .text              ro code   0x800'9c90      0x4  startup_stm32f427xx.o [1]
  .text              ro code   0x800'9c94      0x4  startup_stm32f427xx.o [1]
  .text              ro code   0x800'9c98      0x4  startup_stm32f427xx.o [1]
  .text              ro code   0x800'9c9c      0x4  startup_stm32f427xx.o [1]
  .text              ro code   0x800'9ca0      0x4  startup_stm32f427xx.o [1]
  .text              ro code   0x800'9ca4      0x4  startup_stm32f427xx.o [1]
  .text              ro code   0x800'9ca8      0x4  startup_stm32f427xx.o [1]
  .text              ro code   0x800'9cac      0x4  startup_stm32f427xx.o [1]
  .text              ro code   0x800'9cb0      0x4  startup_stm32f427xx.o [1]
  .text              ro code   0x800'9cb4      0x4  startup_stm32f427xx.o [1]
  .text              ro code   0x800'9cb8      0x4  startup_stm32f427xx.o [1]
  .text              ro code   0x800'9cbc      0x4  startup_stm32f427xx.o [1]
  .text              ro code   0x800'9cc0      0x4  startup_stm32f427xx.o [1]
  .rodata            const     0x800'9cc4      0x1  os_dbg.o [1]
  .rodata            const     0x800'9cc5      0x1  os_dbg.o [1]
  .rodata            const     0x800'9cc6      0x1  os_dbg.o [1]
  .rodata            const     0x800'9cc7      0x1  os_dbg.o [1]
  .rodata            const     0x800'9cc8      0x1  os_dbg.o [1]
  .rodata            const     0x800'9cc9      0x1  os_dbg.o [1]
  .rodata            const     0x800'9cca      0x1  os_dbg.o [1]
  .rodata            const     0x800'9ccb      0x1  os_dbg.o [1]
  .rodata            const     0x800'9ccc      0x1  os_dbg.o [1]
  .rodata            const     0x800'9ccd      0x1  os_dbg.o [1]
  .rodata            const     0x800'9cce      0x1  os_dbg.o [1]
  .rodata            const     0x800'9ccf      0x1  os_dbg.o [1]
  .rodata            const     0x800'9cd0      0x1  os_dbg.o [1]
  .rodata            const     0x800'9cd1      0x1  os_dbg.o [1]
  .rodata            const     0x800'9cd2      0x1  os_dbg.o [1]
  .rodata            const     0x800'9cd3      0x1  os_dbg.o [1]
  .rodata            const     0x800'9cd4      0x1  os_dbg.o [1]
  .rodata            const     0x800'9cd5      0x1  os_dbg.o [1]
  .rodata            const     0x800'9cd6      0x1  os_dbg.o [1]
  .rodata            const     0x800'9cd7      0x1  os_dbg.o [1]
  .rodata            const     0x800'9cd8      0x1  os_dbg.o [1]
  .rodata            const     0x800'9cd9      0x1  os_dbg.o [1]
  .rodata            const     0x800'9cda      0x1  os_dbg.o [1]
  .rodata            const     0x800'9cdb      0x1  os_dbg.o [1]
  .rodata            const     0x800'9cdc      0x1  os_dbg.o [1]
  .rodata            const     0x800'9cdd      0x1  os_dbg.o [1]
  .rodata            const     0x800'9cde      0x1  os_dbg.o [1]
  .text              ro code   0x800'9ce0      0x0  cstart_closeall.o [4]
  .rodata            const     0x800'9ce0      0x0  zero_init3.o [4]
  .rodata            const     0x800'9ce0      0x0  lz77_init.o [4]
  Initializer bytes  const     0x800'9ce0    0x8da  <for P4 s0>
                             - 0x800'a5ba   0xa40e

"P3":                                       0x2000
  CSTACK                      0x1000'0000   0x2000  <Block>
    CSTACK           uninit   0x1000'0000   0x2000  <Block tail>
                            - 0x1000'2000   0x2000

"P4", part 1 of 3:                           0xef8
  P4 s0                       0x2000'0000    0xef8  <Init block>
    .data            inited   0x2000'0000    0x960  RobotCtrl.o [1]
    .data            inited   0x2000'0960     0x48  xfiles.o [2]
    .data            inited   0x2000'09a8     0x48  xfiles.o [2]
    .data            inited   0x2000'09f0     0x48  xfiles.o [2]
    .data            inited   0x2000'0a38     0x38  xlocale_c.o [2]
    .data            inited   0x2000'0a70     0x20  C610.o [1]
    .data            inited   0x2000'0a90     0x20  C610.o [1]
    .data            inited   0x2000'0ab0     0x20  C610.o [1]
    .data            inited   0x2000'0ad0     0x20  C610.o [1]
    .data            inited   0x2000'0af0     0x20  C610.o [1]
    .data            inited   0x2000'0b10     0x20  C610.o [1]
    .data            inited   0x2000'0b30     0x20  C610.o [1]
    .data            inited   0x2000'0b50     0x20  C610.o [1]
    .data            inited   0x2000'0b70     0x20  C610.o [1]
    .data            inited   0x2000'0b90     0x20  C610.o [1]
    .data            inited   0x2000'0bb0     0x20  C610.o [1]
    .data            inited   0x2000'0bd0     0x20  C610.o [1]
    .data            inited   0x2000'0bf0     0x20  C610.o [1]
    .data            inited   0x2000'0c10     0x20  C610.o [1]
    .data            inited   0x2000'0c30     0x20  C610.o [1]
    .data            inited   0x2000'0c50     0x20  C610.o [1]
    .data            inited   0x2000'0c70     0x20  C620.o [1]
    .data            inited   0x2000'0c90     0x20  C620.o [1]
    .data            inited   0x2000'0cb0     0x20  C620.o [1]
    .data            inited   0x2000'0cd0     0x20  C620.o [1]
    .data            inited   0x2000'0cf0     0x20  C620.o [1]
    .data            inited   0x2000'0d10     0x20  C620.o [1]
    .data            inited   0x2000'0d30     0x20  C620.o [1]
    .data            inited   0x2000'0d50     0x20  C620.o [1]
    .data            inited   0x2000'0d70     0x20  C620.o [1]
    .data            inited   0x2000'0d90     0x20  C620.o [1]
    .data            inited   0x2000'0db0     0x20  C620.o [1]
    .data            inited   0x2000'0dd0     0x20  C620.o [1]
    .data            inited   0x2000'0df0     0x20  PID.o [1]
    .data            inited   0x2000'0e10     0x20  PID.o [1]
    .data            inited   0x2000'0e30     0x20  PID.o [1]
    .data            inited   0x2000'0e50     0x20  PID.o [1]
    .data            inited   0x2000'0e70     0x20  PID.o [1]
    .data            inited   0x2000'0e90     0x20  PID.o [1]
    .data            inited   0x2000'0eb0     0x20  xfiles.o [2]
    .data            inited   0x2000'0ed0     0x10  stm32f4xx_rcc.o [1]
    .data            inited   0x2000'0ee0      0xc  RobotCtrl.o [1]
    .data            inited   0x2000'0eec      0x4  RobotCtrl.o [1]
    .data            inited   0x2000'0ef0      0x4  RobotCtrl.o [1]
    .data            inited   0x2000'0ef4      0x4  RobotCtrl.o [1]
                            - 0x2000'0ef8    0xef8

"P4", part 2 of 3:                         0x15d5c
  .bss               zero     0x2000'0ef8   0xf000  lib_mem.o [1]
  .bss               zero     0x2000'fef8   0x4000  app.o [1]
  .bss               zero     0x2001'3ef8    0x800  app.o [1]
  .bss               zero     0x2001'46f8    0x800  app.o [1]
  .bss               zero     0x2001'4ef8    0x4b0  os_cfg_app.o [1]
  .bss               zero     0x2001'53a8    0x400  os_cfg_app.o [1]
  .bss               zero     0x2001'57a8    0x200  os_cfg_app.o [1]
  .bss               zero     0x2001'59a8    0x200  os_cfg_app.o [1]
  .bss               zero     0x2001'5ba8    0x200  os_cfg_app.o [1]
  .bss               zero     0x2001'5da8    0x1b0  C610.o [1]
  .bss               zero     0x2001'5f58    0x1b0  C620.o [1]
  .bss               zero     0x2001'6108    0x180  os_var.o [1]
  .bss               zero     0x2001'6288     0xb4  vesc.o [1]
  .bss               zero     0x2001'633c     0xb0  app.o [1]
  .bss               zero     0x2001'63ec     0xb0  app.o [1]
  .bss               zero     0x2001'649c     0xb0  app.o [1]
  .bss               zero     0x2001'654c     0xb0  os_var.o [1]
  .bss               zero     0x2001'65fc     0xb0  os_var.o [1]
  .bss               zero     0x2001'66ac     0xb0  os_var.o [1]
  .bss               zero     0x2001'675c     0x80  XShHandles.o [2]
  .bss               zero     0x2001'67dc     0x50  xfiles.o [2]
  .bss               zero     0x2001'682c     0x50  xfiles.o [2]
  .bss               zero     0x2001'687c     0x40  C610.o [1]
  .bss               zero     0x2001'68bc     0x40  C620.o [1]
  .bss               zero     0x2001'68fc     0x3c  RobotCtrl.o [1]
  .bss               zero     0x2001'6938     0x38  C610.o [1]
  .bss               zero     0x2001'6970     0x38  C620.o [1]
  .bss               zero     0x2001'69a8     0x30  RobotCtrl.o [1]
  .bss               zero     0x2001'69d8     0x2c  os_var.o [1]
  .bss               zero     0x2001'6a04     0x24  app.o [1]
  .bss               zero     0x2001'6a28     0x24  app.o [1]
  .bss               zero     0x2001'6a4c     0x24  app.o [1]
  .bss               zero     0x2001'6a70     0x24  r1v2.o [1]
  .bss               zero     0x2001'6a94     0x24  r1v2.o [1]
  .bss               zero     0x2001'6ab8     0x24  RobotCtrl.o [1]
  .bss               zero     0x2001'6adc     0x18  action.o [1]
  .bss               zero     0x2001'6af4     0x14  can.o [1]
  .bss               zero     0x2001'6b08     0x14  lib_mem.o [1]
  .bss               zero     0x2001'6b1c      0xc  os_var.o [1]
  .bss               zero     0x2001'6b28      0xc  RobotCtrl.o [1]
  .bss               zero     0x2001'6b34      0xc  RobotCtrl.o [1]
  .bss               zero     0x2001'6b40      0xc  RobotCtrl.o [1]
  .bss               zero     0x2001'6b4c      0xc  RobotCtrl.o [1]
  .bss               zero     0x2001'6b58      0xc  RobotCtrl.o [1]
  .bss               zero     0x2001'6b64      0x8  C610.o [1]
  .bss               zero     0x2001'6b6c      0x8  C620.o [1]
  .bss               zero     0x2001'6b74      0x4  C610.o [1]
  .bss               zero     0x2001'6b78      0x8  motor.o [1]
  .bss               zero     0x2001'6b80      0x8  os_var.o [1]
  .bss               zero     0x2001'6b88      0x8  os_var.o [1]
  .bss               zero     0x2001'6b90      0x8  vesc.o [1]
  .bss               zero     0x2001'6b98      0x8  heap0.o [2]
  .bss               zero     0x2001'6ba0      0x4  C620.o [1]
  .bss               zero     0x2001'6ba4      0x4  cpu_core.o [1]
  .bss               zero     0x2001'6ba8      0x4  lib_math.o [1]
  .bss               zero     0x2001'6bac      0x4  lib_mem.o [1]
  .bss               zero     0x2001'6bb0      0x4  motor.o [1]
  .bss               zero     0x2001'6bb4      0x4  motor.o [1]
  .bss               zero     0x2001'6bb8      0x4  motor.o [1]
  .bss               zero     0x2001'6bbc      0x4  motor.o [1]
  .bss               zero     0x2001'6bc0      0x4  motor.o [1]
  .bss               zero     0x2001'6bc4      0x4  motor.o [1]
  .bss               zero     0x2001'6bc8      0x4  motor.o [1]
  .bss               zero     0x2001'6bcc      0x4  os_cpu_c.o [1]
  .bss               zero     0x2001'6bd0      0x4  os_prio.o [1]
  .bss               zero     0x2001'6bd4      0x4  os_var.o [1]
  .bss               zero     0x2001'6bd8      0x4  os_var.o [1]
  .bss               zero     0x2001'6bdc      0x4  os_var.o [1]
  .bss               zero     0x2001'6be0      0x4  os_var.o [1]
  .bss               zero     0x2001'6be4      0x4  os_var.o [1]
  .bss               zero     0x2001'6be8      0x4  os_var.o [1]
  .bss               zero     0x2001'6bec      0x4  os_var.o [1]
  .bss               zero     0x2001'6bf0      0x4  os_var.o [1]
  .bss               zero     0x2001'6bf4      0x4  os_var.o [1]
  .bss               zero     0x2001'6bf8      0x4  os_var.o [1]
  .bss               zero     0x2001'6bfc      0x4  os_var.o [1]
  .bss               zero     0x2001'6c00      0x4  os_var.o [1]
  .bss               zero     0x2001'6c04      0x4  os_var.o [1]
  .bss               zero     0x2001'6c08      0x4  os_var.o [1]
  .bss               zero     0x2001'6c0c      0x4  os_var.o [1]
  .bss               zero     0x2001'6c10      0x4  os_var.o [1]
  .bss               zero     0x2001'6c14      0x4  RobotCtrl.o [1]
  .bss               zero     0x2001'6c18      0x4  RobotCtrl.o [1]
  .bss               zero     0x2001'6c1c      0x4  RobotCtrl.o [1]
  .bss               zero     0x2001'6c20      0x4  tim.o [1]
  .bss               zero     0x2001'6c24      0x4  vesc.o [1]
  .bss               zero     0x2001'6c28      0x4  xgetmemchunk.o [2]
  .bss               zero     0x2001'6c2c      0x4  xfail_s.o [2]
  .bss               zero     0x2001'6c30      0x2  app.o [1]
  .bss               zero     0x2001'6c32      0x2  motor.o [1]
  .bss               zero     0x2001'6c34      0x2  os_var.o [1]
  .bss               zero     0x2001'6c36      0x2  os_var.o [1]
  .bss               zero     0x2001'6c38      0x2  os_var.o [1]
  .bss               zero     0x2001'6c3a      0x2  os_var.o [1]
  .bss               zero     0x2001'6c3c      0x2  os_var.o [1]
  .bss               zero     0x2001'6c3e      0x2  os_var.o [1]
  .bss               zero     0x2001'6c40      0x2  os_var.o [1]
  .bss               zero     0x2001'6c42      0x1  action.o [1]
  .bss               zero     0x2001'6c43      0x1  action.o [1]
  .bss               zero     0x2001'6c44      0x1  action.o [1]
  .bss               zero     0x2001'6c45      0x1  app.o [1]
  .bss               zero     0x2001'6c46      0x1  can.o [1]
  .bss               zero     0x2001'6c47      0x1  can.o [1]
  .bss               zero     0x2001'6c48      0x1  can.o [1]
  .bss               zero     0x2001'6c49      0x1  can.o [1]
  .bss               zero     0x2001'6c4a      0x1  os_var.o [1]
  .bss               zero     0x2001'6c4b      0x1  os_var.o [1]
  .bss               zero     0x2001'6c4c      0x1  os_var.o [1]
  .bss               zero     0x2001'6c4d      0x1  os_var.o [1]
  .bss               zero     0x2001'6c4e      0x1  os_var.o [1]
  .bss               zero     0x2001'6c4f      0x1  os_var.o [1]
  .bss               zero     0x2001'6c50      0x1  os_var.o [1]
  .bss               zero     0x2001'6c51      0x1  r1v2.o [1]
  .bss               zero     0x2001'6c52      0x1  RobotCtrl.o [1]
                            - 0x2001'6c53  0x15d5b

"P4", part 3 of 3:                          0x2000
  HEAP                        0x2001'6c58   0x2000  <Block>
    HEAP             uninit   0x2001'6c58   0x2000  <Block tail>
                            - 0x2001'8c58   0x2000

Unused ranges:

         From           To       Size
         ----           --       ----
   0x800'a5ba   0x81f'ffff  0x1f'5a46
  0x1000'2000  0x1000'ffff     0xe000
  0x2001'6c54  0x2001'6c57        0x4
  0x2001'8c58  0x2001'bfff     0x33a8
  0x2001'c000  0x2001'ffff     0x4000
  0x2002'0000  0x2002'ffff   0x1'0000


*******************************************************************************
*** INIT TABLE
***

          Address      Size
          -------      ----
Zero (__iar_zero_init3)
    1 destination range, total size 0x15d5b:
          0x2000'0ef8  0x15d5b

Copy/lz77 (__iar_lz77_init3)
    1 source range, total size 0x8da (59% of destination):
           0x800'9ce0    0x8da
    1 destination range, total size 0xef8:
          0x2000'0000    0xef8



*******************************************************************************
*** MODULE SUMMARY
***

    Module                 ro code  ro data  rw data
    ------                 -------  -------  -------
command line/config:
    ------------------------------------------------
    Total:

D:\Kipper\program\RTS\RTS-2023\Debug\Obj: [1]
    BT.o                       212
    C610.o                   2 764      302    1 076
    C620.o                   2 148      227      948
    PID.o                    1 212      114      192
    RobotCtrl.o              2 636    1 458    2 641
    action.o                   568                27
    app.o                      520       92   21 119
    bsp.o                      132
    can.o                    1 288                24
    cpu_a.o                     52
    cpu_core.o                  36                 4
    led.o                      172
    lib_math.o                  32                 4
    lib_mem.o                  136        8   61 464
    misc.o                     128
    motor.o                    528                38
    os_cfg_app.o               148       88    3 760
    os_core.o                2 112       40
    os_cpu_a.o                 264
    os_cpu_c.o                 720                 4
    os_dbg.o                   416      337
    os_flag.o                  108
    os_mem.o                    28
    os_msg.o                   184
    os_mutex.o                 918
    os_prio.o                  116                 4
    os_sem.o                   266
    os_task.o                1 840        8
    os_tick.o                1 068       20
    os_time.o                  296
    os_tmr.o                   480       40
    os_var.o                                   1 069
    r1v2.o                     704                73
    startup_stm32f427xx.o      764
    stm32f4xx_can.o          1 556
    stm32f4xx_gpio.o           270
    stm32f4xx_it.o             276      276
    stm32f4xx_rcc.o            368        9       16
    stm32f4xx_tim.o            232
    stm32f4xx_usart.o          744
    system_stm32f4xx.o         324
    tim.o                      148                 4
    vesc.o                     136               192
    ------------------------------------------------
    Total:                  27 050    3 019   92 659

dl7M_tlf.a: [2]
    XShHandles.o               204               128
    abort.o                      6
    exit.o                       4
    fclose.o                   126
    fflush.o                   172
    fputc.o                     84
    fseek.o                     36
    heap0.o                    320                 8
    heaptramp0.o                 4
    low_level_init.o             4
    printf.o                    40
    putchar.o                   12
    xcloseall.o                 60
    xfail_s.o                   64                 4
    xfgpos.o                    12
    xfiles.o                            146      408
    xfofind.o                  140
    xfspos.o                   216
    xfwprep.o                  180
    xgetmemchunk.o              44                 4
    xlocale_c.o                  8       38       56
    xprintffull_nomb.o       3 570
    xprout.o                    22
    ------------------------------------------------
    Total:                   5 328      184      608

m7M_tls.a: [3]
    DblAdd.o                   378
    DblCmpEq.o                  32
    DblCmpGe.o                  46
    DblCmpLe.o                  46
    DblDiv.o                   582
    DblMul.o                   418
    DblSub.o                   226
    DblToFlt.o                 104
    DblToS32.o                  58
    DblToU32.o                  40
    FltToDbl.o                  72
    S32ToDbl.o                  34
    S64ToFlt.o                  88
    U32ToDbl.o                  26
    cos_sin64.o              1 092
    fpinit_M.o                  34
    frexp.o                    112
    ldexp.o                    314
    math_wrappers64.o           42
    sqrt.o                     258
    tan64.o                    944
    ------------------------------------------------
    Total:                   4 946

rt7M_tl.a: [4]
    ABImemcpy.o                166
    I64DivMod.o                560
    I64DivZer.o                  2
    cexit.o                     14
    cmain.o                     30
    cstart_closeall.o
    cstartup_M.o                12
    data_init.o                 40
    lz77_init.o                502
    memchr.o                    88
    strchr.o                    22
    strlen.o                    54
    zero_init3.o                58
    ------------------------------------------------
    Total:                   1 548

shb_l.a: [5]
    close.o                     24
    dwrite.o                    30
    exit.o                      20
    iarwrite.o                  34
    iarwstdswo.o                80
    lseek.o                     74
    remove.o                    20
    write.o                     16
    ------------------------------------------------
    Total:                     298

    Gaps                         1        8
    Linker created                       44   16 384
----------------------------------------------------
    Grand Total:            39 171    3 255  109 651


*******************************************************************************
*** ENTRY LIST
***

Entry                       Address    Size  Type      Object
-----                       -------    ----  ----      ------
.iar.init_table$$Base    0x800'98b8           --   Gb  - Linker created -
.iar.init_table$$Limit   0x800'98e4           --   Gb  - Linker created -
?main                    0x800'9929          Code  Gb  cmain.o [4]
APBAHBPrescTable        0x2000'0ed0    0x10  Data  Lc  stm32f4xx_rcc.o [1]
Action_Init              0x800'8401    0xbc  Code  Gb  action.o [1]
Aldata                  0x2001'6b98     0x8  Data  Lc  heap0.o [2]
BSP_CPU_ClkFreq          0x800'663d     0xe  Code  Gb  bsp.o [1]
BSP_Init                 0x800'6657    0x36  Code  Gb  bsp.o [1]
BSP_OSTickInit           0x800'664b     0xc  Code  Gb  bsp.o [1]
BT_usart3_init           0x800'6a2d    0xc4  Code  Gb  BT.o [1]
BusFault_Handler         0x800'9141     0x2  Code  Gb  stm32f4xx_it.o [1]
CAN1_Init                0x800'2c9d   0x10e  Code  Gb  can.o [1]
CAN1_RX0_IRQHandler      0x800'2f8d    0x92  Code  Gb  can.o [1]
CAN1_RX0_IRQHandler::overrun
                        0x2001'6c46     0x1  Data  Lc  can.o [1]
CAN1_RX1_IRQHandler      0x800'301f    0x92  Code  Gb  can.o [1]
CAN1_RX1_IRQHandler::overrun
                        0x2001'6c47     0x1  Data  Lc  can.o [1]
CAN1_Send_Msg            0x800'2f03    0x48  Code  Gb  can.o [1]
CAN2_Init                0x800'2dab   0x158  Code  Gb  can.o [1]
CAN2_RX0_IRQHandler      0x800'30b1    0x68  Code  Gb  can.o [1]
CAN2_RX0_IRQHandler::overrun
                        0x2001'6c48     0x1  Data  Lc  can.o [1]
CAN2_RX1_IRQHandler      0x800'3119    0x68  Code  Gb  can.o [1]
CAN2_RX1_IRQHandler::overrun
                        0x2001'6c49     0x1  Data  Lc  can.o [1]
CAN2_Send_Msg            0x800'2f4b    0x42  Code  Gb  can.o [1]
CAN_ClearITPendingBit    0x800'3a29    0x92  Code  Gb  stm32f4xx_can.o [1]
CAN_FilterInit           0x800'35df    0xda  Code  Gb  stm32f4xx_can.o [1]
CAN_GetITStatus          0x800'3941    0xe8  Code  Gb  stm32f4xx_can.o [1]
CAN_ITConfig             0x800'3929    0x18  Code  Gb  stm32f4xx_can.o [1]
CAN_Init                 0x800'34d5   0x10a  Code  Gb  stm32f4xx_can.o [1]
CAN_Receive              0x800'3825   0x104  Code  Gb  stm32f4xx_can.o [1]
CAN_StructInit           0x800'36b9    0x2e  Code  Gb  stm32f4xx_can.o [1]
CAN_Transmit             0x800'36e7   0x13e  Code  Gb  stm32f4xx_can.o [1]
CH                      0x2001'6a94    0x24  Data  Gb  r1v2.o [1]
CPU_CntLeadZeros         0x800'6627          Code  Gb  cpu_a.o [1]
CPU_CntTrailZeros        0x800'662d          Code  Gb  cpu_a.o [1]
CPU_Init                 0x800'6125     0x8  Code  Gb  cpu_core.o [1]
CPU_IntDis               0x800'6609          Code  Gb  cpu_a.o [1]
CPU_IntEn                0x800'660d          Code  Gb  cpu_a.o [1]
CPU_RevBits              0x800'6637          Code  Gb  cpu_a.o [1]
CPU_SR_Restore           0x800'6619          Code  Gb  cpu_a.o [1]
CPU_SR_Save              0x800'6611          Code  Gb  cpu_a.o [1]
CPU_SW_Exception         0x800'612d     0x2  Code  Gb  cpu_core.o [1]
CPU_TS_Init              0x800'6135     0xe  Code  Lc  cpu_core.o [1]
CPU_TS_TmrFreqSet        0x800'612f     0x6  Code  Gb  cpu_core.o [1]
CPU_TS_TmrFreq_Hz       0x2001'6ba4     0x4  Data  Gb  cpu_core.o [1]
CPU_TS_TmrInit           0x800'668d    0x26  Code  Gb  bsp.o [1]
CPU_WaitForExcept        0x800'6623          Code  Gb  cpu_a.o [1]
CPU_WaitForInt           0x800'661f          Code  Gb  cpu_a.o [1]
CSTACK$$Base            0x1000'0000           --   Gb  - Linker created -
CSTACK$$Limit           0x1000'2000           --   Gb  - Linker created -
CheckITStatus            0x800'3ad9    0x10  Code  Lc  stm32f4xx_can.o [1]
DebugMon_Handler         0x800'9147     0x2  Code  Gb  stm32f4xx_it.o [1]
Expect_Line_Create_Flag
                        0x2001'6c18     0x4  Data  Gb  RobotCtrl.o [1]
FeedbackData            0x2001'6c52     0x1  Data  Gb  RobotCtrl.o [1]
Formula_4Omni            0x800'6ff3   0x128  Code  Gb  RobotCtrl.o [1]
Formula_World2Robo       0x800'6f65    0x8e  Code  Gb  RobotCtrl.o [1]
GPIO_Init                0x800'33c5    0xa8  Code  Gb  stm32f4xx_gpio.o [1]
GPIO_PinAFConfig         0x800'347f    0x54  Code  Gb  stm32f4xx_gpio.o [1]
GPIO_ResetBits           0x800'3471     0x4  Code  Gb  stm32f4xx_gpio.o [1]
GPIO_SetBits             0x800'346d     0x4  Code  Gb  stm32f4xx_gpio.o [1]
GPIO_ToggleBits          0x800'3475     0xa  Code  Gb  stm32f4xx_gpio.o [1]
HEAP$$Base              0x2001'6c58           --   Gb  - Linker created -
HEAP$$Limit             0x2001'8c58           --   Gb  - Linker created -
HardFault_Handler        0x800'912d    0x12  Code  Gb  stm32f4xx_it.o [1]
InStream_Read            0x800'8ba1    0x28  Code  Lc  lz77_init.o [4]
InStream_StepRegion      0x800'8b8d    0x14  Code  Lc  lz77_init.o [4]
InitStatus              0x2001'6a4c    0x24  Data  Gb  app.o [1]
LED1_Init                0x800'66c1    0x32  Code  Gb  led.o [1]
LED2_Init                0x800'66f3    0x32  Code  Gb  led.o [1]
Line_Point_is_Near       0x800'7323    0xcc  Code  Gb  RobotCtrl.o [1]
Line_Precision          0x2000'0ef0     0x4  Data  Gb  RobotCtrl.o [1]
LoRa_Init                0x800'6af1     0x8  Code  Gb  BT.o [1]
LoadInt                  0x800'035b    0x7a  Code  Lc  xprintffull_nomb.o [2]
MOTOR                   0x2001'5f58   0x1b0  Data  Gb  C620.o [1]
MOTOR_C610              0x2001'5da8   0x1b0  Data  Gb  C610.o [1]
MOTOR_DEAD_VAL           0x800'9b78     0x4  Data  Gb  RobotCtrl.o [1]
MOTOR_MAX_SPEED          0x800'9b7c     0x4  Data  Gb  RobotCtrl.o [1]
MOTOR_V                 0x2001'6288    0xb4  Data  Gb  vesc.o [1]
Math_Init                0x800'8ad9     0xa  Code  Gb  lib_math.o [1]
Math_RandSeedCur        0x2001'6ba8     0x4  Data  Gb  lib_math.o [1]
Math_RandSetSeed         0x800'8ae3    0x12  Code  Gb  lib_math.o [1]
MemManage_Handler        0x800'913f     0x2  Code  Gb  stm32f4xx_it.o [1]
Mem_Heap                0x2000'0ef8  0xf000  Data  Gb  lib_mem.o [1]
Mem_Init                 0x800'8a51    0x38  Code  Gb  lib_mem.o [1]
Mem_SegCreate            0x800'8a89    0x22  Code  Gb  lib_mem.o [1]
Mem_SegCreateCritical    0x800'8aab    0x1e  Code  Lc  lib_mem.o [1]
Mem_SegHeadPtr          0x2001'6bac     0x4  Data  Gb  lib_mem.o [1]
Mem_SegHeap             0x2001'6b08    0x14  Data  Gb  lib_mem.o [1]
Motor1PID               0x2000'0c70    0x20  Data  Gb  C620.o [1]
Motor1PID_C610          0x2000'0a70    0x20  Data  Gb  C610.o [1]
Motor2PID               0x2000'0c90    0x20  Data  Gb  C620.o [1]
Motor2PID_C610          0x2000'0a90    0x20  Data  Gb  C610.o [1]
Motor3PID               0x2000'0cb0    0x20  Data  Gb  C620.o [1]
Motor3PID_C610          0x2000'0ab0    0x20  Data  Gb  C610.o [1]
Motor4PID               0x2000'0cd0    0x20  Data  Gb  C620.o [1]
Motor4PID_C610          0x2000'0ad0    0x20  Data  Gb  C610.o [1]
Motor5PID               0x2000'0cf0    0x20  Data  Gb  C620.o [1]
Motor5PID_C610          0x2000'0af0    0x20  Data  Gb  C610.o [1]
Motor6PID               0x2000'0d10    0x20  Data  Gb  C620.o [1]
Motor6PID_C610          0x2000'0b10    0x20  Data  Gb  C610.o [1]
Motor7PID               0x2000'0d30    0x20  Data  Gb  C620.o [1]
Motor7PID_C610          0x2000'0b30    0x20  Data  Gb  C610.o [1]
Motor8PID               0x2000'0d50    0x20  Data  Gb  C620.o [1]
Motor8PID_C610          0x2000'0b50    0x20  Data  Gb  C610.o [1]
MotorData               0x2001'6b6c     0x8  Data  Gb  C620.o [1]
MotorData_C610          0x2001'6b64     0x8  Data  Gb  C610.o [1]
MotorData_send          0x2001'68bc    0x40  Data  Gb  C620.o [1]
MotorData_send_C610     0x2001'687c    0x40  Data  Gb  C610.o [1]
MotorData_v             0x2001'6b90     0x8  Data  Gb  vesc.o [1]
MotorPID1_C610          0x2000'0b70    0x20  Data  Gb  C610.o [1]
MotorPID2_C610          0x2000'0b90    0x20  Data  Gb  C610.o [1]
MotorPID3_C610          0x2000'0bb0    0x20  Data  Gb  C610.o [1]
MotorPID4_C610          0x2000'0bd0    0x20  Data  Gb  C610.o [1]
MotorPID5               0x2000'0d70    0x20  Data  Gb  C620.o [1]
MotorPID5_C610          0x2000'0bf0    0x20  Data  Gb  C610.o [1]
MotorPID6               0x2000'0d90    0x20  Data  Gb  C620.o [1]
MotorPID6_C610          0x2000'0c10    0x20  Data  Gb  C610.o [1]
MotorPID7               0x2000'0db0    0x20  Data  Gb  C620.o [1]
MotorPID7_C610          0x2000'0c30    0x20  Data  Gb  C610.o [1]
MotorPID8               0x2000'0dd0    0x20  Data  Gb  C620.o [1]
MotorPID8_C610          0x2000'0c50    0x20  Data  Gb  C610.o [1]
MotorVal                0x2001'6970    0x38  Data  Gb  C620.o [1]
MotorVal_C610           0x2001'6938    0x38  Data  Gb  C610.o [1]
Motor_Analyze            0x800'43a9   0x1d2  Code  Gb  C620.o [1]
Motor_Analyze::i        0x2001'6ba0     0x4  Data  Lc  C620.o [1]
Motor_Analyze_C610       0x800'1cbd   0x1d2  Code  Gb  C610.o [1]
Motor_Analyze_C610::i   0x2001'6b74     0x4  Data  Lc  C610.o [1]
Motor_Analyze_vesc       0x800'4c0d    0x7c  Code  Gb  vesc.o [1]
Motor_Analyze_vesc::i   0x2001'6c24     0x4  Data  Lc  vesc.o [1]
Motor_Position_Ctrl      0x800'4731   0x308  Code  Gb  C620.o [1]
Motor_Position_Ctrl_C610
                         0x800'2045   0x61e  Code  Gb  C610.o [1]
Motor_Speed_Ctrl_C610    0x800'1e8f   0x1b6  Code  Gb  C610.o [1]
Motor_Speed_Ctrl_C620    0x800'457b   0x1b6  Code  Gb  C620.o [1]
NMI_Handler              0x800'9035     0x2  Code  Gb  stm32f4xx_it.o [1]
NVIC_Init                0x800'3af3    0x62  Code  Gb  misc.o [1]
NVIC_PriorityGroupConfig
                         0x800'3ae9     0xa  Code  Gb  misc.o [1]
Navigation               0x800'73f1   0x476  Code  Gb  RobotCtrl.o [1]
NavigationPID           0x2000'0e10    0x20  Data  Gb  PID.o [1]
NavigationTPID          0x2000'0e50    0x20  Data  Gb  PID.o [1]
NavigationWPID          0x2000'0e30    0x20  Data  Gb  PID.o [1]
Navigation_Point_Order  0x2001'6c14     0x4  Data  Gb  RobotCtrl.o [1]
Navigation_Set          0x2000'0000   0x960  Data  Gb  RobotCtrl.o [1]
OSCfg_DataSizeRAM        0x800'9b68     0x4  Data  Gb  os_cfg_app.o [1]
OSCfg_ISRStk            0x2001'53a8   0x400  Data  Gb  os_cfg_app.o [1]
OSCfg_ISRStkBasePtr      0x800'9b28     0x4  Data  Gb  os_cfg_app.o [1]
OSCfg_ISRStkSize         0x800'9b2c     0x4  Data  Gb  os_cfg_app.o [1]
OSCfg_ISRStkSizeRAM      0x800'9b30     0x4  Data  Gb  os_cfg_app.o [1]
OSCfg_IdleTaskStk       0x2001'57a8   0x200  Data  Gb  os_cfg_app.o [1]
OSCfg_IdleTaskStkBasePtr
                         0x800'9b18     0x4  Data  Gb  os_cfg_app.o [1]
OSCfg_IdleTaskStkLimit   0x800'9b1c     0x4  Data  Gb  os_cfg_app.o [1]
OSCfg_IdleTaskStkSize    0x800'9b20     0x4  Data  Gb  os_cfg_app.o [1]
OSCfg_IdleTaskStkSizeRAM
                         0x800'9b24     0x4  Data  Gb  os_cfg_app.o [1]
OSCfg_Init               0x800'5f89    0x94  Code  Gb  os_cfg_app.o [1]
OSCfg_MsgPool           0x2001'4ef8   0x4b0  Data  Gb  os_cfg_app.o [1]
OSCfg_MsgPoolBasePtr     0x800'9b38     0x4  Data  Gb  os_cfg_app.o [1]
OSCfg_MsgPoolSize        0x800'0fee     0x2  Data  Gb  os_cfg_app.o [1]
OSCfg_MsgPoolSizeRAM     0x800'9b34     0x4  Data  Gb  os_cfg_app.o [1]
OSCfg_StkSizeMin         0x800'9b3c     0x4  Data  Gb  os_cfg_app.o [1]
OSCfg_TickRate_Hz        0x800'9b40     0x4  Data  Gb  os_cfg_app.o [1]
OSCfg_TickTaskPrio       0x800'941e     0x1  Data  Gb  os_cfg_app.o [1]
OSCfg_TickTaskStk       0x2001'59a8   0x200  Data  Gb  os_cfg_app.o [1]
OSCfg_TickTaskStkBasePtr
                         0x800'9b44     0x4  Data  Gb  os_cfg_app.o [1]
OSCfg_TickTaskStkLimit   0x800'9b48     0x4  Data  Gb  os_cfg_app.o [1]
OSCfg_TickTaskStkSize    0x800'9b4c     0x4  Data  Gb  os_cfg_app.o [1]
OSCfg_TickTaskStkSizeRAM
                         0x800'9b50     0x4  Data  Gb  os_cfg_app.o [1]
OSCfg_TmrTaskPrio        0x800'941f     0x1  Data  Gb  os_cfg_app.o [1]
OSCfg_TmrTaskRate_Hz     0x800'9b54     0x4  Data  Gb  os_cfg_app.o [1]
OSCfg_TmrTaskStk        0x2001'5ba8   0x200  Data  Gb  os_cfg_app.o [1]
OSCfg_TmrTaskStkBasePtr
                         0x800'9b58     0x4  Data  Gb  os_cfg_app.o [1]
OSCfg_TmrTaskStkLimit    0x800'9b5c     0x4  Data  Gb  os_cfg_app.o [1]
OSCfg_TmrTaskStkSize     0x800'9b60     0x4  Data  Gb  os_cfg_app.o [1]
OSCfg_TmrTaskStkSizeRAM
                         0x800'9b64     0x4  Data  Gb  os_cfg_app.o [1]
OSCtxSw                  0x800'60b5          Code  Gb  os_cpu_a.o [1]
OSDbg_AppHooksEn         0x800'96fa     0x1  Data  Gb  os_dbg.o [1]
OSDbg_ArgChkEn           0x800'956b     0x1  Data  Gb  os_dbg.o [1]
OSDbg_CalledFromISRChkEn
                         0x800'96fb     0x1  Data  Gb  os_dbg.o [1]
OSDbg_DataSize           0x800'9b74     0x4  Data  Gb  os_dbg.o [1]
OSDbg_DbgEn              0x800'956a     0x1  Data  Gb  os_dbg.o [1]
OSDbg_EndiannessTest     0x800'9b6c     0x4  Data  Gb  os_dbg.o [1]
OSDbg_FlagDelEn          0x800'98e5     0x1  Data  Gb  os_dbg.o [1]
OSDbg_FlagEn             0x800'98e4     0x1  Data  Gb  os_dbg.o [1]
OSDbg_FlagGrp            0x800'984c    0x24  Data  Gb  os_dbg.o [1]
OSDbg_FlagGrpSize        0x800'1066     0x2  Data  Gb  os_dbg.o [1]
OSDbg_FlagModeClrEn      0x800'994e     0x1  Data  Gb  os_dbg.o [1]
OSDbg_FlagPendAbortEn    0x800'994f     0x1  Data  Gb  os_dbg.o [1]
OSDbg_FlagWidth          0x800'1492     0x2  Data  Gb  os_dbg.o [1]
OSDbg_ISRPostDeferredEn
                         0x800'995e     0x1  Data  Gb  os_dbg.o [1]
OSDbg_Mem                0x800'98e8    0x20  Data  Gb  os_dbg.o [1]
OSDbg_MemEn              0x800'995f     0x1  Data  Gb  os_dbg.o [1]
OSDbg_MemSize            0x800'153a     0x2  Data  Gb  os_dbg.o [1]
OSDbg_MsgEn              0x800'998e     0x1  Data  Gb  os_dbg.o [1]
OSDbg_MsgPoolSize        0x800'160a     0x2  Data  Gb  os_dbg.o [1]
OSDbg_MsgQSize           0x800'1746     0x2  Data  Gb  os_dbg.o [1]
OSDbg_MsgSize            0x800'15da     0x2  Data  Gb  os_dbg.o [1]
OSDbg_Mutex              0x800'97f8    0x2c  Data  Gb  os_dbg.o [1]
OSDbg_MutexDelEn         0x800'9cc4     0x1  Data  Gb  os_dbg.o [1]
OSDbg_MutexEn            0x800'998f     0x1  Data  Gb  os_dbg.o [1]
OSDbg_MutexPendAbortEn   0x800'9cc5     0x1  Data  Gb  os_dbg.o [1]
OSDbg_MutexSize          0x800'1782     0x2  Data  Gb  os_dbg.o [1]
OSDbg_ObjTypeChkEn       0x800'9cc6     0x1  Data  Gb  os_dbg.o [1]
OSDbg_PendDataSize       0x800'17a6     0x2  Data  Gb  os_dbg.o [1]
OSDbg_PendListSize       0x800'188a     0x2  Data  Gb  os_dbg.o [1]
OSDbg_PendMultiEn        0x800'9cc7     0x1  Data  Gb  os_dbg.o [1]
OSDbg_PendObjSize        0x800'1ad2     0x2  Data  Gb  os_dbg.o [1]
OSDbg_PrioMax            0x800'1b16     0x2  Data  Gb  os_dbg.o [1]
OSDbg_PrioTblSize        0x800'1b26     0x2  Data  Gb  os_dbg.o [1]
OSDbg_PtrSize            0x800'1b2a     0x2  Data  Gb  os_dbg.o [1]
OSDbg_Q                  0x800'9738    0x30  Data  Gb  os_dbg.o [1]
OSDbg_QDelEn             0x800'9cc9     0x1  Data  Gb  os_dbg.o [1]
OSDbg_QEn                0x800'9cc8     0x1  Data  Gb  os_dbg.o [1]
OSDbg_QFlushEn           0x800'9cca     0x1  Data  Gb  os_dbg.o [1]
OSDbg_QPendAbortEn       0x800'9ccb     0x1  Data  Gb  os_dbg.o [1]
OSDbg_QSize              0x800'1ca6     0x2  Data  Gb  os_dbg.o [1]
OSDbg_RdyList            0x800'6606     0x2  Data  Gb  os_dbg.o [1]
OSDbg_RdyListSize        0x800'9b70     0x4  Data  Gb  os_dbg.o [1]
OSDbg_SchedRoundRobinEn
                         0x800'9ccc     0x1  Data  Gb  os_dbg.o [1]
OSDbg_Sem                0x800'9870    0x24  Data  Gb  os_dbg.o [1]
OSDbg_SemDelEn           0x800'9cce     0x1  Data  Gb  os_dbg.o [1]
OSDbg_SemEn              0x800'9ccd     0x1  Data  Gb  os_dbg.o [1]
OSDbg_SemPendAbortEn     0x800'9ccf     0x1  Data  Gb  os_dbg.o [1]
OSDbg_SemSetEn           0x800'9cd0     0x1  Data  Gb  os_dbg.o [1]
OSDbg_SemSize            0x800'34d2     0x2  Data  Gb  os_dbg.o [1]
OSDbg_StatTaskEn         0x800'9cd2     0x1  Data  Gb  os_dbg.o [1]
OSDbg_StatTaskStkChkEn   0x800'9cd3     0x1  Data  Gb  os_dbg.o [1]
OSDbg_StkWidth           0x800'9cd1     0x1  Data  Gb  os_dbg.o [1]
OSDbg_TCBSize            0x800'7ae6     0x2  Data  Gb  os_dbg.o [1]
OSDbg_TaskChangePrioEn   0x800'9cd4     0x1  Data  Gb  os_dbg.o [1]
OSDbg_TaskDelEn          0x800'9cd5     0x1  Data  Gb  os_dbg.o [1]
OSDbg_TaskProfileEn      0x800'9cd8     0x1  Data  Gb  os_dbg.o [1]
OSDbg_TaskQEn            0x800'9cd6     0x1  Data  Gb  os_dbg.o [1]
OSDbg_TaskQPendAbortEn   0x800'9cd7     0x1  Data  Gb  os_dbg.o [1]
OSDbg_TaskRegTblSize     0x800'79da     0x2  Data  Gb  os_dbg.o [1]
OSDbg_TaskSemPendAbortEn
                         0x800'9cd9     0x1  Data  Gb  os_dbg.o [1]
OSDbg_TaskSuspendEn      0x800'9cda     0x1  Data  Gb  os_dbg.o [1]
OSDbg_TickListSize       0x800'7bea     0x2  Data  Gb  os_dbg.o [1]
OSDbg_TimeDlyHMSMEn      0x800'9cdb     0x1  Data  Gb  os_dbg.o [1]
OSDbg_TimeDlyResumeEn    0x800'9cdc     0x1  Data  Gb  os_dbg.o [1]
OSDbg_Tmr                0x800'9768    0x30  Data  Gb  os_dbg.o [1]
OSDbg_TmrDelEn           0x800'9cde     0x1  Data  Gb  os_dbg.o [1]
OSDbg_TmrEn              0x800'9cdd     0x1  Data  Gb  os_dbg.o [1]
OSDbg_TmrSize            0x800'8d82     0x2  Data  Gb  os_dbg.o [1]
OSDbg_VersionNbr         0x800'9332     0x2  Data  Gb  os_dbg.o [1]
OSFlagCreate             0x800'8af9    0x3a  Code  Gb  os_flag.o [1]
OSFlagDbgListPtr        0x2001'6bd8     0x4  Data  Gb  os_var.o [1]
OSFlagQty               0x2001'6c34     0x2  Data  Gb  os_var.o [1]
OSIdleTaskCtr           0x2001'6bd4     0x4  Data  Gb  os_var.o [1]
OSIdleTaskTCB           0x2001'654c    0xb0  Data  Gb  os_var.o [1]
OSInit                   0x800'3b69   0x114  Code  Gb  os_core.o [1]
OSInitHook               0x800'4c95    0x2a  Code  Gb  os_cpu_c.o [1]
OSInitialized           0x2001'6c4c     0x1  Data  Gb  os_var.o [1]
OSIntCtxSw               0x800'60bd          Code  Gb  os_cpu_a.o [1]
OSIntEnter               0x800'3c7d    0x1c  Code  Gb  os_core.o [1]
OSIntExit                0x800'3c99    0xc4  Code  Gb  os_core.o [1]
OSIntNestingCtr         0x2001'6c4a     0x1  Data  Gb  os_var.o [1]
OSMemDbgListPtr         0x2001'6bdc     0x4  Data  Gb  os_var.o [1]
OSMemQty                0x2001'6c36     0x2  Data  Gb  os_var.o [1]
OSMsgPool               0x2001'6b1c     0xc  Data  Gb  os_var.o [1]
OSMutexCreate            0x800'6271    0x46  Code  Gb  os_mutex.o [1]
OSMutexDbgListPtr       0x2001'6be0     0x4  Data  Gb  os_var.o [1]
OSMutexPend              0x800'62b7   0x12c  Code  Gb  os_mutex.o [1]
OSMutexPost              0x800'63e3   0x132  Code  Gb  os_mutex.o [1]
OSMutexQty              0x2001'6c38     0x2  Data  Gb  os_var.o [1]
OSPrioCur               0x2001'6c4d     0x1  Data  Gb  os_var.o [1]
OSPrioHighRdy           0x2001'6c4e     0x1  Data  Gb  os_var.o [1]
OSPrioTbl               0x2001'6bd0     0x4  Data  Gb  os_prio.o [1]
OSQDbgListPtr           0x2001'6be4     0x4  Data  Gb  os_var.o [1]
OSQQty                  0x2001'6c3a     0x2  Data  Gb  os_var.o [1]
OSRdyList               0x2001'6108   0x180  Data  Gb  os_var.o [1]
OSRedzoneHitHook         0x800'4cbf     0x8  Code  Gb  os_cpu_c.o [1]
OSRunning               0x2001'6c4b     0x1  Data  Gb  os_var.o [1]
OSSched                  0x800'3d5d    0x72  Code  Gb  os_core.o [1]
OSSchedLock              0x800'3dcf    0x3c  Code  Gb  os_core.o [1]
OSSchedLockNestingCtr   0x2001'6c4f     0x1  Data  Gb  os_var.o [1]
OSSchedUnlock            0x800'3e0b    0x56  Code  Gb  os_core.o [1]
OSSemCreate              0x800'79dd    0x36  Code  Gb  os_sem.o [1]
OSSemDbgListPtr         0x2001'6be8     0x4  Data  Gb  os_var.o [1]
OSSemPost                0x800'7a13    0x20  Code  Gb  os_sem.o [1]
OSSemQty                0x2001'6c3c     0x2  Data  Gb  os_var.o [1]
OSStart                  0x800'3e61    0x80  Code  Gb  os_core.o [1]
OSStartHighRdy           0x800'603b          Code  Gb  os_cpu_a.o [1]
OSTCBCurPtr             0x2001'6c0c     0x4  Data  Gb  os_var.o [1]
OSTCBHighRdyPtr         0x2001'6c10     0x4  Data  Gb  os_var.o [1]
OSTaskCreate             0x800'4f65   0x142  Code  Gb  os_task.o [1]
OSTaskCreateHook         0x800'4cc7     0x2  Code  Gb  os_cpu_c.o [1]
OSTaskCtxSwCtr          0x2001'6bec     0x4  Data  Gb  os_var.o [1]
OSTaskDbgListPtr        0x2001'6bf0     0x4  Data  Gb  os_var.o [1]
OSTaskDel                0x800'50a7   0x152  Code  Gb  os_task.o [1]
OSTaskDelHook            0x800'4cc9     0x2  Code  Gb  os_cpu_c.o [1]
OSTaskQty               0x2001'6c3e     0x2  Data  Gb  os_var.o [1]
OSTaskRegNextAvailID    0x2001'6c50     0x1  Data  Gb  os_var.o [1]
OSTaskReturnHook         0x800'4ccb     0x2  Code  Gb  os_cpu_c.o [1]
OSTaskSemPend            0x800'51f9    0xb2  Code  Gb  os_task.o [1]
OSTaskSemPost            0x800'52ab     0xe  Code  Gb  os_task.o [1]
OSTaskStkInit            0x800'4ccd   0x15e  Code  Gb  os_cpu_c.o [1]
OSTaskStkRedzoneChk      0x800'52b9    0x32  Code  Gb  os_task.o [1]
OSTaskSwHook             0x800'4e2b    0x5c  Code  Gb  os_cpu_c.o [1]
OSTickCtr               0x2001'6bf4     0x4  Data  Gb  os_var.o [1]
OSTickListDly           0x2001'6b80     0x8  Data  Gb  os_var.o [1]
OSTickListTimeout       0x2001'6b88     0x8  Data  Gb  os_var.o [1]
OSTickTaskTCB           0x2001'65fc    0xb0  Data  Gb  os_var.o [1]
OSTimeDlyHMSM            0x800'6149    0xd2  Code  Gb  os_time.o [1]
OSTimeTick               0x800'621b    0x38  Code  Gb  os_time.o [1]
OSTimeTickHook           0x800'4e87     0x2  Code  Gb  os_cpu_c.o [1]
OSTmrDbgListPtr         0x2001'6bf8     0x4  Data  Gb  os_var.o [1]
OSTmrListEntries        0x2001'6c40     0x2  Data  Gb  os_var.o [1]
OSTmrListPtr            0x2001'6bfc     0x4  Data  Gb  os_var.o [1]
OSTmrMutex              0x2001'69d8    0x2c  Data  Gb  os_var.o [1]
OSTmrTaskTCB            0x2001'66ac    0xb0  Data  Gb  os_var.o [1]
OSTmrTickCtr            0x2001'6c00     0x4  Data  Gb  os_var.o [1]
OSTmrUpdateCnt          0x2001'6c04     0x4  Data  Gb  os_var.o [1]
OSTmrUpdateCtr          0x2001'6c08     0x4  Data  Gb  os_var.o [1]
OS_CPU_ExceptStkBase    0x2001'6bcc     0x4  Data  Gb  os_cpu_c.o [1]
OS_CPU_FP_Reg_Pop        0x800'602f          Code  Gb  os_cpu_a.o [1]
OS_CPU_FP_Reg_Push       0x800'601d          Code  Gb  os_cpu_a.o [1]
OS_CPU_SysTickInit       0x800'4ea5    0x2c  Code  Gb  os_cpu_c.o [1]
OS_Dbg_Init              0x800'5de9   0x1a0  Code  Gb  os_dbg.o [1]
OS_FlagDbgListAdd        0x800'8b33    0x22  Code  Gb  os_flag.o [1]
OS_IdleTask              0x800'3ee1    0x18  Code  Gb  os_core.o [1]
OS_IdleTaskInit          0x800'3ef9    0x50  Code  Gb  os_core.o [1]
OS_MemInit               0x800'5709    0x12  Code  Gb  os_mem.o [1]
OS_MsgPoolInit           0x800'5725    0x5a  Code  Gb  os_msg.o [1]
OS_MsgQFreeAll           0x800'577f    0x3e  Code  Gb  os_msg.o [1]
OS_MsgQInit              0x800'57bd    0x14  Code  Gb  os_msg.o [1]
OS_MutexDbgListAdd       0x800'6515    0x22  Code  Gb  os_mutex.o [1]
OS_MutexGrpAdd           0x800'6555     0x8  Code  Gb  os_mutex.o [1]
OS_MutexGrpPostAll       0x800'65ad    0x5a  Code  Gb  os_mutex.o [1]
OS_MutexGrpPrioFindHighest
                         0x800'6573    0x3a  Code  Gb  os_mutex.o [1]
OS_MutexGrpRemove        0x800'655d    0x16  Code  Gb  os_mutex.o [1]
OS_Pend                  0x800'3f49    0x4e  Code  Gb  os_core.o [1]
OS_PendDataInit          0x800'3f97    0x1a  Code  Gb  os_core.o [1]
OS_PendDbgNameAdd        0x800'3fb1    0x42  Code  Gb  os_core.o [1]
OS_PendDbgNameRemove     0x800'3ff3    0x20  Code  Gb  os_core.o [1]
OS_PendListChangePrio    0x800'4013    0x34  Code  Gb  os_core.o [1]
OS_PendListInit          0x800'4047     0xe  Code  Gb  os_core.o [1]
OS_PendListInsertPrio    0x800'4055    0x72  Code  Gb  os_core.o [1]
OS_PendListRemove        0x800'40c7    0x2c  Code  Gb  os_core.o [1]
OS_PendListRemove1       0x800'40f3    0x4a  Code  Gb  os_core.o [1]
OS_Post                  0x800'413d    0xa4  Code  Gb  os_core.o [1]
OS_PrioGetHighest        0x800'56a9    0x14  Code  Gb  os_prio.o [1]
OS_PrioInit              0x800'5695    0x14  Code  Gb  os_prio.o [1]
OS_PrioInsert            0x800'56bd    0x22  Code  Gb  os_prio.o [1]
OS_PrioRemove            0x800'56df    0x24  Code  Gb  os_prio.o [1]
OS_RdyListInit           0x800'41e1    0x22  Code  Gb  os_core.o [1]
OS_RdyListInsert         0x800'4203    0x28  Code  Gb  os_core.o [1]
OS_RdyListInsertHead     0x800'4231    0x3a  Code  Gb  os_core.o [1]
OS_RdyListInsertTail     0x800'426b    0x38  Code  Gb  os_core.o [1]
OS_RdyListRemove         0x800'42a3    0x5c  Code  Gb  os_core.o [1]
OS_SemDbgListAdd         0x800'7a33    0x22  Code  Gb  os_sem.o [1]
OS_SemPost               0x800'7a65    0x82  Code  Gb  os_sem.o [1]
OS_TaskBlock             0x800'42ff    0x28  Code  Gb  os_core.o [1]
OS_TaskChangePrio        0x800'5595    0xe2  Code  Gb  os_task.o [1]
OS_TaskDbgListAdd        0x800'52eb    0x28  Code  Gb  os_task.o [1]
OS_TaskDbgListRemove     0x800'5313    0x4c  Code  Gb  os_task.o [1]
OS_TaskInit              0x800'535f    0x1e  Code  Gb  os_task.o [1]
OS_TaskInitTCB           0x800'537d    0xfc  Code  Gb  os_task.o [1]
OS_TaskReturn            0x800'5479    0x14  Code  Gb  os_task.o [1]
OS_TaskSemPost           0x800'548d    0xba  Code  Gb  os_task.o [1]
OS_TaskStkRedzoneChk     0x800'5547    0x22  Code  Gb  os_task.o [1]
OS_TaskStkRedzoneInit    0x800'5569    0x18  Code  Gb  os_task.o [1]
OS_TickListInsert        0x800'58bf    0x8c  Code  Gb  os_tick.o [1]
OS_TickListInsertDly     0x800'594b    0x90  Code  Gb  os_tick.o [1]
OS_TickListRemove        0x800'59db    0x70  Code  Gb  os_tick.o [1]
OS_TickListUpdateDly     0x800'5a4b    0x86  Code  Lc  os_tick.o [1]
OS_TickListUpdateTimeout
                         0x800'5ad1   0x108  Code  Lc  os_tick.o [1]
OS_TickTask              0x800'57dd    0x3e  Code  Gb  os_tick.o [1]
OS_TickTaskInit          0x800'581b    0xa4  Code  Gb  os_tick.o [1]
OS_TmrInit               0x800'5c09    0xc6  Code  Gb  os_tmr.o [1]
OS_TmrLock               0x800'5d7d    0x16  Code  Lc  os_tmr.o [1]
OS_TmrTask               0x800'5d0d    0x70  Code  Gb  os_tmr.o [1]
OS_TmrUnlink             0x800'5ccf    0x3a  Code  Gb  os_tmr.o [1]
OS_TmrUnlock             0x800'5d93    0x10  Code  Lc  os_tmr.o [1]
OutStream_Write          0x800'8bc9    0x42  Code  Lc  lz77_init.o [4]
PIDCal                   0x800'2789    0xba  Code  Gb  PID.o [1]
PIDCal_pos               0x800'2849   0x250  Code  Gb  PID.o [1]
PendSV_Handler           0x800'60c5          Code  Gb  os_cpu_a.o [1]
Point_Precision         0x2000'0eec     0x4  Data  Gb  RobotCtrl.o [1]
Point_is_Near            0x800'7275    0xae  Code  Gb  RobotCtrl.o [1]
R1V2_Data_Count          0x800'68cd   0x148  Code  Gb  r1v2.o [1]
R1V2_RX_BUF             0x2001'6a70    0x24  Data  Gb  r1v2.o [1]
RCC_AHB1PeriphClockCmd   0x800'3311    0x1c  Code  Gb  stm32f4xx_rcc.o [1]
RCC_APB1PeriphClockCmd   0x800'332d    0x1c  Code  Gb  stm32f4xx_rcc.o [1]
RCC_APB1PeriphResetCmd   0x800'3365    0x1c  Code  Gb  stm32f4xx_rcc.o [1]
RCC_APB2PeriphClockCmd   0x800'3349    0x1c  Code  Gb  stm32f4xx_rcc.o [1]
RCC_APB2PeriphResetCmd   0x800'3381    0x1c  Code  Gb  stm32f4xx_rcc.o [1]
RCC_GetClocksFreq        0x800'3255    0xbc  Code  Gb  stm32f4xx_rcc.o [1]
Region$$Table$$Base      0x800'98b8           --   Gb  - Linker created -
Region$$Table$$Limit     0x800'98e4           --   Gb  - Linker created -
RelayReady              0x2001'6a28    0x24  Data  Gb  app.o [1]
RoboMotion              0x2001'69a8    0x30  Data  Gb  RobotCtrl.o [1]
RobotPos                0x2001'6ab8    0x24  Data  Gb  RobotCtrl.o [1]
Robot_Pos_Ctrl           0x800'7149    0xe0  Code  Gb  RobotCtrl.o [1]
Robot_Speed_Update       0x800'7241     0x2  Code  Gb  RobotCtrl.o [1]
Rx_Sta                  0x2001'6c51     0x1  Data  Gb  r1v2.o [1]
SBUS_init                0x800'676d    0xbc  Code  Gb  r1v2.o [1]
SVC_Handler              0x800'9145     0x2  Code  Gb  stm32f4xx_it.o [1]
Send_Velocity            0x800'793d    0x32  Code  Gb  RobotCtrl.o [1]
Sendwheel_Vel            0x800'711b    0x2e  Code  Gb  RobotCtrl.o [1]
SetMotor                 0x800'4a39    0xbc  Code  Gb  C620.o [1]
SetMotor_C610            0x800'2663    0xbe  Code  Gb  C610.o [1]
SetMotor_h               0x800'4af5    0xbe  Code  Gb  C620.o [1]
SetSysClock              0x800'8dcb    0xc8  Code  Lc  system_stm32f4xx.o [1]
Speed_Limit             0x2000'0ef4     0x4  Data  Gb  RobotCtrl.o [1]
Speed_Line_Create_Flag  0x2001'6c1c     0x4  Data  Gb  RobotCtrl.o [1]
Stepper_Motor           0x2000'0df0    0x20  Data  Gb  PID.o [1]
Stepper_Motor_PID        0x800'2ab1   0x168  Code  Gb  PID.o [1]
SyncSem                 0x2001'6a04    0x24  Data  Gb  app.o [1]
SyncSignal               0x800'722d    0x12  Code  Gb  RobotCtrl.o [1]
SysTick_Handler          0x800'4e89    0x1c  Code  Gb  os_cpu_c.o [1]
SystemInit               0x800'8d85    0x46  Code  Gb  system_stm32f4xx.o [1]
TIM2_IRQHandler          0x800'8639   0x132  Code  Gb  motor.o [1]
TIM5_IRQHandler          0x800'6b65    0x22  Code  Gb  tim.o [1]
TIM5_Init                0x800'6b01    0x64  Code  Gb  tim.o [1]
TIM5_num                0x2001'6c20     0x4  Data  Gb  tim.o [1]
TIM_ClearITPendingBit    0x800'6f5d     0x8  Code  Gb  stm32f4xx_tim.o [1]
TIM_Cmd                  0x800'6ee7    0x1c  Code  Gb  stm32f4xx_tim.o [1]
TIM_GetITStatus          0x800'6f39    0x24  Code  Gb  stm32f4xx_tim.o [1]
TIM_ITConfig             0x800'6f21    0x18  Code  Gb  stm32f4xx_tim.o [1]
TIM_TimeBaseInit         0x800'6e7d    0x6a  Code  Gb  stm32f4xx_tim.o [1]
TaskBTcom                0x800'89a9    0x5e  Code  Lc  app.o [1]
TaskBTcomStk            0x2000'fef8  0x4000  Data  Lc  app.o [1]
TaskBTcomTCB            0x2001'649c    0xb0  Data  Gb  app.o [1]
TaskSpeedCtrl            0x800'8959    0x50  Code  Lc  app.o [1]
TaskSpeedCtrlStk        0x2001'46f8   0x800  Data  Lc  app.o [1]
TaskSpeedCtrlTCB        0x2001'63ec    0xb0  Data  Lc  app.o [1]
TaskStart                0x800'8895    0xc4  Code  Lc  app.o [1]
TaskStartStk            0x2001'3ef8   0x800  Data  Lc  app.o [1]
TaskStartTCB            0x2001'633c    0xb0  Data  Lc  app.o [1]
UART8_IRQHandler         0x800'84bd   0x14a  Code  Gb  action.o [1]
UART8_IRQHandler::ch    0x2001'6c42     0x1  Data  Lc  action.o [1]
UART8_IRQHandler::count
                        0x2001'6c44     0x1  Data  Lc  action.o [1]
UART8_IRQHandler::posture
                        0x2001'6adc    0x18  Data  Lc  action.o [1]
UART8_IRQHandler::step  0x2001'6c43     0x1  Data  Lc  action.o [1]
USART1_IRQHandler        0x800'6829    0xa4  Code  Gb  r1v2.o [1]
USART_ClearITPendingBit
                         0x800'6e5d    0x20  Code  Gb  stm32f4xx_usart.o [1]
USART_Cmd                0x800'6d4d    0x1c  Code  Gb  stm32f4xx_usart.o [1]
USART_DeInit             0x800'6b95    0xda  Code  Gb  stm32f4xx_usart.o [1]
USART_GetFlagStatus      0x800'6ddf    0x1a  Code  Gb  stm32f4xx_usart.o [1]
USART_GetITStatus        0x800'6df9    0x64  Code  Gb  stm32f4xx_usart.o [1]
USART_ITConfig           0x800'6d8b    0x54  Code  Gb  stm32f4xx_usart.o [1]
USART_Init               0x800'6c6f    0xb8  Code  Gb  stm32f4xx_usart.o [1]
USART_OverSampling8Cmd   0x800'6d69    0x1a  Code  Gb  stm32f4xx_usart.o [1]
USART_ReceiveData        0x800'6d83     0x8  Code  Gb  stm32f4xx_usart.o [1]
UsageFault_Handler       0x800'9143     0x2  Code  Gb  stm32f4xx_it.o [1]
_Close_all               0x800'96fd    0x3c  Code  Gb  xcloseall.o [2]
_Files                  0x2000'0eb0    0x20  Data  Gb  xfiles.o [2]
_Fofree                  0x800'956d    0x86  Code  Gb  xfofind.o [2]
_Fspos                   0x800'9149    0xd8  Code  Gb  xfspos.o [2]
_Fwprep                  0x800'9493    0xb4  Code  Gb  xfwprep.o [2]
_GenldFullNoMb           0x800'0c9d   0x274  Code  Lc  xprintffull_nomb.o [2]
_LdtobFullNoMb           0x800'0899   0x3d6  Code  Lc  xprintffull_nomb.o [2]
_LitobFullNoMb           0x800'0749   0x10a  Code  Lc  xprintffull_nomb.o [2]
_Locale_lconv           0x2000'0a38    0x38  Data  Lc  xlocale_c.o [2]
_Nnl                     0x800'92cd     0xc  Code  Gb  xfgpos.o [2]
_PrintfFullNoMb          0x800'01ad   0x19e  Code  Gb  xprintffull_nomb.o [2]
_Prout                   0x800'9979    0x16  Code  Gb  xprout.o [2]
_PutcharsFullNoMb        0x800'0f11    0x2e  Code  Lc  xprintffull_nomb.o [2]
_PutfldFullNoMb          0x800'03d5   0x268  Code  Lc  xprintffull_nomb.o [2]
_PuttxtFullNoMb          0x800'063d   0x10c  Code  Lc  xprintffull_nomb.o [2]
__aeabi_cdcmpeq          0x800'7bed          Code  Gb  DblCmpEq.o [3]
__aeabi_cdcmple          0x800'15ad          Code  Gb  DblCmpLe.o [3]
__aeabi_cdrcmple         0x800'15dd          Code  Gb  DblCmpGe.o [3]
__aeabi_d2f              0x800'31ed          Code  Gb  DblToFlt.o [3]
__aeabi_d2iz             0x800'1749          Code  Gb  DblToS32.o [3]
__aeabi_d2uiz            0x800'1ad5          Code  Gb  DblToU32.o [3]
__aeabi_dadd             0x800'1b2d          Code  Gb  DblAdd.o [3]
__aeabi_ddiv             0x800'188d          Code  Gb  DblDiv.o [3]
__aeabi_dmul             0x800'12f1          Code  Gb  DblMul.o [3]
__aeabi_dsub             0x800'17a9          Code  Gb  DblSub.o [3]
__aeabi_f2d              0x800'31a5          Code  Gb  FltToDbl.o [3]
__aeabi_i2d              0x800'1785          Code  Gb  S32ToDbl.o [3]
__aeabi_l2f              0x800'2c45          Code  Gb  S64ToFlt.o [3]
__aeabi_ldiv0            0x800'1b29          Code  Gb  I64DivZer.o [4]
__aeabi_memcpy           0x800'1495          Code  Gb  ABImemcpy.o [4]
__aeabi_memcpy4          0x800'14b5          Code  Gb  ABImemcpy.o [4]
__aeabi_memcpy8          0x800'14b5          Code  Gb  ABImemcpy.o [4]
__aeabi_ui2d             0x800'1afd          Code  Gb  U32ToDbl.o [3]
__aeabi_uldivmod         0x800'10c1          Code  Gb  I64DivMod.o [4]
__basic_free             0x800'8f75    0x16  Code  Gb  heap0.o [2]
__basic_free_intern      0x800'8f8b    0x7a  Code  Lc  heap0.o [2]
__basic_malloc           0x800'8ec9    0x18  Code  Gb  heap0.o [2]
__basic_malloc_intern    0x800'8ee1    0x94  Code  Lc  heap0.o [2]
__cexit_closeall         0x800'9953          Code  Gb  cexit.o [4]
__close                  0x800'967b    0x18  Code  Gb  close.o [5]
__cmain                  0x800'9929          Code  Gb  cmain.o [4]
__cstart_closeall        0x800'9ce0          Data  Gb  cstart_closeall.o [4]
__data_GetMemChunk       0x800'9009    0x2c  Code  Gb  xgetmemchunk.o [2]
__data_GetMemChunk::start
                        0x2001'6c28     0x4  Data  Lc  xgetmemchunk.o [2]
__dwrite                 0x800'9401    0x1e  Code  Gb  dwrite.o [5]
__exit                   0x800'1ca9    0x14  Code  Gb  exit.o [5]
__iar_Fail_s             0x800'0ff1    0x1c  Code  Gb  xfail_s.o [2]
__iar_Memchr             0x800'1069          Code  Gb  memchr.o [4]
__iar_Sin64              0x800'7fbd   0x3aa  Code  Lc  cos_sin64.o [3]
__iar_Stderr            0x2000'09f0    0x48  Data  Gb  xfiles.o [2]
__iar_Stdin             0x2000'0960    0x48  Data  Gb  xfiles.o [2]
__iar_Stdout            0x2000'09a8    0x48  Data  Gb  xfiles.o [2]
__iar_Strchr             0x800'0fd9          Code  Gb  strchr.o [4]
__iar_cos64              0x800'83f9     0x4  Code  Gb  cos_sin64.o [3]
__iar_cos_medium         0x800'83f9     0x4  Code  Gb  cos_sin64.o [3]
__iar_cos_medium64       0x800'83f9     0x4  Code  Gb  cos_sin64.o [3]
__iar_cos_mediuml        0x800'83f9     0x4  Code  Gb  cos_sin64.o [3]
__iar_dadd               0x800'17b9          Code  Gb  DblSub.o [3]
__iar_data_init3         0x800'9825    0x28  Code  Gb  data_init.o [4]
__iar_dsub               0x800'1b3d          Code  Gb  DblAdd.o [3]
__iar_dsubStart          0x800'1b4f          Code  Gb  DblAdd.o [3]
__iar_frexp              0x800'1549          Code  Gb  frexp.o [3]
__iar_frexpl             0x800'1549          Code  Gb  frexp.o [3]
__iar_init_vfp           0x800'9895          Code  Gb  fpinit_M.o [3]
__iar_ldexp64            0x800'160d          Code  Gb  ldexp.o [3]
__iar_lz77_init3         0x800'8c0b   0x178  Code  Gb  lz77_init.o [4]
__iar_program_start      0x800'9ad9          Code  Gb  cstartup_M.o [4]
__iar_scalbln64          0x800'160d          Code  Gb  ldexp.o [3]
__iar_scalbn64           0x800'160d          Code  Gb  ldexp.o [3]
__iar_sh_Discard         0x800'9335    0x42  Code  Gb  XShHandles.o [2]
__iar_sh_Move            0x800'9377    0x46  Code  Gb  XShHandles.o [2]
__iar_sh_Pos             0x800'93bd    0x3e  Code  Gb  XShHandles.o [2]
__iar_sh_stdout_swo      0x800'9421    0x50  Code  Gb  iarwstdswo.o [5]
__iar_sh_write           0x800'9471    0x22  Code  Gb  iarwrite.o [5]
__iar_sin64              0x800'83fd     0x4  Code  Gb  cos_sin64.o [3]
__iar_sin_medium         0x800'83fd     0x4  Code  Gb  cos_sin64.o [3]
__iar_sin_medium64       0x800'83fd     0x4  Code  Gb  cos_sin64.o [3]
__iar_sin_mediuml        0x800'83fd     0x4  Code  Gb  cos_sin64.o [3]
__iar_softfp___iar_frexp64
                         0x800'153d          Code  Gb  frexp.o [3]
__iar_softfp_frexp       0x800'153d          Code  Gb  frexp.o [3]
__iar_softfp_frexpl      0x800'153d          Code  Gb  frexp.o [3]
__iar_sqrt64             0x800'7af9          Code  Gb  sqrt.o [3]
__iar_tan64              0x800'7c0d   0x348  Code  Gb  tan64.o [3]
__iar_tan_medium         0x800'7c0d   0x348  Code  Gb  tan64.o [3]
__iar_tan_medium64       0x800'7c0d   0x348  Code  Gb  tan64.o [3]
__iar_tan_mediuml        0x800'7c0d   0x348  Code  Gb  tan64.o [3]
__iar_vfp___iar_sqrt64   0x800'7ae9          Code  Gb  sqrt.o [3]
__iar_vfp_cos            0x800'79c3     0xc  Code  Gb  math_wrappers64.o [3]
__iar_vfp_sin            0x800'79cf     0xc  Code  Gb  math_wrappers64.o [3]
__iar_vfp_sqrt           0x800'7ae9          Code  Gb  sqrt.o [3]
__iar_vfp_sqrtl          0x800'7ae9          Code  Gb  sqrt.o [3]
__iar_vfp_tan            0x800'79b7     0xc  Code  Gb  math_wrappers64.o [3]
__iar_zero_init3         0x800'0f9f    0x3a  Code  Gb  zero_init3.o [4]
__low_level_init         0x800'9947     0x4  Code  Gb  low_level_init.o [2]
__lseek                  0x800'92d9    0x4a  Code  Gb  lseek.o [5]
__vector_table           0x800'0000          Data  Gb  startup_stm32f427xx.o [1]
__write                  0x800'9323    0x10  Code  Gb  write.o [5]
_call_main               0x800'9935          Code  Gb  cmain.o [4]
_exit                    0x800'9951          Code  Gb  cexit.o [4]
_main                    0x800'9943          Code  Gb  cmain.o [4]
a                        0x800'9b08     0x8  Data  Gb  RobotCtrl.o [1]
abort                    0x800'1b21     0x6  Code  Gb  abort.o [2]
b                        0x800'9b10     0x8  Data  Gb  RobotCtrl.o [1]
cos                      0x800'83f9     0x4  Code  Gb  cos_sin64.o [3]
cosl                     0x800'83f9     0x4  Code  Gb  cos_sin64.o [3]
current_position        0x2001'6bb8     0x4  Data  Gb  motor.o [1]
direction               0x2001'6bc0     0x4  Data  Gb  motor.o [1]
ebuf                    0x2001'67dc    0x50  Data  Lc  xfiles.o [2]
err                     0x2001'6c30     0x2  Data  Gb  app.o [1]
exit                     0x800'994b     0x4  Code  Gb  exit.o [2]
expect                  0x2001'6b34     0xc  Data  Gb  RobotCtrl.o [1]
fclose                   0x800'95fd    0x7e  Code  Gb  fclose.o [2]
fflush                   0x800'9295    0x34  Code  Gb  fflush.o [2]
fflushOne                0x800'9221    0x74  Code  Lc  fflush.o [2]
flag_arbitraryPos       0x2001'6c45     0x1  Data  Gb  app.o [1]
fputc                    0x800'96a7    0x54  Code  Gb  fputc.o [2]
free                     0x800'95f9     0x4  Code  Gb  heaptramp0.o [2]
fseek                    0x800'9547    0x24  Code  Gb  fseek.o [2]
hard_fault_handler_c     0x800'9037    0xa0  Code  Gb  stm32f4xx_it.o [1]
last_count              0x2001'6bc8     0x4  Data  Gb  motor.o [1]
ldexp                    0x800'160d          Code  Gb  ldexp.o [3]
ldexpl                   0x800'160d          Code  Gb  ldexp.o [3]
localeconv               0x800'1b19     0x4  Code  Gb  xlocale_c.o [2]
main                     0x800'8849    0x4a  Code  Gb  app.o [1]
memchr                   0x800'1069          Code  Gb  memchr.o [4]
obuf                    0x2001'682c    0x50  Data  Lc  xfiles.o [2]
posxPID                 0x2000'0e70    0x20  Data  Gb  PID.o [1]
posyPID                 0x2000'0e90    0x20  Data  Gb  PID.o [1]
power_init               0x800'6725    0x3a  Code  Gb  led.o [1]
pre_count               0x2001'6bc4     0x4  Data  Gb  motor.o [1]
present                 0x2001'6b28     0xc  Data  Gb  RobotCtrl.o [1]
printf                   0x800'8b65    0x28  Code  Gb  printf.o [2]
putchar                  0x800'9991     0xc  Code  Gb  putchar.o [2]
remove                   0x800'9693    0x14  Code  Gb  remove.o [5]
robo                    0x2001'6b4c     0xc  Data  Gb  RobotCtrl.o [1]
sFileInfo               0x2001'675c    0x80  Data  Lc  XShHandles.o [2]
scalbln                  0x800'160d          Code  Gb  ldexp.o [3]
scalblnl                 0x800'160d          Code  Gb  ldexp.o [3]
scalbn                   0x800'160d          Code  Gb  ldexp.o [3]
scalbnl                  0x800'160d          Code  Gb  ldexp.o [3]
scale                    0x800'0853    0x46  Code  Lc  xprintffull_nomb.o [2]
sec_hand                0x2001'6c2c     0x4  Data  Lc  xfail_s.o [2]
sin                      0x800'83fd     0x4  Code  Gb  cos_sin64.o [3]
sinl                     0x800'83fd     0x4  Code  Gb  cos_sin64.o [3]
speed                   0x2001'6b40     0xc  Data  Gb  RobotCtrl.o [1]
sqrt                     0x800'7af9          Code  Gb  sqrt.o [3]
sqrtl                    0x800'7af9          Code  Gb  sqrt.o [3]
step                    0x2001'6bbc     0x4  Data  Gb  motor.o [1]
step_count              0x2001'6c32     0x2  Data  Gb  motor.o [1]
step_remain             0x2001'6bb0     0x4  Data  Gb  motor.o [1]
step_speed              0x2001'6b78     0x8  Data  Gb  motor.o [1]
stepper_motor_init       0x800'876b    0x3a  Code  Gb  motor.o [1]
strchr                   0x800'0fd9          Code  Gb  strchr.o [4]
strlen                   0x800'1031          Code  Gb  strlen.o [4]
tan                      0x800'7c0d   0x348  Code  Gb  tan64.o [3]
tanl                     0x800'7c0d   0x348  Code  Gb  tan64.o [3]
target                  0x2000'0ee0     0xc  Data  Gb  RobotCtrl.o [1]
target_position         0x2001'6bb4     0x4  Data  Gb  motor.o [1]
testRxMessage           0x2001'6af4    0x14  Data  Gb  can.o [1]
timer_init               0x800'87a5    0x64  Code  Gb  motor.o [1]
wheel                   0x2001'68fc    0x3c  Data  Gb  RobotCtrl.o [1]
wheelVel_Limit           0x800'7867    0xba  Code  Gb  RobotCtrl.o [1]
world                   0x2001'6b58     0xc  Data  Gb  RobotCtrl.o [1]


[1] = D:\Kipper\program\RTS\RTS-2023\Debug\Obj
[2] = dl7M_tlf.a
[3] = m7M_tls.a
[4] = rt7M_tl.a
[5] = shb_l.a

   39 171 bytes of readonly  code memory
    3 255 bytes of readonly  data memory
  109 651 bytes of readwrite data memory

Errors: none
Warnings: none
