###############################################################################
#
# IAR ELF Linker V8.32.1.169/W32 for ARM                  04/May/2023  10:51:52
# Copyright 2007-2018 IAR Systems AB.
#
#    Output file  =  D:\Kipper\program\RTS\RTS-2023\Debug\Exe\Robocon_A.out
#    Map file     =  D:\Kipper\program\RTS\RTS-2023\Debug\List\Robocon_A.map
#    Command line =  
#        -f C:\Users\18311\AppData\Local\Temp\EWC206.tmp
#        (D:\Kipper\program\RTS\RTS-2023\Debug\Obj\action.o
#        D:\Kipper\program\RTS\RTS-2023\Debug\Obj\app.o
#        D:\Kipper\program\RTS\RTS-2023\Debug\Obj\beep.o
#        D:\Kipper\program\RTS\RTS-2023\Debug\Obj\bsp.o
#        D:\Kipper\program\RTS\RTS-2023\Debug\Obj\BT.o
#        D:\Kipper\program\RTS\RTS-2023\Debug\Obj\C610.o
#        D:\Kipper\program\RTS\RTS-2023\Debug\Obj\C620.o
#        D:\Kipper\program\RTS\RTS-2023\Debug\Obj\can.o
#        D:\Kipper\program\RTS\RTS-2023\Debug\Obj\cpu_a.o
#        D:\Kipper\program\RTS\RTS-2023\Debug\Obj\cpu_c.o
#        D:\Kipper\program\RTS\RTS-2023\Debug\Obj\cpu_core.o
#        D:\Kipper\program\RTS\RTS-2023\Debug\Obj\DataProcessing.o
#        D:\Kipper\program\RTS\RTS-2023\Debug\Obj\led.o
#        D:\Kipper\program\RTS\RTS-2023\Debug\Obj\lib_ascii.o
#        D:\Kipper\program\RTS\RTS-2023\Debug\Obj\lib_math.o
#        D:\Kipper\program\RTS\RTS-2023\Debug\Obj\lib_mem.o
#        D:\Kipper\program\RTS\RTS-2023\Debug\Obj\lib_mem_a.o
#        D:\Kipper\program\RTS\RTS-2023\Debug\Obj\lib_str.o
#        D:\Kipper\program\RTS\RTS-2023\Debug\Obj\misc.o
#        D:\Kipper\program\RTS\RTS-2023\Debug\Obj\motor.o
#        D:\Kipper\program\RTS\RTS-2023\Debug\Obj\os_app_hooks.o
#        D:\Kipper\program\RTS\RTS-2023\Debug\Obj\os_cfg_app.o
#        D:\Kipper\program\RTS\RTS-2023\Debug\Obj\os_core.o
#        D:\Kipper\program\RTS\RTS-2023\Debug\Obj\os_cpu_a.o
#        D:\Kipper\program\RTS\RTS-2023\Debug\Obj\os_cpu_c.o
#        D:\Kipper\program\RTS\RTS-2023\Debug\Obj\os_dbg.o
#        D:\Kipper\program\RTS\RTS-2023\Debug\Obj\os_flag.o
#        D:\Kipper\program\RTS\RTS-2023\Debug\Obj\os_int.o
#        D:\Kipper\program\RTS\RTS-2023\Debug\Obj\os_mem.o
#        D:\Kipper\program\RTS\RTS-2023\Debug\Obj\os_mon.o
#        D:\Kipper\program\RTS\RTS-2023\Debug\Obj\os_msg.o
#        D:\Kipper\program\RTS\RTS-2023\Debug\Obj\os_mutex.o
#        D:\Kipper\program\RTS\RTS-2023\Debug\Obj\os_pend_multi.o
#        D:\Kipper\program\RTS\RTS-2023\Debug\Obj\os_prio.o
#        D:\Kipper\program\RTS\RTS-2023\Debug\Obj\os_q.o
#        D:\Kipper\program\RTS\RTS-2023\Debug\Obj\os_sem.o
#        D:\Kipper\program\RTS\RTS-2023\Debug\Obj\os_stat.o
#        D:\Kipper\program\RTS\RTS-2023\Debug\Obj\os_task.o
#        D:\Kipper\program\RTS\RTS-2023\Debug\Obj\os_tick.o
#        D:\Kipper\program\RTS\RTS-2023\Debug\Obj\os_time.o
#        D:\Kipper\program\RTS\RTS-2023\Debug\Obj\os_tmr.o
#        D:\Kipper\program\RTS\RTS-2023\Debug\Obj\os_var.o
#        D:\Kipper\program\RTS\RTS-2023\Debug\Obj\PID.o
#        D:\Kipper\program\RTS\RTS-2023\Debug\Obj\r1v2.o
#        D:\Kipper\program\RTS\RTS-2023\Debug\Obj\RELAY.o
#        D:\Kipper\program\RTS\RTS-2023\Debug\Obj\robomodule.o
#        D:\Kipper\program\RTS\RTS-2023\Debug\Obj\RobotCtrl.o
#        D:\Kipper\program\RTS\RTS-2023\Debug\Obj\startup_stm32f427xx.o
#        D:\Kipper\program\RTS\RTS-2023\Debug\Obj\stm32f4xx_can.o
#        D:\Kipper\program\RTS\RTS-2023\Debug\Obj\stm32f4xx_dma.o
#        D:\Kipper\program\RTS\RTS-2023\Debug\Obj\stm32f4xx_gpio.o
#        D:\Kipper\program\RTS\RTS-2023\Debug\Obj\stm32f4xx_it.o
#        D:\Kipper\program\RTS\RTS-2023\Debug\Obj\stm32f4xx_rcc.o
#        D:\Kipper\program\RTS\RTS-2023\Debug\Obj\stm32f4xx_syscfg.o
#        D:\Kipper\program\RTS\RTS-2023\Debug\Obj\stm32f4xx_tim.o
#        D:\Kipper\program\RTS\RTS-2023\Debug\Obj\stm32f4xx_usart.o
#        D:\Kipper\program\RTS\RTS-2023\Debug\Obj\system_stm32f4xx.o
#        D:\Kipper\program\RTS\RTS-2023\Debug\Obj\tim.o
#        D:\Kipper\program\RTS\RTS-2023\Debug\Obj\usart.o
#        D:\Kipper\program\RTS\RTS-2023\Debug\Obj\vesc.o --no_out_extension -o
#        D:\Kipper\program\RTS\RTS-2023\Debug\Exe\Robocon_A.out --map
#        D:\Kipper\program\RTS\RTS-2023\Debug\List\Robocon_A.map --config
#        D:\Kipper\software\IAR\arm\config\linker\ST\stm32f427xI.icf
#        --semihosting --entry __iar_program_start --redirect
#        __iar_sh_stdout=__iar_sh_stdout_swo --vfe --text_out locale)
#
###############################################################################

*******************************************************************************
*** RUNTIME MODEL ATTRIBUTES
***

CppFlavor       = *
__Heap_Handler  = Basic
__SystemLibrary = DLib
__dlib_version  = 6


*******************************************************************************
*** HEAP SELECTION
***

The basic heap was selected because no calls to memory allocation
functions were found in the application outside of system library
functions, and there are calls to deallocation functions in the
application.


*******************************************************************************
*** PLACEMENT SUMMARY
***

"A0":  place at 0x800'0000 { ro section .intvec };
"P1":  place in [from 0x800'0000 to 0x81f'ffff] { ro };
define block CSTACK with size = 8K, alignment = 8 { };
"P3":  place in [from 0x1000'0000 to 0x1000'ffff] {
          block CSTACK, section .ccram };
define block HEAP with size = 8K, alignment = 8 { };
"P4":  place in [from 0x2000'0000 to 0x2001'bfff] |
                [from 0x2001'c000 to 0x2001'ffff] |
                [from 0x2002'0000 to 0x2002'ffff] { rw, block HEAP };
initialize by copy { rw };

No sections matched the following patterns:

  ro section application_specific_ro  in "P2|P6"
  rw section application_specific_rw  in "P2|P6"
  section .backup_sram                in "P5"
  section .ccram                      in "P3"


  Section            Kind         Address     Size  Object
  -------            ----         -------     ----  ------
"A0":                                        0x1ac
  .intvec            ro code   0x800'0000    0x1ac  startup_stm32f427xx.o [1]
                             - 0x800'01ac    0x1ac

"P1":                                       0x9a47
  .text              ro code   0x800'01ac    0xdf2  xprintffull_nomb.o [2]
  .text              ro code   0x800'0f9e     0x3a  zero_init3.o [4]
  .text              ro code   0x800'0fd8     0x16  strchr.o [4]
  .rodata            const     0x800'0fee      0x2  os_cfg_app.o [1]
  .text              ro code   0x800'0ff0     0x40  xfail_s.o [2]
  .text              ro code   0x800'1030     0x36  strlen.o [4]
  .rodata            const     0x800'1066      0x2  os_dbg.o [1]
  .text              ro code   0x800'1068     0x58  memchr.o [4]
  .text              ro code   0x800'10c0    0x230  I64DivMod.o [4]
  .text              ro code   0x800'12f0    0x1a2  DblMul.o [3]
  .rodata            const     0x800'1492      0x2  os_dbg.o [1]
  .text              ro code   0x800'1494     0xa6  ABImemcpy.o [4]
  .rodata            const     0x800'153a      0x2  os_dbg.o [1]
  .text              ro code   0x800'153c     0x70  frexp.o [3]
  .text              ro code   0x800'15ac     0x2e  DblCmpLe.o [3]
  .rodata            const     0x800'15da      0x2  os_dbg.o [1]
  .text              ro code   0x800'15dc     0x2e  DblCmpGe.o [3]
  .rodata            const     0x800'160a      0x2  os_dbg.o [1]
  .text              ro code   0x800'160c    0x13a  ldexp.o [3]
  .rodata            const     0x800'1746      0x2  os_dbg.o [1]
  .text              ro code   0x800'1748     0x3a  DblToS32.o [3]
  .rodata            const     0x800'1782      0x2  os_dbg.o [1]
  .text              ro code   0x800'1784     0x22  S32ToDbl.o [3]
  .rodata            const     0x800'17a6      0x2  os_dbg.o [1]
  .text              ro code   0x800'17a8     0xe2  DblSub.o [3]
  .rodata            const     0x800'188a      0x2  os_dbg.o [1]
  .text              ro code   0x800'188c    0x246  DblDiv.o [3]
  .rodata            const     0x800'1ad2      0x2  os_dbg.o [1]
  .text              ro code   0x800'1ad4     0x28  DblToU32.o [3]
  .text              ro code   0x800'1afc     0x1a  U32ToDbl.o [3]
  .rodata            const     0x800'1b16      0x2  os_dbg.o [1]
  .text              ro code   0x800'1b18      0x8  xlocale_c.o [2]
  .text              ro code   0x800'1b20      0x6  abort.o [2]
  .rodata            const     0x800'1b26      0x2  os_dbg.o [1]
  .text              ro code   0x800'1b28      0x2  I64DivZer.o [4]
  .rodata            const     0x800'1b2a      0x2  os_dbg.o [1]
  .text              ro code   0x800'1b2c    0x17a  DblAdd.o [3]
  .rodata            const     0x800'1ca6      0x2  os_dbg.o [1]
  .text              ro code   0x800'1ca8     0x14  exit.o [5]
  .text              ro code   0x800'1cbc    0xd70  C610.o [1]
  .text              ro code   0x800'2a2c    0x510  PID.o [1]
  .text              ro code   0x800'2f3c     0x58  S64ToFlt.o [3]
  .text              ro code   0x800'2f94    0x550  can.o [1]
  .text              ro code   0x800'34e4     0x48  FltToDbl.o [3]
  .text              ro code   0x800'352c     0x68  DblToFlt.o [3]
  .text              ro code   0x800'3594    0x170  stm32f4xx_rcc.o [1]
  .text              ro code   0x800'3704    0x10e  stm32f4xx_gpio.o [1]
  .rodata            const     0x800'3812      0x2  os_dbg.o [1]
  .text              ro code   0x800'3814    0x614  stm32f4xx_can.o [1]
  .text              ro code   0x800'3e28     0x80  misc.o [1]
  .text              ro code   0x800'3ea8    0x840  os_core.o [1]
  .text              ro code   0x800'46e8    0x864  C620.o [1]
  .text              ro code   0x800'4f4c     0xe8  vesc.o [1]
  .text              ro code   0x800'5034    0x2d0  os_cpu_c.o [1]
  .text              ro code   0x800'5304    0x730  os_task.o [1]
  .text              ro code   0x800'5a34     0x74  os_prio.o [1]
  .text              ro code   0x800'5aa8     0x1c  os_mem.o [1]
  .text              ro code   0x800'5ac4     0xb8  os_msg.o [1]
  .text              ro code   0x800'5b7c    0x42c  os_tick.o [1]
  .text              ro code   0x800'5fa8    0x1e0  os_tmr.o [1]
  .text              ro code   0x800'6188    0x1a0  os_dbg.o [1]
  .text              ro code   0x800'6328     0x94  os_cfg_app.o [1]
  CODE               ro code   0x800'63bc    0x108  os_cpu_a.o [1]
  .text              ro code   0x800'64c4     0x24  cpu_core.o [1]
  .text              ro code   0x800'64e8    0x144  os_time.o [1]
  .text              ro code   0x800'662c    0x396  os_mutex.o [1]
  .rodata            const     0x800'69c2      0x2  os_dbg.o [1]
  CODE               ro code   0x800'69c4     0x34  cpu_a.o [1]
  .text              ro code   0x800'69f8     0x84  bsp.o [1]
  .text              ro code   0x800'6a7c     0xac  led.o [1]
  .text              ro code   0x800'6b28    0x2c0  r1v2.o [1]
  .text              ro code   0x800'6de8    0x174  BT.o [1]
  .text              ro code   0x800'6f5c     0x94  tim.o [1]
  .text              ro code   0x800'6ff0    0x2e8  stm32f4xx_usart.o [1]
  .text              ro code   0x800'72d8     0xe8  stm32f4xx_tim.o [1]
  .text              ro code   0x800'73c0    0x854  RobotCtrl.o [1]
  .text              ro code   0x800'7c14     0x1e  math_wrappers64.o [3]
  .rodata            const     0x800'7c32      0x2  os_dbg.o [1]
  .text              ro code   0x800'7c34    0x444  cos_sin64.o [3]
  .text              ro code   0x800'8078    0x504  app.o [1]
  .text              ro code   0x800'857c     0x88  lib_mem.o [1]
  .text              ro code   0x800'8604     0x20  lib_math.o [1]
  .text              ro code   0x800'8624     0x6c  os_flag.o [1]
  .text              ro code   0x800'8690     0x68  os_sem.o [1]
  .text              ro code   0x800'86f8     0x28  printf.o [2]
  .text              ro code   0x800'8720    0x274  motor.o [1]
  .text              ro code   0x800'8994    0x144  system_stm32f4xx.o [1]
  .text              ro code   0x800'8ad8    0x140  heap0.o [2]
  .text              ro code   0x800'8c18     0x2c  xgetmemchunk.o [2]
  .text              ro code   0x800'8c44    0x114  stm32f4xx_it.o [1]
  .text              ro code   0x800'8d58     0xd8  xfspos.o [2]
  .text              ro code   0x800'8e30     0xac  fflush.o [2]
  .text              ro code   0x800'8edc      0xc  xfgpos.o [2]
  .text              ro code   0x800'8ee8     0x4a  lseek.o [5]
  .text              ro code   0x800'8f32     0x10  write.o [5]
  .rodata            const     0x800'8f42      0x2  os_dbg.o [1]
  .text              ro code   0x800'8f44     0xcc  XShHandles.o [2]
  .text              ro code   0x800'9010     0x1e  dwrite.o [5]
  .rodata            const     0x800'902e      0x2  os_dbg.o [1]
  .text              ro code   0x800'9030     0x50  iarwstdswo.o [5]
  .text              ro code   0x800'9080     0x22  iarwrite.o [5]
  .text              ro code   0x800'90a2     0xb4  xfwprep.o [2]
  .text              ro code   0x800'9156     0x24  fseek.o [2]
  .text              ro code   0x800'917a     0x9c  packbits_init.o [4]
  .rodata            const     0x800'9216      0x2  os_dbg.o [1]
  .text              ro code   0x800'9218     0x8c  xfofind.o [2]
  .text              ro code   0x800'92a4      0x4  heaptramp0.o [2]
  .text              ro code   0x800'92a8     0x7e  fclose.o [2]
  .text              ro code   0x800'9326     0x18  close.o [5]
  .text              ro code   0x800'933e     0x14  remove.o [5]
  .text              ro code   0x800'9352     0x54  fputc.o [2]
  .rodata            const     0x800'93a6      0x2  os_dbg.o [1]
  .text              ro code   0x800'93a8     0x3c  xcloseall.o [2]
  .rodata            const     0x800'93e4     0x30  os_dbg.o [1]
  .rodata            const     0x800'9414     0x30  os_dbg.o [1]
  .rodata            const     0x800'9444     0x30  stm32f4xx_it.o [1]
  .rodata            const     0x800'9474     0x30  stm32f4xx_it.o [1]
  .rodata            const     0x800'94a4     0x2c  os_dbg.o [1]
  .text              ro code   0x800'94d0     0x28  data_init.o [4]
  .rodata            const     0x800'94f8     0x24  os_dbg.o [1]
  .rodata            const     0x800'951c     0x24  os_dbg.o [1]
  .text              ro code   0x800'9540     0x22  fpinit_M.o [3]
  .iar.init_table    const     0x800'9564     0x2c  - Linker created -
  .rodata            const     0x800'9590      0x1  os_cfg_app.o [1]
  .rodata            const     0x800'9591      0x1  os_cfg_app.o [1]
  .rodata            const     0x800'9594     0x20  os_dbg.o [1]
  .rodata            const     0x800'95b4     0x20  stm32f4xx_it.o [1]
  .text              ro code   0x800'95d4     0x1e  cmain.o [4]
  .text              ro code   0x800'95f2      0x4  low_level_init.o [2]
  .text              ro code   0x800'95f6      0x4  exit.o [2]
  .rodata            const     0x800'95fa      0x1  os_dbg.o [1]
  .rodata            const     0x800'95fb      0x1  os_dbg.o [1]
  .text              ro code   0x800'95fc      0xe  cexit.o [4]
  .rodata            const     0x800'960a      0x1  os_dbg.o [1]
  .rodata            const     0x800'960b      0x1  os_dbg.o [1]
  .rodata            const     0x800'960c     0x18  os_tmr.o [1]
  .text              ro code   0x800'9624     0x16  xprout.o [2]
  .rodata            const     0x800'963a      0x1  os_dbg.o [1]
  .rodata            const     0x800'963b      0x1  os_dbg.o [1]
  .text              ro code   0x800'963c      0xc  putchar.o [2]
  .rodata            const     0x800'9648     0x14  os_core.o [1]
  .rodata            const     0x800'965c     0x14  os_tick.o [1]
  .rodata            const     0x800'9670     0x10  app.o [1]
  .rodata            const     0x800'9680     0x10  app.o [1]
  .rodata            const     0x800'9690     0x10  app.o [1]
  .rodata            const     0x800'96a0     0x10  os_tmr.o [1]
  .rodata            const     0x800'96b0     0x10  stm32f4xx_it.o [1]
  .text              ro code   0x800'96c0     0x10  startup_stm32f427xx.o [1]
  .rodata            const     0x800'96d0      0xc  app.o [1]
  .rodata            const     0x800'96dc      0xc  app.o [1]
  .rodata            const     0x800'96e8      0xc  app.o [1]
  .rodata            const     0x800'96f4      0xc  os_core.o [1]
  .rodata            const     0x800'9700      0xc  stm32f4xx_it.o [1]
  .rodata            const     0x800'970c      0xc  stm32f4xx_it.o [1]
  .rodata            const     0x800'9718      0xc  stm32f4xx_it.o [1]
  .rodata            const     0x800'9724      0xc  stm32f4xx_it.o [1]
  .rodata            const     0x800'9730      0xc  stm32f4xx_it.o [1]
  .rodata            const     0x800'973c      0xc  stm32f4xx_it.o [1]
  .rodata            const     0x800'9748      0xc  stm32f4xx_it.o [1]
  .rodata            const     0x800'9754      0xc  stm32f4xx_it.o [1]
  .rodata            const     0x800'9760      0xc  stm32f4xx_it.o [1]
  .rodata            const     0x800'976c      0xc  stm32f4xx_it.o [1]
  .rodata            const     0x800'9778      0xc  stm32f4xx_it.o [1]
  .text              ro code   0x800'9784      0xc  cstartup_M.o [4]
  .rodata            const     0x800'9790      0x8  app.o [1]
  .rodata            const     0x800'9798      0x8  lib_mem.o [1]
  .rodata            const     0x800'97a0      0x8  os_core.o [1]
  .rodata            const     0x800'97a8      0x8  os_task.o [1]
  .rodata            const     0x800'97b0      0x4  os_cfg_app.o [1]
  .rodata            const     0x800'97b8      0x8  RobotCtrl.o [1]
  .rodata            const     0x800'97c0      0x8  RobotCtrl.o [1]
  .rodata            const     0x800'97c8      0x4  os_cfg_app.o [1]
  .rodata            const     0x800'97cc      0x4  os_cfg_app.o [1]
  .rodata            const     0x800'97d0      0x4  os_cfg_app.o [1]
  .rodata            const     0x800'97d4      0x4  os_cfg_app.o [1]
  .rodata            const     0x800'97d8      0x4  os_cfg_app.o [1]
  .rodata            const     0x800'97dc      0x4  os_cfg_app.o [1]
  .rodata            const     0x800'97e0      0x4  os_cfg_app.o [1]
  .rodata            const     0x800'97e4      0x4  os_cfg_app.o [1]
  .rodata            const     0x800'97e8      0x4  os_cfg_app.o [1]
  .rodata            const     0x800'97ec      0x4  os_cfg_app.o [1]
  .rodata            const     0x800'97f0      0x4  os_cfg_app.o [1]
  .rodata            const     0x800'97f4      0x4  os_cfg_app.o [1]
  .rodata            const     0x800'97f8      0x4  os_cfg_app.o [1]
  .rodata            const     0x800'97fc      0x4  os_cfg_app.o [1]
  .rodata            const     0x800'9800      0x4  os_cfg_app.o [1]
  .rodata            const     0x800'9804      0x4  os_cfg_app.o [1]
  .rodata            const     0x800'9808      0x4  os_cfg_app.o [1]
  .rodata            const     0x800'980c      0x4  os_cfg_app.o [1]
  .rodata            const     0x800'9810      0x4  os_cfg_app.o [1]
  .rodata            const     0x800'9814      0x4  os_cfg_app.o [1]
  .rodata            const     0x800'9818      0x4  os_dbg.o [1]
  .rodata            const     0x800'981c      0x4  os_dbg.o [1]
  .rodata            const     0x800'9820      0x4  os_dbg.o [1]
  .rodata            const     0x800'9824      0x4  RobotCtrl.o [1]
  .rodata            const     0x800'9828      0x4  RobotCtrl.o [1]
  .rodata            const     0x800'982c      0x4  xlocale_c.o [2]
  .text              ro code   0x800'9830      0x4  startup_stm32f427xx.o [1]
  .text              ro code   0x800'9834      0x4  startup_stm32f427xx.o [1]
  .text              ro code   0x800'9838      0x4  startup_stm32f427xx.o [1]
  .text              ro code   0x800'983c      0x4  startup_stm32f427xx.o [1]
  .text              ro code   0x800'9840      0x4  startup_stm32f427xx.o [1]
  .text              ro code   0x800'9844      0x4  startup_stm32f427xx.o [1]
  .text              ro code   0x800'9848      0x4  startup_stm32f427xx.o [1]
  .text              ro code   0x800'984c      0x4  startup_stm32f427xx.o [1]
  .text              ro code   0x800'9850      0x4  startup_stm32f427xx.o [1]
  .text              ro code   0x800'9854      0x4  startup_stm32f427xx.o [1]
  .text              ro code   0x800'9858      0x4  startup_stm32f427xx.o [1]
  .text              ro code   0x800'985c      0x4  startup_stm32f427xx.o [1]
  .text              ro code   0x800'9860      0x4  startup_stm32f427xx.o [1]
  .text              ro code   0x800'9864      0x4  startup_stm32f427xx.o [1]
  .text              ro code   0x800'9868      0x4  startup_stm32f427xx.o [1]
  .text              ro code   0x800'986c      0x4  startup_stm32f427xx.o [1]
  .text              ro code   0x800'9870      0x4  startup_stm32f427xx.o [1]
  .text              ro code   0x800'9874      0x4  startup_stm32f427xx.o [1]
  .text              ro code   0x800'9878      0x4  startup_stm32f427xx.o [1]
  .text              ro code   0x800'987c      0x4  startup_stm32f427xx.o [1]
  .text              ro code   0x800'9880      0x4  startup_stm32f427xx.o [1]
  .text              ro code   0x800'9884      0x4  startup_stm32f427xx.o [1]
  .text              ro code   0x800'9888      0x4  startup_stm32f427xx.o [1]
  .text              ro code   0x800'988c      0x4  startup_stm32f427xx.o [1]
  .text              ro code   0x800'9890      0x4  startup_stm32f427xx.o [1]
  .text              ro code   0x800'9894      0x4  startup_stm32f427xx.o [1]
  .text              ro code   0x800'9898      0x4  startup_stm32f427xx.o [1]
  .text              ro code   0x800'989c      0x4  startup_stm32f427xx.o [1]
  .text              ro code   0x800'98a0      0x4  startup_stm32f427xx.o [1]
  .text              ro code   0x800'98a4      0x4  startup_stm32f427xx.o [1]
  .text              ro code   0x800'98a8      0x4  startup_stm32f427xx.o [1]
  .text              ro code   0x800'98ac      0x4  startup_stm32f427xx.o [1]
  .text              ro code   0x800'98b0      0x4  startup_stm32f427xx.o [1]
  .text              ro code   0x800'98b4      0x4  startup_stm32f427xx.o [1]
  .text              ro code   0x800'98b8      0x4  startup_stm32f427xx.o [1]
  .text              ro code   0x800'98bc      0x4  startup_stm32f427xx.o [1]
  .text              ro code   0x800'98c0      0x4  startup_stm32f427xx.o [1]
  .text              ro code   0x800'98c4      0x4  startup_stm32f427xx.o [1]
  .text              ro code   0x800'98c8      0x4  startup_stm32f427xx.o [1]
  .text              ro code   0x800'98cc      0x4  startup_stm32f427xx.o [1]
  .text              ro code   0x800'98d0      0x4  startup_stm32f427xx.o [1]
  .text              ro code   0x800'98d4      0x4  startup_stm32f427xx.o [1]
  .text              ro code   0x800'98d8      0x4  startup_stm32f427xx.o [1]
  .text              ro code   0x800'98dc      0x4  startup_stm32f427xx.o [1]
  .text              ro code   0x800'98e0      0x4  startup_stm32f427xx.o [1]
  .text              ro code   0x800'98e4      0x4  startup_stm32f427xx.o [1]
  .text              ro code   0x800'98e8      0x4  startup_stm32f427xx.o [1]
  .text              ro code   0x800'98ec      0x4  startup_stm32f427xx.o [1]
  .text              ro code   0x800'98f0      0x4  startup_stm32f427xx.o [1]
  .text              ro code   0x800'98f4      0x4  startup_stm32f427xx.o [1]
  .text              ro code   0x800'98f8      0x4  startup_stm32f427xx.o [1]
  .text              ro code   0x800'98fc      0x4  startup_stm32f427xx.o [1]
  .text              ro code   0x800'9900      0x4  startup_stm32f427xx.o [1]
  .text              ro code   0x800'9904      0x4  startup_stm32f427xx.o [1]
  .text              ro code   0x800'9908      0x4  startup_stm32f427xx.o [1]
  .text              ro code   0x800'990c      0x4  startup_stm32f427xx.o [1]
  .text              ro code   0x800'9910      0x4  startup_stm32f427xx.o [1]
  .text              ro code   0x800'9914      0x4  startup_stm32f427xx.o [1]
  .text              ro code   0x800'9918      0x4  startup_stm32f427xx.o [1]
  .text              ro code   0x800'991c      0x4  startup_stm32f427xx.o [1]
  .text              ro code   0x800'9920      0x4  startup_stm32f427xx.o [1]
  .text              ro code   0x800'9924      0x4  startup_stm32f427xx.o [1]
  .text              ro code   0x800'9928      0x4  startup_stm32f427xx.o [1]
  .text              ro code   0x800'992c      0x4  startup_stm32f427xx.o [1]
  .text              ro code   0x800'9930      0x4  startup_stm32f427xx.o [1]
  .text              ro code   0x800'9934      0x4  startup_stm32f427xx.o [1]
  .text              ro code   0x800'9938      0x4  startup_stm32f427xx.o [1]
  .text              ro code   0x800'993c      0x4  startup_stm32f427xx.o [1]
  .text              ro code   0x800'9940      0x4  startup_stm32f427xx.o [1]
  .text              ro code   0x800'9944      0x4  startup_stm32f427xx.o [1]
  .text              ro code   0x800'9948      0x4  startup_stm32f427xx.o [1]
  .text              ro code   0x800'994c      0x4  startup_stm32f427xx.o [1]
  .text              ro code   0x800'9950      0x4  startup_stm32f427xx.o [1]
  .text              ro code   0x800'9954      0x4  startup_stm32f427xx.o [1]
  .text              ro code   0x800'9958      0x4  startup_stm32f427xx.o [1]
  .text              ro code   0x800'995c      0x4  startup_stm32f427xx.o [1]
  .text              ro code   0x800'9960      0x4  startup_stm32f427xx.o [1]
  .text              ro code   0x800'9964      0x4  startup_stm32f427xx.o [1]
  .text              ro code   0x800'9968      0x4  startup_stm32f427xx.o [1]
  .text              ro code   0x800'996c      0x4  startup_stm32f427xx.o [1]
  .rodata            const     0x800'9970      0x1  os_dbg.o [1]
  .rodata            const     0x800'9971      0x1  os_dbg.o [1]
  .rodata            const     0x800'9972      0x1  os_dbg.o [1]
  .rodata            const     0x800'9973      0x1  os_dbg.o [1]
  .rodata            const     0x800'9974      0x1  os_dbg.o [1]
  .rodata            const     0x800'9975      0x1  os_dbg.o [1]
  .rodata            const     0x800'9976      0x1  os_dbg.o [1]
  .rodata            const     0x800'9977      0x1  os_dbg.o [1]
  .rodata            const     0x800'9978      0x1  os_dbg.o [1]
  .rodata            const     0x800'9979      0x1  os_dbg.o [1]
  .rodata            const     0x800'997a      0x1  os_dbg.o [1]
  .rodata            const     0x800'997b      0x1  os_dbg.o [1]
  .rodata            const     0x800'997c      0x1  os_dbg.o [1]
  .rodata            const     0x800'997d      0x1  os_dbg.o [1]
  .rodata            const     0x800'997e      0x1  os_dbg.o [1]
  .rodata            const     0x800'997f      0x1  os_dbg.o [1]
  .rodata            const     0x800'9980      0x1  os_dbg.o [1]
  .rodata            const     0x800'9981      0x1  os_dbg.o [1]
  .rodata            const     0x800'9982      0x1  os_dbg.o [1]
  .rodata            const     0x800'9983      0x1  os_dbg.o [1]
  .rodata            const     0x800'9984      0x1  os_dbg.o [1]
  .rodata            const     0x800'9985      0x1  os_dbg.o [1]
  .rodata            const     0x800'9986      0x1  os_dbg.o [1]
  .rodata            const     0x800'9987      0x1  os_dbg.o [1]
  .rodata            const     0x800'9988      0x1  os_dbg.o [1]
  .rodata            const     0x800'9989      0x1  os_dbg.o [1]
  .rodata            const     0x800'998a      0x1  os_dbg.o [1]
  .rodata            const     0x800'998b      0x1  os_dbg.o [1]
  .rodata            const     0x800'998c      0x1  os_dbg.o [1]
  .rodata            const     0x800'998d      0x1  os_dbg.o [1]
  .rodata            const     0x800'998e      0x1  os_dbg.o [1]
  .rodata            const     0x800'998f      0x1  os_dbg.o [1]
  .rodata            const     0x800'9990      0x1  os_dbg.o [1]
  .text              ro code   0x800'9994      0x0  cstart_closeall.o [4]
  .rodata            const     0x800'9994      0x0  zero_init3.o [4]
  .rodata            const     0x800'9994      0x0  packbits_init.o [4]
  Initializer bytes  const     0x800'9994    0x25f  <for P4 s0>
                             - 0x800'9bf3   0x9a47

"P3":                                       0x2000
  CSTACK                      0x1000'0000   0x2000  <Block>
    CSTACK           uninit   0x1000'0000   0x2000  <Block tail>
                            - 0x1000'2000   0x2000

"P4", part 1 of 3:                           0x5d0
  P4 s0                       0x2000'0000    0x5d0  <Init block>
    .data            inited   0x2000'0000     0x48  xfiles.o [2]
    .data            inited   0x2000'0048     0x48  xfiles.o [2]
    .data            inited   0x2000'0090     0x48  xfiles.o [2]
    .data            inited   0x2000'00d8     0x38  xlocale_c.o [2]
    .data            inited   0x2000'0110     0x20  C610.o [1]
    .data            inited   0x2000'0130     0x20  C610.o [1]
    .data            inited   0x2000'0150     0x20  C610.o [1]
    .data            inited   0x2000'0170     0x20  C610.o [1]
    .data            inited   0x2000'0190     0x20  C610.o [1]
    .data            inited   0x2000'01b0     0x20  C610.o [1]
    .data            inited   0x2000'01d0     0x20  C610.o [1]
    .data            inited   0x2000'01f0     0x20  C610.o [1]
    .data            inited   0x2000'0210     0x20  C610.o [1]
    .data            inited   0x2000'0230     0x20  C610.o [1]
    .data            inited   0x2000'0250     0x20  C610.o [1]
    .data            inited   0x2000'0270     0x20  C610.o [1]
    .data            inited   0x2000'0290     0x20  C610.o [1]
    .data            inited   0x2000'02b0     0x20  C610.o [1]
    .data            inited   0x2000'02d0     0x20  C610.o [1]
    .data            inited   0x2000'02f0     0x20  C610.o [1]
    .data            inited   0x2000'0310     0x20  C620.o [1]
    .data            inited   0x2000'0330     0x20  C620.o [1]
    .data            inited   0x2000'0350     0x20  C620.o [1]
    .data            inited   0x2000'0370     0x20  C620.o [1]
    .data            inited   0x2000'0390     0x20  C620.o [1]
    .data            inited   0x2000'03b0     0x20  C620.o [1]
    .data            inited   0x2000'03d0     0x20  C620.o [1]
    .data            inited   0x2000'03f0     0x20  C620.o [1]
    .data            inited   0x2000'0410     0x20  C620.o [1]
    .data            inited   0x2000'0430     0x20  C620.o [1]
    .data            inited   0x2000'0450     0x20  C620.o [1]
    .data            inited   0x2000'0470     0x20  C620.o [1]
    .data            inited   0x2000'0490     0x20  PID.o [1]
    .data            inited   0x2000'04b0     0x20  PID.o [1]
    .data            inited   0x2000'04d0     0x20  PID.o [1]
    .data            inited   0x2000'04f0     0x20  PID.o [1]
    .data            inited   0x2000'0510     0x20  PID.o [1]
    .data            inited   0x2000'0530     0x20  PID.o [1]
    .data            inited   0x2000'0550     0x20  PID.o [1]
    .data            inited   0x2000'0570     0x20  xfiles.o [2]
    .data            inited   0x2000'0590     0x10  stm32f4xx_rcc.o [1]
    .data            inited   0x2000'05a0      0xc  RobotCtrl.o [1]
    .data            inited   0x2000'05ac      0x4  app.o [1]
    .data            inited   0x2000'05b0      0x4  app.o [1]
    .data            inited   0x2000'05b4      0x4  app.o [1]
    .data            inited   0x2000'05b8      0x4  C610.o [1]
    .data            inited   0x2000'05bc      0x4  C610.o [1]
    .data            inited   0x2000'05c0      0x4  C610.o [1]
    .data            inited   0x2000'05c4      0x4  C610.o [1]
    .data            inited   0x2000'05c8      0x4  RobotCtrl.o [1]
    .data            inited   0x2000'05cc      0x4  RobotCtrl.o [1]
                            - 0x2000'05d0    0x5d0

"P4", part 2 of 3:                         0x11d98
  .bss               zero     0x2000'05d0   0xf000  lib_mem.o [1]
  .bss               zero     0x2000'f5d0    0x800  app.o [1]
  .bss               zero     0x2000'fdd0    0x4b0  os_cfg_app.o [1]
  .bss               zero     0x2001'0280    0x400  app.o [1]
  .bss               zero     0x2001'0680    0x400  app.o [1]
  .bss               zero     0x2001'0a80    0x400  os_cfg_app.o [1]
  .bss               zero     0x2001'0e80    0x200  os_cfg_app.o [1]
  .bss               zero     0x2001'1080    0x200  os_cfg_app.o [1]
  .bss               zero     0x2001'1280    0x200  os_cfg_app.o [1]
  .bss               zero     0x2001'1480    0x1b0  C610.o [1]
  .bss               zero     0x2001'1630    0x1b0  C620.o [1]
  .bss               zero     0x2001'17e0    0x180  os_var.o [1]
  .bss               zero     0x2001'1960     0xb4  vesc.o [1]
  .bss               zero     0x2001'1a14     0xb0  app.o [1]
  .bss               zero     0x2001'1ac4     0xb0  app.o [1]
  .bss               zero     0x2001'1b74     0xb0  app.o [1]
  .bss               zero     0x2001'1c24     0xb0  os_var.o [1]
  .bss               zero     0x2001'1cd4     0xb0  os_var.o [1]
  .bss               zero     0x2001'1d84     0xb0  os_var.o [1]
  .bss               zero     0x2001'1e34     0x80  XShHandles.o [2]
  .bss               zero     0x2001'1eb4     0x50  xfiles.o [2]
  .bss               zero     0x2001'1f04     0x50  xfiles.o [2]
  .bss               zero     0x2001'1f54     0x40  C610.o [1]
  .bss               zero     0x2001'1f94     0x40  C620.o [1]
  .bss               zero     0x2001'1fd4     0x3c  RobotCtrl.o [1]
  .bss               zero     0x2001'2010     0x38  C610.o [1]
  .bss               zero     0x2001'2048     0x38  C620.o [1]
  .bss               zero     0x2001'2080     0x30  RobotCtrl.o [1]
  .bss               zero     0x2001'20b0     0x30  RobotCtrl.o [1]
  .bss               zero     0x2001'20e0     0x2c  os_var.o [1]
  .bss               zero     0x2001'210c     0x24  app.o [1]
  .bss               zero     0x2001'2130     0x24  app.o [1]
  .bss               zero     0x2001'2154     0x24  app.o [1]
  .bss               zero     0x2001'2178     0x24  r1v2.o [1]
  .bss               zero     0x2001'219c     0x24  r1v2.o [1]
  .bss               zero     0x2001'21c0     0x24  r1v2.o [1]
  .bss               zero     0x2001'21e4     0x1c  RobotCtrl.o [1]
  .bss               zero     0x2001'2200     0x14  can.o [1]
  .bss               zero     0x2001'2214     0x14  lib_mem.o [1]
  .bss               zero     0x2001'2228      0xc  os_var.o [1]
  .bss               zero     0x2001'2234      0xc  RobotCtrl.o [1]
  .bss               zero     0x2001'2240      0xc  RobotCtrl.o [1]
  .bss               zero     0x2001'224c      0xc  RobotCtrl.o [1]
  .bss               zero     0x2001'2258      0x8  app.o [1]
  .bss               zero     0x2001'2260      0x8  app.o [1]
  .bss               zero     0x2001'2268      0x8  app.o [1]
  .bss               zero     0x2001'2270      0x8  C610.o [1]
  .bss               zero     0x2001'2278      0x8  C620.o [1]
  .bss               zero     0x2001'2280      0x8  motor.o [1]
  .bss               zero     0x2001'2288      0x8  os_var.o [1]
  .bss               zero     0x2001'2290      0x8  os_var.o [1]
  .bss               zero     0x2001'2298      0x8  vesc.o [1]
  .bss               zero     0x2001'22a0      0x8  heap0.o [2]
  .bss               zero     0x2001'22a8      0x4  app.o [1]
  .bss               zero     0x2001'22ac      0x4  app.o [1]
  .bss               zero     0x2001'22b0      0x4  C610.o [1]
  .bss               zero     0x2001'22b4      0x4  C610.o [1]
  .bss               zero     0x2001'22b8      0x4  C610.o [1]
  .bss               zero     0x2001'22bc      0x4  C610.o [1]
  .bss               zero     0x2001'22c0      0x4  C620.o [1]
  .bss               zero     0x2001'22c4      0x4  cpu_core.o [1]
  .bss               zero     0x2001'22c8      0x4  lib_math.o [1]
  .bss               zero     0x2001'22cc      0x4  lib_mem.o [1]
  .bss               zero     0x2001'22d0      0x4  motor.o [1]
  .bss               zero     0x2001'22d4      0x4  motor.o [1]
  .bss               zero     0x2001'22d8      0x4  motor.o [1]
  .bss               zero     0x2001'22dc      0x4  motor.o [1]
  .bss               zero     0x2001'22e0      0x4  motor.o [1]
  .bss               zero     0x2001'22e4      0x4  motor.o [1]
  .bss               zero     0x2001'22e8      0x4  motor.o [1]
  .bss               zero     0x2001'22ec      0x4  os_cpu_c.o [1]
  .bss               zero     0x2001'22f0      0x4  os_prio.o [1]
  .bss               zero     0x2001'22f4      0x4  os_var.o [1]
  .bss               zero     0x2001'22f8      0x4  os_var.o [1]
  .bss               zero     0x2001'22fc      0x4  os_var.o [1]
  .bss               zero     0x2001'2300      0x4  os_var.o [1]
  .bss               zero     0x2001'2304      0x4  os_var.o [1]
  .bss               zero     0x2001'2308      0x4  os_var.o [1]
  .bss               zero     0x2001'230c      0x4  os_var.o [1]
  .bss               zero     0x2001'2310      0x4  os_var.o [1]
  .bss               zero     0x2001'2314      0x4  os_var.o [1]
  .bss               zero     0x2001'2318      0x4  os_var.o [1]
  .bss               zero     0x2001'231c      0x4  os_var.o [1]
  .bss               zero     0x2001'2320      0x4  os_var.o [1]
  .bss               zero     0x2001'2324      0x4  os_var.o [1]
  .bss               zero     0x2001'2328      0x4  os_var.o [1]
  .bss               zero     0x2001'232c      0x4  os_var.o [1]
  .bss               zero     0x2001'2330      0x4  os_var.o [1]
  .bss               zero     0x2001'2334      0x4  tim.o [1]
  .bss               zero     0x2001'2338      0x4  vesc.o [1]
  .bss               zero     0x2001'233c      0x4  xgetmemchunk.o [2]
  .bss               zero     0x2001'2340      0x4  xfail_s.o [2]
  .bss               zero     0x2001'2344      0x2  app.o [1]
  .bss               zero     0x2001'2346      0x2  motor.o [1]
  .bss               zero     0x2001'2348      0x2  os_var.o [1]
  .bss               zero     0x2001'234a      0x2  os_var.o [1]
  .bss               zero     0x2001'234c      0x2  os_var.o [1]
  .bss               zero     0x2001'234e      0x2  os_var.o [1]
  .bss               zero     0x2001'2350      0x2  os_var.o [1]
  .bss               zero     0x2001'2352      0x2  os_var.o [1]
  .bss               zero     0x2001'2354      0x2  os_var.o [1]
  .bss               zero     0x2001'2356      0x1  BT.o [1]
  .bss               zero     0x2001'2357      0x1  BT.o [1]
  .bss               zero     0x2001'2358      0x1  BT.o [1]
  .bss               zero     0x2001'2359      0x1  BT.o [1]
  .bss               zero     0x2001'235a      0x1  can.o [1]
  .bss               zero     0x2001'235b      0x1  can.o [1]
  .bss               zero     0x2001'235c      0x1  can.o [1]
  .bss               zero     0x2001'235d      0x1  can.o [1]
  .bss               zero     0x2001'235e      0x1  os_var.o [1]
  .bss               zero     0x2001'235f      0x1  os_var.o [1]
  .bss               zero     0x2001'2360      0x1  os_var.o [1]
  .bss               zero     0x2001'2361      0x1  os_var.o [1]
  .bss               zero     0x2001'2362      0x1  os_var.o [1]
  .bss               zero     0x2001'2363      0x1  os_var.o [1]
  .bss               zero     0x2001'2364      0x1  os_var.o [1]
  .bss               zero     0x2001'2365      0x1  r1v2.o [1]
                            - 0x2001'2366  0x11d96

"P4", part 3 of 3:                          0x2000
  HEAP                        0x2001'2368   0x2000  <Block>
    HEAP             uninit   0x2001'2368   0x2000  <Block tail>
                            - 0x2001'4368   0x2000

Unused ranges:

         From           To       Size
         ----           --       ----
   0x800'9bf3   0x81f'ffff  0x1f'640d
  0x1000'2000  0x1000'ffff     0xe000
  0x2001'4368  0x2001'bfff     0x7c98
  0x2001'c000  0x2001'ffff     0x4000
  0x2002'0000  0x2002'ffff   0x1'0000


*******************************************************************************
*** INIT TABLE
***

          Address      Size
          -------      ----
Zero (__iar_zero_init3)
    1 destination range, total size 0x11d96:
          0x2000'05d0  0x11d96

Copy/packbits (__iar_packbits_init3)
    1 source range, total size 0x25f (40% of destination):
           0x800'9994    0x25f
    1 destination range, total size 0x5d0:
          0x2000'0000    0x5d0



*******************************************************************************
*** MODULE SUMMARY
***

    Module                 ro code  ro data  rw data
    ------                 -------  -------  -------
command line/config:
    ------------------------------------------------
    Total:

D:\Kipper\program\RTS\RTS-2023\Debug\Obj: [1]
    BT.o                       372                 4
    C610.o                   3 440      215    1 104
    C620.o                   2 148      157      948
    PID.o                    1 296       91      224
    RobotCtrl.o              2 132       33      240
    app.o                    1 284       97    4 778
    bsp.o                      132
    can.o                    1 360                24
    cpu_a.o                     52
    cpu_core.o                  36                 4
    led.o                      172
    lib_math.o                  32                 4
    lib_mem.o                  136        8   61 464
    misc.o                     128
    motor.o                    628                38
    os_cfg_app.o               148       88    3 760
    os_core.o                2 112       40
    os_cpu_a.o                 264
    os_cpu_c.o                 720                 4
    os_dbg.o                   416      337
    os_flag.o                  108
    os_mem.o                    28
    os_msg.o                   184
    os_mutex.o                 918
    os_prio.o                  116                 4
    os_sem.o                   104
    os_task.o                1 840        8
    os_tick.o                1 068       20
    os_time.o                  324
    os_tmr.o                   480       40
    os_var.o                                   1 069
    r1v2.o                     704               109
    startup_stm32f427xx.o      764
    stm32f4xx_can.o          1 556
    stm32f4xx_gpio.o           270
    stm32f4xx_it.o             276      276
    stm32f4xx_rcc.o            368        7       16
    stm32f4xx_tim.o            232
    stm32f4xx_usart.o          744
    system_stm32f4xx.o         324
    tim.o                      148                 4
    vesc.o                     232               192
    ------------------------------------------------
    Total:                  27 796    1 417   73 990

dl7M_tlf.a: [2]
    XShHandles.o               204               128
    abort.o                      6
    exit.o                       4
    fclose.o                   126
    fflush.o                   172
    fputc.o                     84
    fseek.o                     36
    heap0.o                    320                 8
    heaptramp0.o                 4
    low_level_init.o             4
    printf.o                    40
    putchar.o                   12
    xcloseall.o                 60
    xfail_s.o                   64                 4
    xfgpos.o                    12
    xfiles.o                            101      408
    xfofind.o                  140
    xfspos.o                   216
    xfwprep.o                  180
    xgetmemchunk.o              44                 4
    xlocale_c.o                  8       26       56
    xprintffull_nomb.o       3 570
    xprout.o                    22
    ------------------------------------------------
    Total:                   5 328      127      608

m7M_tls.a: [3]
    DblAdd.o                   378
    DblCmpGe.o                  46
    DblCmpLe.o                  46
    DblDiv.o                   582
    DblMul.o                   418
    DblSub.o                   226
    DblToFlt.o                 104
    DblToS32.o                  58
    DblToU32.o                  40
    FltToDbl.o                  72
    S32ToDbl.o                  34
    S64ToFlt.o                  88
    U32ToDbl.o                  26
    cos_sin64.o              1 092
    fpinit_M.o                  34
    frexp.o                    112
    ldexp.o                    314
    math_wrappers64.o           30
    ------------------------------------------------
    Total:                   3 700

rt7M_tl.a: [4]
    ABImemcpy.o                166
    I64DivMod.o                560
    I64DivZer.o                  2
    cexit.o                     14
    cmain.o                     30
    cstart_closeall.o
    cstartup_M.o                12
    data_init.o                 40
    memchr.o                    88
    packbits_init.o            156
    strchr.o                    22
    strlen.o                    54
    zero_init3.o                58
    ------------------------------------------------
    Total:                   1 202

shb_l.a: [5]
    close.o                     24
    dwrite.o                    30
    exit.o                      20
    iarwrite.o                  34
    iarwstdswo.o                80
    lseek.o                     74
    remove.o                    20
    write.o                     16
    ------------------------------------------------
    Total:                     298

    Gaps                         3        8
    Linker created                       44   16 384
----------------------------------------------------
    Grand Total:            38 327    1 596   90 982


*******************************************************************************
*** ENTRY LIST
***

Entry                       Address    Size  Type      Object
-----                       -------    ----  ----      ------
.iar.init_table$$Base    0x800'9564           --   Gb  - Linker created -
.iar.init_table$$Limit   0x800'9590           --   Gb  - Linker created -
?main                    0x800'95d5          Code  Gb  cmain.o [4]
APBAHBPrescTable        0x2000'0590    0x10  Data  Lc  stm32f4xx_rcc.o [1]
Aldata                  0x2001'22a0     0x8  Data  Lc  heap0.o [2]
BSP_CPU_ClkFreq          0x800'69f9     0xe  Code  Gb  bsp.o [1]
BSP_Init                 0x800'6a13    0x36  Code  Gb  bsp.o [1]
BSP_OSTickInit           0x800'6a07     0xc  Code  Gb  bsp.o [1]
BT_Count                0x2001'2358     0x1  Data  Gb  BT.o [1]
BT_Step                 0x2001'2357     0x1  Data  Gb  BT.o [1]
BT_usart3_init           0x800'6de9    0xc4  Code  Gb  BT.o [1]
BusFault_Handler         0x800'8d51     0x2  Code  Gb  stm32f4xx_it.o [1]
CAN1_Init                0x800'2f95   0x10e  Code  Gb  can.o [1]
CAN1_RX0_IRQHandler      0x800'32cd    0x92  Code  Gb  can.o [1]
CAN1_RX0_IRQHandler::overrun
                        0x2001'235a     0x1  Data  Lc  can.o [1]
CAN1_RX1_IRQHandler      0x800'335f    0x92  Code  Gb  can.o [1]
CAN1_RX1_IRQHandler::overrun
                        0x2001'235b     0x1  Data  Lc  can.o [1]
CAN1_Send_Msg            0x800'31fb    0x48  Code  Gb  can.o [1]
CAN1_Send_Msg_ExtendID   0x800'3243    0x48  Code  Gb  can.o [1]
CAN2_Init                0x800'30a3   0x158  Code  Gb  can.o [1]
CAN2_RX0_IRQHandler      0x800'33f1    0x68  Code  Gb  can.o [1]
CAN2_RX0_IRQHandler::overrun
                        0x2001'235c     0x1  Data  Lc  can.o [1]
CAN2_RX1_IRQHandler      0x800'3459    0x68  Code  Gb  can.o [1]
CAN2_RX1_IRQHandler::overrun
                        0x2001'235d     0x1  Data  Lc  can.o [1]
CAN2_Send_Msg            0x800'328b    0x42  Code  Gb  can.o [1]
CAN_ClearITPendingBit    0x800'3d69    0x92  Code  Gb  stm32f4xx_can.o [1]
CAN_FilterInit           0x800'391f    0xda  Code  Gb  stm32f4xx_can.o [1]
CAN_GetITStatus          0x800'3c81    0xe8  Code  Gb  stm32f4xx_can.o [1]
CAN_ITConfig             0x800'3c69    0x18  Code  Gb  stm32f4xx_can.o [1]
CAN_Init                 0x800'3815   0x10a  Code  Gb  stm32f4xx_can.o [1]
CAN_Receive              0x800'3b65   0x104  Code  Gb  stm32f4xx_can.o [1]
CAN_StructInit           0x800'39f9    0x2e  Code  Gb  stm32f4xx_can.o [1]
CAN_Transmit             0x800'3a27   0x13e  Code  Gb  stm32f4xx_can.o [1]
CH                      0x2001'219c    0x24  Data  Gb  r1v2.o [1]
CH_MEM                  0x2001'21c0    0x24  Data  Gb  r1v2.o [1]
CPU_CntLeadZeros         0x800'69e3          Code  Gb  cpu_a.o [1]
CPU_CntTrailZeros        0x800'69e9          Code  Gb  cpu_a.o [1]
CPU_Init                 0x800'64c5     0x8  Code  Gb  cpu_core.o [1]
CPU_IntDis               0x800'69c5          Code  Gb  cpu_a.o [1]
CPU_IntEn                0x800'69c9          Code  Gb  cpu_a.o [1]
CPU_RevBits              0x800'69f3          Code  Gb  cpu_a.o [1]
CPU_SR_Restore           0x800'69d5          Code  Gb  cpu_a.o [1]
CPU_SR_Save              0x800'69cd          Code  Gb  cpu_a.o [1]
CPU_SW_Exception         0x800'64cd     0x2  Code  Gb  cpu_core.o [1]
CPU_TS_Init              0x800'64d5     0xe  Code  Lc  cpu_core.o [1]
CPU_TS_TmrFreqSet        0x800'64cf     0x6  Code  Gb  cpu_core.o [1]
CPU_TS_TmrFreq_Hz       0x2001'22c4     0x4  Data  Gb  cpu_core.o [1]
CPU_TS_TmrInit           0x800'6a49    0x26  Code  Gb  bsp.o [1]
CPU_WaitForExcept        0x800'69df          Code  Gb  cpu_a.o [1]
CPU_WaitForInt           0x800'69db          Code  Gb  cpu_a.o [1]
CSTACK$$Base            0x1000'0000           --   Gb  - Linker created -
CSTACK$$Limit           0x1000'2000           --   Gb  - Linker created -
Capstep                 0x2001'22bc     0x4  Data  Gb  C610.o [1]
Capture                  0x800'274b   0x108  Code  Gb  C610.o [1]
CheckITStatus            0x800'3e19    0x10  Code  Lc  stm32f4xx_can.o [1]
DebugMon_Handler         0x800'8d57     0x2  Code  Gb  stm32f4xx_it.o [1]
Formula_4Omni            0x800'7445   0x138  Code  Gb  RobotCtrl.o [1]
Formula_World2Robo       0x800'73c1    0x80  Code  Gb  RobotCtrl.o [1]
GPIO_Init                0x800'3705    0xa8  Code  Gb  stm32f4xx_gpio.o [1]
GPIO_PinAFConfig         0x800'37bf    0x54  Code  Gb  stm32f4xx_gpio.o [1]
GPIO_ResetBits           0x800'37b1     0x4  Code  Gb  stm32f4xx_gpio.o [1]
GPIO_SetBits             0x800'37ad     0x4  Code  Gb  stm32f4xx_gpio.o [1]
GPIO_ToggleBits          0x800'37b5     0xa  Code  Gb  stm32f4xx_gpio.o [1]
HEAP$$Base              0x2001'2368           --   Gb  - Linker created -
HEAP$$Limit             0x2001'4368           --   Gb  - Linker created -
HardFault_Handler        0x800'8d3d    0x12  Code  Gb  stm32f4xx_it.o [1]
InitStatus              0x2001'2154    0x24  Data  Gb  app.o [1]
KEY_VALUE               0x2001'2359     0x1  Data  Gb  BT.o [1]
LED1_Init                0x800'6a7d    0x32  Code  Gb  led.o [1]
LED2_Init                0x800'6aaf    0x32  Code  Gb  led.o [1]
LoRa_Init                0x800'6ead     0x8  Code  Gb  BT.o [1]
LoadInt                  0x800'035b    0x7a  Code  Lc  xprintffull_nomb.o [2]
MOTOR                   0x2001'1630   0x1b0  Data  Gb  C620.o [1]
MOTOR_C610              0x2001'1480   0x1b0  Data  Gb  C610.o [1]
MOTOR_DEAD_VAL           0x800'9824     0x4  Data  Gb  RobotCtrl.o [1]
MOTOR_MAX_SPEED          0x800'9828     0x4  Data  Gb  RobotCtrl.o [1]
MOTOR_V                 0x2001'1960    0xb4  Data  Gb  vesc.o [1]
Math_Init                0x800'8605     0xa  Code  Gb  lib_math.o [1]
Math_RandSeedCur        0x2001'22c8     0x4  Data  Gb  lib_math.o [1]
Math_RandSetSeed         0x800'860f    0x12  Code  Gb  lib_math.o [1]
MemManage_Handler        0x800'8d4f     0x2  Code  Gb  stm32f4xx_it.o [1]
Mem_Heap                0x2000'05d0  0xf000  Data  Gb  lib_mem.o [1]
Mem_Init                 0x800'857d    0x38  Code  Gb  lib_mem.o [1]
Mem_SegCreate            0x800'85b5    0x22  Code  Gb  lib_mem.o [1]
Mem_SegCreateCritical    0x800'85d7    0x1e  Code  Lc  lib_mem.o [1]
Mem_SegHeadPtr          0x2001'22cc     0x4  Data  Gb  lib_mem.o [1]
Mem_SegHeap             0x2001'2214    0x14  Data  Gb  lib_mem.o [1]
Motor1PID               0x2000'0310    0x20  Data  Gb  C620.o [1]
Motor1PID_C610          0x2000'0110    0x20  Data  Gb  C610.o [1]
Motor2PID               0x2000'0330    0x20  Data  Gb  C620.o [1]
Motor2PID_C610          0x2000'0130    0x20  Data  Gb  C610.o [1]
Motor3PID               0x2000'0350    0x20  Data  Gb  C620.o [1]
Motor3PID_C610          0x2000'0150    0x20  Data  Gb  C610.o [1]
Motor4PID               0x2000'0370    0x20  Data  Gb  C620.o [1]
Motor4PID_C610          0x2000'0170    0x20  Data  Gb  C610.o [1]
Motor5PID               0x2000'0390    0x20  Data  Gb  C620.o [1]
Motor5PID_C610          0x2000'0190    0x20  Data  Gb  C610.o [1]
Motor6PID               0x2000'03b0    0x20  Data  Gb  C620.o [1]
Motor6PID_C610          0x2000'01b0    0x20  Data  Gb  C610.o [1]
Motor7PID               0x2000'03d0    0x20  Data  Gb  C620.o [1]
Motor7PID_C610          0x2000'01d0    0x20  Data  Gb  C610.o [1]
Motor8PID               0x2000'03f0    0x20  Data  Gb  C620.o [1]
Motor8PID_C610          0x2000'01f0    0x20  Data  Gb  C610.o [1]
MotorData               0x2001'2278     0x8  Data  Gb  C620.o [1]
MotorData_C610          0x2001'2270     0x8  Data  Gb  C610.o [1]
MotorData_send          0x2001'1f94    0x40  Data  Gb  C620.o [1]
MotorData_send_C610     0x2001'1f54    0x40  Data  Gb  C610.o [1]
MotorData_v             0x2001'2298     0x8  Data  Gb  vesc.o [1]
MotorPID1_C610          0x2000'0210    0x20  Data  Gb  C610.o [1]
MotorPID2_C610          0x2000'0230    0x20  Data  Gb  C610.o [1]
MotorPID3_C610          0x2000'0250    0x20  Data  Gb  C610.o [1]
MotorPID4_C610          0x2000'0270    0x20  Data  Gb  C610.o [1]
MotorPID5               0x2000'0410    0x20  Data  Gb  C620.o [1]
MotorPID5_C610          0x2000'0290    0x20  Data  Gb  C610.o [1]
MotorPID6               0x2000'0430    0x20  Data  Gb  C620.o [1]
MotorPID6_C610          0x2000'02b0    0x20  Data  Gb  C610.o [1]
MotorPID7               0x2000'0450    0x20  Data  Gb  C620.o [1]
MotorPID7_C610          0x2000'02d0    0x20  Data  Gb  C610.o [1]
MotorPID8               0x2000'0470    0x20  Data  Gb  C620.o [1]
MotorPID8_C610          0x2000'02f0    0x20  Data  Gb  C610.o [1]
MotorVal                0x2001'2048    0x38  Data  Gb  C620.o [1]
MotorVal_C610           0x2001'2010    0x38  Data  Gb  C610.o [1]
Motor_Analyze            0x800'46e9   0x1d2  Code  Gb  C620.o [1]
Motor_Analyze::i        0x2001'22c0     0x4  Data  Lc  C620.o [1]
Motor_Analyze_C610       0x800'1cbd   0x1d2  Code  Gb  C610.o [1]
Motor_Analyze_C610::i   0x2001'22b0     0x4  Data  Lc  C610.o [1]
Motor_Analyze_vesc       0x800'4fad    0x7c  Code  Gb  vesc.o [1]
Motor_Analyze_vesc::i   0x2001'2338     0x4  Data  Lc  vesc.o [1]
Motor_Position_Ctrl      0x800'4a71   0x308  Code  Gb  C620.o [1]
Motor_Position_Ctrl_C610
                         0x800'2045   0x61e  Code  Gb  C610.o [1]
Motor_Speed_Ctrl_C610    0x800'1e8f   0x1b6  Code  Gb  C610.o [1]
Motor_Speed_Ctrl_C620    0x800'48bb   0x1b6  Code  Gb  C620.o [1]
Mt                      0x2001'22a8     0x4  Data  Gb  app.o [1]
NMI_Handler              0x800'8c45     0x2  Code  Gb  stm32f4xx_it.o [1]
NVIC_Init                0x800'3e33    0x62  Code  Gb  misc.o [1]
NVIC_PriorityGroupConfig
                         0x800'3e29     0xa  Code  Gb  misc.o [1]
OSCfg_DataSizeRAM        0x800'9814     0x4  Data  Gb  os_cfg_app.o [1]
OSCfg_ISRStk            0x2001'0a80   0x400  Data  Gb  os_cfg_app.o [1]
OSCfg_ISRStkBasePtr      0x800'97d4     0x4  Data  Gb  os_cfg_app.o [1]
OSCfg_ISRStkSize         0x800'97d8     0x4  Data  Gb  os_cfg_app.o [1]
OSCfg_ISRStkSizeRAM      0x800'97dc     0x4  Data  Gb  os_cfg_app.o [1]
OSCfg_IdleTaskStk       0x2001'0e80   0x200  Data  Gb  os_cfg_app.o [1]
OSCfg_IdleTaskStkBasePtr
                         0x800'97b0     0x4  Data  Gb  os_cfg_app.o [1]
OSCfg_IdleTaskStkLimit   0x800'97c8     0x4  Data  Gb  os_cfg_app.o [1]
OSCfg_IdleTaskStkSize    0x800'97cc     0x4  Data  Gb  os_cfg_app.o [1]
OSCfg_IdleTaskStkSizeRAM
                         0x800'97d0     0x4  Data  Gb  os_cfg_app.o [1]
OSCfg_Init               0x800'6329    0x94  Code  Gb  os_cfg_app.o [1]
OSCfg_MsgPool           0x2000'fdd0   0x4b0  Data  Gb  os_cfg_app.o [1]
OSCfg_MsgPoolBasePtr     0x800'97e4     0x4  Data  Gb  os_cfg_app.o [1]
OSCfg_MsgPoolSize        0x800'0fee     0x2  Data  Gb  os_cfg_app.o [1]
OSCfg_MsgPoolSizeRAM     0x800'97e0     0x4  Data  Gb  os_cfg_app.o [1]
OSCfg_StkSizeMin         0x800'97e8     0x4  Data  Gb  os_cfg_app.o [1]
OSCfg_TickRate_Hz        0x800'97ec     0x4  Data  Gb  os_cfg_app.o [1]
OSCfg_TickTaskPrio       0x800'9590     0x1  Data  Gb  os_cfg_app.o [1]
OSCfg_TickTaskStk       0x2001'1080   0x200  Data  Gb  os_cfg_app.o [1]
OSCfg_TickTaskStkBasePtr
                         0x800'97f0     0x4  Data  Gb  os_cfg_app.o [1]
OSCfg_TickTaskStkLimit   0x800'97f4     0x4  Data  Gb  os_cfg_app.o [1]
OSCfg_TickTaskStkSize    0x800'97f8     0x4  Data  Gb  os_cfg_app.o [1]
OSCfg_TickTaskStkSizeRAM
                         0x800'97fc     0x4  Data  Gb  os_cfg_app.o [1]
OSCfg_TmrTaskPrio        0x800'9591     0x1  Data  Gb  os_cfg_app.o [1]
OSCfg_TmrTaskRate_Hz     0x800'9800     0x4  Data  Gb  os_cfg_app.o [1]
OSCfg_TmrTaskStk        0x2001'1280   0x200  Data  Gb  os_cfg_app.o [1]
OSCfg_TmrTaskStkBasePtr
                         0x800'9804     0x4  Data  Gb  os_cfg_app.o [1]
OSCfg_TmrTaskStkLimit    0x800'9808     0x4  Data  Gb  os_cfg_app.o [1]
OSCfg_TmrTaskStkSize     0x800'980c     0x4  Data  Gb  os_cfg_app.o [1]
OSCfg_TmrTaskStkSizeRAM
                         0x800'9810     0x4  Data  Gb  os_cfg_app.o [1]
OSCtxSw                  0x800'6455          Code  Gb  os_cpu_a.o [1]
OSDbg_AppHooksEn         0x800'960a     0x1  Data  Gb  os_dbg.o [1]
OSDbg_ArgChkEn           0x800'95fb     0x1  Data  Gb  os_dbg.o [1]
OSDbg_CalledFromISRChkEn
                         0x800'960b     0x1  Data  Gb  os_dbg.o [1]
OSDbg_DataSize           0x800'9820     0x4  Data  Gb  os_dbg.o [1]
OSDbg_DbgEn              0x800'95fa     0x1  Data  Gb  os_dbg.o [1]
OSDbg_EndiannessTest     0x800'9818     0x4  Data  Gb  os_dbg.o [1]
OSDbg_FlagDelEn          0x800'963b     0x1  Data  Gb  os_dbg.o [1]
OSDbg_FlagEn             0x800'963a     0x1  Data  Gb  os_dbg.o [1]
OSDbg_FlagGrp            0x800'94f8    0x24  Data  Gb  os_dbg.o [1]
OSDbg_FlagGrpSize        0x800'1066     0x2  Data  Gb  os_dbg.o [1]
OSDbg_FlagModeClrEn      0x800'9970     0x1  Data  Gb  os_dbg.o [1]
OSDbg_FlagPendAbortEn    0x800'9971     0x1  Data  Gb  os_dbg.o [1]
OSDbg_FlagWidth          0x800'1492     0x2  Data  Gb  os_dbg.o [1]
OSDbg_ISRPostDeferredEn
                         0x800'9972     0x1  Data  Gb  os_dbg.o [1]
OSDbg_Mem                0x800'9594    0x20  Data  Gb  os_dbg.o [1]
OSDbg_MemEn              0x800'9973     0x1  Data  Gb  os_dbg.o [1]
OSDbg_MemSize            0x800'153a     0x2  Data  Gb  os_dbg.o [1]
OSDbg_MsgEn              0x800'9974     0x1  Data  Gb  os_dbg.o [1]
OSDbg_MsgPoolSize        0x800'160a     0x2  Data  Gb  os_dbg.o [1]
OSDbg_MsgQSize           0x800'1746     0x2  Data  Gb  os_dbg.o [1]
OSDbg_MsgSize            0x800'15da     0x2  Data  Gb  os_dbg.o [1]
OSDbg_Mutex              0x800'94a4    0x2c  Data  Gb  os_dbg.o [1]
OSDbg_MutexDelEn         0x800'9976     0x1  Data  Gb  os_dbg.o [1]
OSDbg_MutexEn            0x800'9975     0x1  Data  Gb  os_dbg.o [1]
OSDbg_MutexPendAbortEn   0x800'9977     0x1  Data  Gb  os_dbg.o [1]
OSDbg_MutexSize          0x800'1782     0x2  Data  Gb  os_dbg.o [1]
OSDbg_ObjTypeChkEn       0x800'9978     0x1  Data  Gb  os_dbg.o [1]
OSDbg_PendDataSize       0x800'17a6     0x2  Data  Gb  os_dbg.o [1]
OSDbg_PendListSize       0x800'188a     0x2  Data  Gb  os_dbg.o [1]
OSDbg_PendMultiEn        0x800'9979     0x1  Data  Gb  os_dbg.o [1]
OSDbg_PendObjSize        0x800'1ad2     0x2  Data  Gb  os_dbg.o [1]
OSDbg_PrioMax            0x800'1b16     0x2  Data  Gb  os_dbg.o [1]
OSDbg_PrioTblSize        0x800'1b26     0x2  Data  Gb  os_dbg.o [1]
OSDbg_PtrSize            0x800'1b2a     0x2  Data  Gb  os_dbg.o [1]
OSDbg_Q                  0x800'93e4    0x30  Data  Gb  os_dbg.o [1]
OSDbg_QDelEn             0x800'997b     0x1  Data  Gb  os_dbg.o [1]
OSDbg_QEn                0x800'997a     0x1  Data  Gb  os_dbg.o [1]
OSDbg_QFlushEn           0x800'997c     0x1  Data  Gb  os_dbg.o [1]
OSDbg_QPendAbortEn       0x800'997d     0x1  Data  Gb  os_dbg.o [1]
OSDbg_QSize              0x800'1ca6     0x2  Data  Gb  os_dbg.o [1]
OSDbg_RdyList            0x800'69c2     0x2  Data  Gb  os_dbg.o [1]
OSDbg_RdyListSize        0x800'981c     0x4  Data  Gb  os_dbg.o [1]
OSDbg_SchedRoundRobinEn
                         0x800'997e     0x1  Data  Gb  os_dbg.o [1]
OSDbg_Sem                0x800'951c    0x24  Data  Gb  os_dbg.o [1]
OSDbg_SemDelEn           0x800'9980     0x1  Data  Gb  os_dbg.o [1]
OSDbg_SemEn              0x800'997f     0x1  Data  Gb  os_dbg.o [1]
OSDbg_SemPendAbortEn     0x800'9981     0x1  Data  Gb  os_dbg.o [1]
OSDbg_SemSetEn           0x800'9982     0x1  Data  Gb  os_dbg.o [1]
OSDbg_SemSize            0x800'3812     0x2  Data  Gb  os_dbg.o [1]
OSDbg_StatTaskEn         0x800'9984     0x1  Data  Gb  os_dbg.o [1]
OSDbg_StatTaskStkChkEn   0x800'9985     0x1  Data  Gb  os_dbg.o [1]
OSDbg_StkWidth           0x800'9983     0x1  Data  Gb  os_dbg.o [1]
OSDbg_TCBSize            0x800'8f42     0x2  Data  Gb  os_dbg.o [1]
OSDbg_TaskChangePrioEn   0x800'9986     0x1  Data  Gb  os_dbg.o [1]
OSDbg_TaskDelEn          0x800'9987     0x1  Data  Gb  os_dbg.o [1]
OSDbg_TaskProfileEn      0x800'998a     0x1  Data  Gb  os_dbg.o [1]
OSDbg_TaskQEn            0x800'9988     0x1  Data  Gb  os_dbg.o [1]
OSDbg_TaskQPendAbortEn   0x800'9989     0x1  Data  Gb  os_dbg.o [1]
OSDbg_TaskRegTblSize     0x800'7c32     0x2  Data  Gb  os_dbg.o [1]
OSDbg_TaskSemPendAbortEn
                         0x800'998b     0x1  Data  Gb  os_dbg.o [1]
OSDbg_TaskSuspendEn      0x800'998c     0x1  Data  Gb  os_dbg.o [1]
OSDbg_TickListSize       0x800'902e     0x2  Data  Gb  os_dbg.o [1]
OSDbg_TimeDlyHMSMEn      0x800'998d     0x1  Data  Gb  os_dbg.o [1]
OSDbg_TimeDlyResumeEn    0x800'998e     0x1  Data  Gb  os_dbg.o [1]
OSDbg_Tmr                0x800'9414    0x30  Data  Gb  os_dbg.o [1]
OSDbg_TmrDelEn           0x800'9990     0x1  Data  Gb  os_dbg.o [1]
OSDbg_TmrEn              0x800'998f     0x1  Data  Gb  os_dbg.o [1]
OSDbg_TmrSize            0x800'9216     0x2  Data  Gb  os_dbg.o [1]
OSDbg_VersionNbr         0x800'93a6     0x2  Data  Gb  os_dbg.o [1]
OSFlagCreate             0x800'8625    0x3a  Code  Gb  os_flag.o [1]
OSFlagDbgListPtr        0x2001'22f8     0x4  Data  Gb  os_var.o [1]
OSFlagQty               0x2001'2348     0x2  Data  Gb  os_var.o [1]
OSIdleTaskCtr           0x2001'22f4     0x4  Data  Gb  os_var.o [1]
OSIdleTaskTCB           0x2001'1c24    0xb0  Data  Gb  os_var.o [1]
OSInit                   0x800'3ea9   0x114  Code  Gb  os_core.o [1]
OSInitHook               0x800'5035    0x2a  Code  Gb  os_cpu_c.o [1]
OSInitialized           0x2001'2360     0x1  Data  Gb  os_var.o [1]
OSIntCtxSw               0x800'645d          Code  Gb  os_cpu_a.o [1]
OSIntEnter               0x800'3fbd    0x1c  Code  Gb  os_core.o [1]
OSIntExit                0x800'3fd9    0xc4  Code  Gb  os_core.o [1]
OSIntNestingCtr         0x2001'235e     0x1  Data  Gb  os_var.o [1]
OSMemDbgListPtr         0x2001'22fc     0x4  Data  Gb  os_var.o [1]
OSMemQty                0x2001'234a     0x2  Data  Gb  os_var.o [1]
OSMsgPool               0x2001'2228     0xc  Data  Gb  os_var.o [1]
OSMutexCreate            0x800'662d    0x46  Code  Gb  os_mutex.o [1]
OSMutexDbgListPtr       0x2001'2300     0x4  Data  Gb  os_var.o [1]
OSMutexPend              0x800'6673   0x12c  Code  Gb  os_mutex.o [1]
OSMutexPost              0x800'679f   0x132  Code  Gb  os_mutex.o [1]
OSMutexQty              0x2001'234c     0x2  Data  Gb  os_var.o [1]
OSPrioCur               0x2001'2361     0x1  Data  Gb  os_var.o [1]
OSPrioHighRdy           0x2001'2362     0x1  Data  Gb  os_var.o [1]
OSPrioTbl               0x2001'22f0     0x4  Data  Gb  os_prio.o [1]
OSQDbgListPtr           0x2001'2304     0x4  Data  Gb  os_var.o [1]
OSQQty                  0x2001'234e     0x2  Data  Gb  os_var.o [1]
OSRdyList               0x2001'17e0   0x180  Data  Gb  os_var.o [1]
OSRedzoneHitHook         0x800'505f     0x8  Code  Gb  os_cpu_c.o [1]
OSRunning               0x2001'235f     0x1  Data  Gb  os_var.o [1]
OSSched                  0x800'409d    0x72  Code  Gb  os_core.o [1]
OSSchedLock              0x800'410f    0x3c  Code  Gb  os_core.o [1]
OSSchedLockNestingCtr   0x2001'2363     0x1  Data  Gb  os_var.o [1]
OSSchedUnlock            0x800'414b    0x56  Code  Gb  os_core.o [1]
OSSemCreate              0x800'8691    0x36  Code  Gb  os_sem.o [1]
OSSemDbgListPtr         0x2001'2308     0x4  Data  Gb  os_var.o [1]
OSSemQty                0x2001'2350     0x2  Data  Gb  os_var.o [1]
OSStart                  0x800'41a1    0x80  Code  Gb  os_core.o [1]
OSStartHighRdy           0x800'63db          Code  Gb  os_cpu_a.o [1]
OSTCBCurPtr             0x2001'232c     0x4  Data  Gb  os_var.o [1]
OSTCBHighRdyPtr         0x2001'2330     0x4  Data  Gb  os_var.o [1]
OSTaskCreate             0x800'5305   0x142  Code  Gb  os_task.o [1]
OSTaskCreateHook         0x800'5067     0x2  Code  Gb  os_cpu_c.o [1]
OSTaskCtxSwCtr          0x2001'230c     0x4  Data  Gb  os_var.o [1]
OSTaskDbgListPtr        0x2001'2310     0x4  Data  Gb  os_var.o [1]
OSTaskDel                0x800'5447   0x152  Code  Gb  os_task.o [1]
OSTaskDelHook            0x800'5069     0x2  Code  Gb  os_cpu_c.o [1]
OSTaskQty               0x2001'2352     0x2  Data  Gb  os_var.o [1]
OSTaskRegNextAvailID    0x2001'2364     0x1  Data  Gb  os_var.o [1]
OSTaskReturnHook         0x800'506b     0x2  Code  Gb  os_cpu_c.o [1]
OSTaskSemPend            0x800'5599    0xb2  Code  Gb  os_task.o [1]
OSTaskSemPost            0x800'564b     0xe  Code  Gb  os_task.o [1]
OSTaskStkInit            0x800'506d   0x15e  Code  Gb  os_cpu_c.o [1]
OSTaskStkRedzoneChk      0x800'5659    0x32  Code  Gb  os_task.o [1]
OSTaskSwHook             0x800'51cb    0x5c  Code  Gb  os_cpu_c.o [1]
OSTickCtr               0x2001'2314     0x4  Data  Gb  os_var.o [1]
OSTickListDly           0x2001'2288     0x8  Data  Gb  os_var.o [1]
OSTickListTimeout       0x2001'2290     0x8  Data  Gb  os_var.o [1]
OSTickTaskTCB           0x2001'1cd4    0xb0  Data  Gb  os_var.o [1]
OSTimeDlyHMSM            0x800'64e9    0xd2  Code  Gb  os_time.o [1]
OSTimeGet                0x800'65bb    0x18  Code  Gb  os_time.o [1]
OSTimeTick               0x800'65d3    0x38  Code  Gb  os_time.o [1]
OSTimeTickHook           0x800'5227     0x2  Code  Gb  os_cpu_c.o [1]
OSTmrDbgListPtr         0x2001'2318     0x4  Data  Gb  os_var.o [1]
OSTmrListEntries        0x2001'2354     0x2  Data  Gb  os_var.o [1]
OSTmrListPtr            0x2001'231c     0x4  Data  Gb  os_var.o [1]
OSTmrMutex              0x2001'20e0    0x2c  Data  Gb  os_var.o [1]
OSTmrTaskTCB            0x2001'1d84    0xb0  Data  Gb  os_var.o [1]
OSTmrTickCtr            0x2001'2320     0x4  Data  Gb  os_var.o [1]
OSTmrUpdateCnt          0x2001'2324     0x4  Data  Gb  os_var.o [1]
OSTmrUpdateCtr          0x2001'2328     0x4  Data  Gb  os_var.o [1]
OS_CPU_ExceptStkBase    0x2001'22ec     0x4  Data  Gb  os_cpu_c.o [1]
OS_CPU_FP_Reg_Pop        0x800'63cf          Code  Gb  os_cpu_a.o [1]
OS_CPU_FP_Reg_Push       0x800'63bd          Code  Gb  os_cpu_a.o [1]
OS_CPU_SysTickInit       0x800'5245    0x2c  Code  Gb  os_cpu_c.o [1]
OS_Dbg_Init              0x800'6189   0x1a0  Code  Gb  os_dbg.o [1]
OS_FlagDbgListAdd        0x800'865f    0x22  Code  Gb  os_flag.o [1]
OS_IdleTask              0x800'4221    0x18  Code  Gb  os_core.o [1]
OS_IdleTaskInit          0x800'4239    0x50  Code  Gb  os_core.o [1]
OS_MemInit               0x800'5aa9    0x12  Code  Gb  os_mem.o [1]
OS_MsgPoolInit           0x800'5ac5    0x5a  Code  Gb  os_msg.o [1]
OS_MsgQFreeAll           0x800'5b1f    0x3e  Code  Gb  os_msg.o [1]
OS_MsgQInit              0x800'5b5d    0x14  Code  Gb  os_msg.o [1]
OS_MutexDbgListAdd       0x800'68d1    0x22  Code  Gb  os_mutex.o [1]
OS_MutexGrpAdd           0x800'6911     0x8  Code  Gb  os_mutex.o [1]
OS_MutexGrpPostAll       0x800'6969    0x5a  Code  Gb  os_mutex.o [1]
OS_MutexGrpPrioFindHighest
                         0x800'692f    0x3a  Code  Gb  os_mutex.o [1]
OS_MutexGrpRemove        0x800'6919    0x16  Code  Gb  os_mutex.o [1]
OS_Pend                  0x800'4289    0x4e  Code  Gb  os_core.o [1]
OS_PendDataInit          0x800'42d7    0x1a  Code  Gb  os_core.o [1]
OS_PendDbgNameAdd        0x800'42f1    0x42  Code  Gb  os_core.o [1]
OS_PendDbgNameRemove     0x800'4333    0x20  Code  Gb  os_core.o [1]
OS_PendListChangePrio    0x800'4353    0x34  Code  Gb  os_core.o [1]
OS_PendListInit          0x800'4387     0xe  Code  Gb  os_core.o [1]
OS_PendListInsertPrio    0x800'4395    0x72  Code  Gb  os_core.o [1]
OS_PendListRemove        0x800'4407    0x2c  Code  Gb  os_core.o [1]
OS_PendListRemove1       0x800'4433    0x4a  Code  Gb  os_core.o [1]
OS_Post                  0x800'447d    0xa4  Code  Gb  os_core.o [1]
OS_PrioGetHighest        0x800'5a49    0x14  Code  Gb  os_prio.o [1]
OS_PrioInit              0x800'5a35    0x14  Code  Gb  os_prio.o [1]
OS_PrioInsert            0x800'5a5d    0x22  Code  Gb  os_prio.o [1]
OS_PrioRemove            0x800'5a7f    0x24  Code  Gb  os_prio.o [1]
OS_RdyListInit           0x800'4521    0x22  Code  Gb  os_core.o [1]
OS_RdyListInsert         0x800'4543    0x28  Code  Gb  os_core.o [1]
OS_RdyListInsertHead     0x800'4571    0x3a  Code  Gb  os_core.o [1]
OS_RdyListInsertTail     0x800'45ab    0x38  Code  Gb  os_core.o [1]
OS_RdyListRemove         0x800'45e3    0x5c  Code  Gb  os_core.o [1]
OS_SemDbgListAdd         0x800'86c7    0x22  Code  Gb  os_sem.o [1]
OS_TaskBlock             0x800'463f    0x28  Code  Gb  os_core.o [1]
OS_TaskChangePrio        0x800'5935    0xe2  Code  Gb  os_task.o [1]
OS_TaskDbgListAdd        0x800'568b    0x28  Code  Gb  os_task.o [1]
OS_TaskDbgListRemove     0x800'56b3    0x4c  Code  Gb  os_task.o [1]
OS_TaskInit              0x800'56ff    0x1e  Code  Gb  os_task.o [1]
OS_TaskInitTCB           0x800'571d    0xfc  Code  Gb  os_task.o [1]
OS_TaskReturn            0x800'5819    0x14  Code  Gb  os_task.o [1]
OS_TaskSemPost           0x800'582d    0xba  Code  Gb  os_task.o [1]
OS_TaskStkRedzoneChk     0x800'58e7    0x22  Code  Gb  os_task.o [1]
OS_TaskStkRedzoneInit    0x800'5909    0x18  Code  Gb  os_task.o [1]
OS_TickListInsert        0x800'5c5f    0x8c  Code  Gb  os_tick.o [1]
OS_TickListInsertDly     0x800'5ceb    0x90  Code  Gb  os_tick.o [1]
OS_TickListRemove        0x800'5d7b    0x70  Code  Gb  os_tick.o [1]
OS_TickListUpdateDly     0x800'5deb    0x86  Code  Lc  os_tick.o [1]
OS_TickListUpdateTimeout
                         0x800'5e71   0x108  Code  Lc  os_tick.o [1]
OS_TickTask              0x800'5b7d    0x3e  Code  Gb  os_tick.o [1]
OS_TickTaskInit          0x800'5bbb    0xa4  Code  Gb  os_tick.o [1]
OS_TmrInit               0x800'5fa9    0xc6  Code  Gb  os_tmr.o [1]
OS_TmrLock               0x800'611d    0x16  Code  Lc  os_tmr.o [1]
OS_TmrTask               0x800'60ad    0x70  Code  Gb  os_tmr.o [1]
OS_TmrUnlink             0x800'606f    0x3a  Code  Gb  os_tmr.o [1]
OS_TmrUnlock             0x800'6133    0x10  Code  Lc  os_tmr.o [1]
PIDCal                   0x800'2a2d    0xba  Code  Gb  PID.o [1]
PIDCal_pos               0x800'2aed   0x290  Code  Gb  PID.o [1]
PendSV_Handler           0x800'6465          Code  Gb  os_cpu_a.o [1]
Pre_capture              0x800'2721    0x2a  Code  Gb  C610.o [1]
R1V2_Data_Count          0x800'6c89   0x148  Code  Gb  r1v2.o [1]
R1V2_RX_BUF             0x2001'2178    0x24  Data  Gb  r1v2.o [1]
RCC_AHB1PeriphClockCmd   0x800'3651    0x1c  Code  Gb  stm32f4xx_rcc.o [1]
RCC_APB1PeriphClockCmd   0x800'366d    0x1c  Code  Gb  stm32f4xx_rcc.o [1]
RCC_APB1PeriphResetCmd   0x800'36a5    0x1c  Code  Gb  stm32f4xx_rcc.o [1]
RCC_APB2PeriphClockCmd   0x800'3689    0x1c  Code  Gb  stm32f4xx_rcc.o [1]
RCC_APB2PeriphResetCmd   0x800'36c1    0x1c  Code  Gb  stm32f4xx_rcc.o [1]
RCC_GetClocksFreq        0x800'3595    0xbc  Code  Gb  stm32f4xx_rcc.o [1]
Re_capture               0x800'2869   0x150  Code  Gb  C610.o [1]
Region$$Table$$Base      0x800'9564           --   Gb  - Linker created -
Region$$Table$$Limit     0x800'9590           --   Gb  - Linker created -
RelayReady              0x2001'2130    0x24  Data  Gb  app.o [1]
RoboMotion              0x2001'2080    0x30  Data  Gb  RobotCtrl.o [1]
RoboMotionC620          0x2001'20b0    0x30  Data  Gb  RobotCtrl.o [1]
RobotPos                0x2001'21e4    0x1c  Data  Gb  RobotCtrl.o [1]
Robot_Pos_Ctrl           0x800'75ad   0x136  Code  Gb  RobotCtrl.o [1]
Robot_Position_Update    0x800'7981    0x8c  Code  Gb  RobotCtrl.o [1]
Robot_Speed_Ctrl         0x800'76e5   0x286  Code  Gb  RobotCtrl.o [1]
Rx_Sta                  0x2001'2365     0x1  Data  Gb  r1v2.o [1]
SBUS_init                0x800'6b29    0xbc  Code  Gb  r1v2.o [1]
SVC_Handler              0x800'8d55     0x2  Code  Gb  stm32f4xx_it.o [1]
Send_Velocity            0x800'7af9    0x32  Code  Gb  RobotCtrl.o [1]
Sendwheel_Vel            0x800'757d    0x2e  Code  Gb  RobotCtrl.o [1]
SetMotor                 0x800'4d79    0xbc  Code  Gb  C620.o [1]
SetMotor_C610            0x800'2663    0xbe  Code  Gb  C610.o [1]
SetMotor_h               0x800'4e35    0xbe  Code  Gb  C620.o [1]
SetMotor_speed_VESC      0x800'4f7f    0x2e  Code  Gb  vesc.o [1]
SetSysClock              0x800'89db    0xc8  Code  Lc  system_stm32f4xx.o [1]
Speed_Limit             0x2000'05c8     0x4  Data  Gb  RobotCtrl.o [1]
Stepper_Motor           0x2000'0490    0x20  Data  Gb  PID.o [1]
Stepper_Motor_PID        0x800'2d99   0x168  Code  Gb  PID.o [1]
SyncSem                 0x2001'210c    0x24  Data  Gb  app.o [1]
SysTick_Handler          0x800'5229    0x1c  Code  Gb  os_cpu_c.o [1]
SystemInit               0x800'8995    0x46  Code  Gb  system_stm32f4xx.o [1]
TIM2_IRQHandler          0x800'8721   0x132  Code  Gb  motor.o [1]
TIM5_IRQHandler          0x800'6fc1    0x22  Code  Gb  tim.o [1]
TIM5_Init                0x800'6f5d    0x64  Code  Gb  tim.o [1]
TIM5_num                0x2001'2334     0x4  Data  Gb  tim.o [1]
TIM_ClearITPendingBit    0x800'73b9     0x8  Code  Gb  stm32f4xx_tim.o [1]
TIM_Cmd                  0x800'7343    0x1c  Code  Gb  stm32f4xx_tim.o [1]
TIM_GetITStatus          0x800'7395    0x24  Code  Gb  stm32f4xx_tim.o [1]
TIM_ITConfig             0x800'737d    0x18  Code  Gb  stm32f4xx_tim.o [1]
TIM_TimeBaseInit         0x800'72d9    0x6a  Code  Gb  stm32f4xx_tim.o [1]
TaskBTcom                0x800'81f9   0x2e4  Code  Lc  app.o [1]
TaskBTcomStk            0x2001'0680   0x400  Data  Lc  app.o [1]
TaskBTcomTCB            0x2001'1b74    0xb0  Data  Gb  app.o [1]
TaskSpeedCtrl            0x800'81a9    0x50  Code  Lc  app.o [1]
TaskSpeedCtrlStk        0x2000'f5d0   0x800  Data  Lc  app.o [1]
TaskSpeedCtrlTCB        0x2001'1ac4    0xb0  Data  Lc  app.o [1]
TaskStart                0x800'80cd    0xdc  Code  Lc  app.o [1]
TaskStartStk            0x2001'0280   0x400  Data  Lc  app.o [1]
TaskStartTCB            0x2001'1a14    0xb0  Data  Lc  app.o [1]
Theta_Limit             0x2000'05cc     0x4  Data  Gb  RobotCtrl.o [1]
Tick                    0x2001'2260     0x8  Data  Gb  app.o [1]
USART1_IRQHandler        0x800'6be5    0xa4  Code  Gb  r1v2.o [1]
USART3_IRQHandler        0x800'6eb5    0x90  Code  Gb  BT.o [1]
USART_ClearITPendingBit
                         0x800'72b9    0x20  Code  Gb  stm32f4xx_usart.o [1]
USART_Cmd                0x800'71a9    0x1c  Code  Gb  stm32f4xx_usart.o [1]
USART_DeInit             0x800'6ff1    0xda  Code  Gb  stm32f4xx_usart.o [1]
USART_GetFlagStatus      0x800'723b    0x1a  Code  Gb  stm32f4xx_usart.o [1]
USART_GetITStatus        0x800'7255    0x64  Code  Gb  stm32f4xx_usart.o [1]
USART_ITConfig           0x800'71e7    0x54  Code  Gb  stm32f4xx_usart.o [1]
USART_Init               0x800'70cb    0xb8  Code  Gb  stm32f4xx_usart.o [1]
USART_OverSampling8Cmd   0x800'71c5    0x1a  Code  Gb  stm32f4xx_usart.o [1]
USART_ReceiveData        0x800'71df     0x8  Code  Gb  stm32f4xx_usart.o [1]
UsageFault_Handler       0x800'8d53     0x2  Code  Gb  stm32f4xx_it.o [1]
VelxPID1                0x2000'04b0    0x20  Data  Gb  PID.o [1]
VelxPID2                0x2000'04f0    0x20  Data  Gb  PID.o [1]
VelyPID1                0x2000'04d0    0x20  Data  Gb  PID.o [1]
VelyPID2                0x2000'0510    0x20  Data  Gb  PID.o [1]
_Close_all               0x800'93a9    0x3c  Code  Gb  xcloseall.o [2]
_Files                  0x2000'0570    0x20  Data  Gb  xfiles.o [2]
_Fofree                  0x800'9219    0x86  Code  Gb  xfofind.o [2]
_Fspos                   0x800'8d59    0xd8  Code  Gb  xfspos.o [2]
_Fwprep                  0x800'90a3    0xb4  Code  Gb  xfwprep.o [2]
_GenldFullNoMb           0x800'0c9d   0x274  Code  Lc  xprintffull_nomb.o [2]
_LdtobFullNoMb           0x800'0899   0x3d6  Code  Lc  xprintffull_nomb.o [2]
_LitobFullNoMb           0x800'0749   0x10a  Code  Lc  xprintffull_nomb.o [2]
_Locale_lconv           0x2000'00d8    0x38  Data  Lc  xlocale_c.o [2]
_Nnl                     0x800'8edd     0xc  Code  Gb  xfgpos.o [2]
_PrintfFullNoMb          0x800'01ad   0x19e  Code  Gb  xprintffull_nomb.o [2]
_Prout                   0x800'9625    0x16  Code  Gb  xprout.o [2]
_PutcharsFullNoMb        0x800'0f11    0x2e  Code  Lc  xprintffull_nomb.o [2]
_PutfldFullNoMb          0x800'03d5   0x268  Code  Lc  xprintffull_nomb.o [2]
_PuttxtFullNoMb          0x800'063d   0x10c  Code  Lc  xprintffull_nomb.o [2]
__aeabi_cdcmple          0x800'15ad          Code  Gb  DblCmpLe.o [3]
__aeabi_cdrcmple         0x800'15dd          Code  Gb  DblCmpGe.o [3]
__aeabi_d2f              0x800'352d          Code  Gb  DblToFlt.o [3]
__aeabi_d2iz             0x800'1749          Code  Gb  DblToS32.o [3]
__aeabi_d2uiz            0x800'1ad5          Code  Gb  DblToU32.o [3]
__aeabi_dadd             0x800'1b2d          Code  Gb  DblAdd.o [3]
__aeabi_ddiv             0x800'188d          Code  Gb  DblDiv.o [3]
__aeabi_dmul             0x800'12f1          Code  Gb  DblMul.o [3]
__aeabi_dsub             0x800'17a9          Code  Gb  DblSub.o [3]
__aeabi_f2d              0x800'34e5          Code  Gb  FltToDbl.o [3]
__aeabi_i2d              0x800'1785          Code  Gb  S32ToDbl.o [3]
__aeabi_l2f              0x800'2f3d          Code  Gb  S64ToFlt.o [3]
__aeabi_ldiv0            0x800'1b29          Code  Gb  I64DivZer.o [4]
__aeabi_memcpy           0x800'1495          Code  Gb  ABImemcpy.o [4]
__aeabi_memcpy4          0x800'14b5          Code  Gb  ABImemcpy.o [4]
__aeabi_memcpy8          0x800'14b5          Code  Gb  ABImemcpy.o [4]
__aeabi_ui2d             0x800'1afd          Code  Gb  U32ToDbl.o [3]
__aeabi_uldivmod         0x800'10c1          Code  Gb  I64DivMod.o [4]
__basic_free             0x800'8b85    0x16  Code  Gb  heap0.o [2]
__basic_free_intern      0x800'8b9b    0x7a  Code  Lc  heap0.o [2]
__basic_malloc           0x800'8ad9    0x18  Code  Gb  heap0.o [2]
__basic_malloc_intern    0x800'8af1    0x94  Code  Lc  heap0.o [2]
__cexit_closeall         0x800'95ff          Code  Gb  cexit.o [4]
__close                  0x800'9327    0x18  Code  Gb  close.o [5]
__cmain                  0x800'95d5          Code  Gb  cmain.o [4]
__cstart_closeall        0x800'9994          Data  Gb  cstart_closeall.o [4]
__data_GetMemChunk       0x800'8c19    0x2c  Code  Gb  xgetmemchunk.o [2]
__data_GetMemChunk::start
                        0x2001'233c     0x4  Data  Lc  xgetmemchunk.o [2]
__dwrite                 0x800'9011    0x1e  Code  Gb  dwrite.o [5]
__exit                   0x800'1ca9    0x14  Code  Gb  exit.o [5]
__iar_Fail_s             0x800'0ff1    0x1c  Code  Gb  xfail_s.o [2]
__iar_Memchr             0x800'1069          Code  Gb  memchr.o [4]
__iar_Sin64              0x800'7c35   0x3aa  Code  Lc  cos_sin64.o [3]
__iar_Stderr            0x2000'0090    0x48  Data  Gb  xfiles.o [2]
__iar_Stdin             0x2000'0000    0x48  Data  Gb  xfiles.o [2]
__iar_Stdout            0x2000'0048    0x48  Data  Gb  xfiles.o [2]
__iar_Strchr             0x800'0fd9          Code  Gb  strchr.o [4]
__iar_cos64              0x800'8071     0x4  Code  Gb  cos_sin64.o [3]
__iar_cos_medium         0x800'8071     0x4  Code  Gb  cos_sin64.o [3]
__iar_cos_medium64       0x800'8071     0x4  Code  Gb  cos_sin64.o [3]
__iar_cos_mediuml        0x800'8071     0x4  Code  Gb  cos_sin64.o [3]
__iar_dadd               0x800'17b9          Code  Gb  DblSub.o [3]
__iar_data_init3         0x800'94d1    0x28  Code  Gb  data_init.o [4]
__iar_dsub               0x800'1b3d          Code  Gb  DblAdd.o [3]
__iar_dsubStart          0x800'1b4f          Code  Gb  DblAdd.o [3]
__iar_frexp              0x800'1549          Code  Gb  frexp.o [3]
__iar_frexpl             0x800'1549          Code  Gb  frexp.o [3]
__iar_init_vfp           0x800'9541          Code  Gb  fpinit_M.o [3]
__iar_ldexp64            0x800'160d          Code  Gb  ldexp.o [3]
__iar_packbits_init3     0x800'917b    0x9c  Code  Gb  packbits_init.o [4]
__iar_program_start      0x800'9785          Code  Gb  cstartup_M.o [4]
__iar_scalbln64          0x800'160d          Code  Gb  ldexp.o [3]
__iar_scalbn64           0x800'160d          Code  Gb  ldexp.o [3]
__iar_sh_Discard         0x800'8f45    0x42  Code  Gb  XShHandles.o [2]
__iar_sh_Move            0x800'8f87    0x46  Code  Gb  XShHandles.o [2]
__iar_sh_Pos             0x800'8fcd    0x3e  Code  Gb  XShHandles.o [2]
__iar_sh_stdout_swo      0x800'9031    0x50  Code  Gb  iarwstdswo.o [5]
__iar_sh_write           0x800'9081    0x22  Code  Gb  iarwrite.o [5]
__iar_sin64              0x800'8075     0x4  Code  Gb  cos_sin64.o [3]
__iar_sin_medium         0x800'8075     0x4  Code  Gb  cos_sin64.o [3]
__iar_sin_medium64       0x800'8075     0x4  Code  Gb  cos_sin64.o [3]
__iar_sin_mediuml        0x800'8075     0x4  Code  Gb  cos_sin64.o [3]
__iar_softfp___iar_frexp64
                         0x800'153d          Code  Gb  frexp.o [3]
__iar_softfp_frexp       0x800'153d          Code  Gb  frexp.o [3]
__iar_softfp_frexpl      0x800'153d          Code  Gb  frexp.o [3]
__iar_vfp_cos            0x800'7c1b     0xc  Code  Gb  math_wrappers64.o [3]
__iar_vfp_sin            0x800'7c27     0xc  Code  Gb  math_wrappers64.o [3]
__iar_zero_init3         0x800'0f9f    0x3a  Code  Gb  zero_init3.o [4]
__low_level_init         0x800'95f3     0x4  Code  Gb  low_level_init.o [2]
__lseek                  0x800'8ee9    0x4a  Code  Gb  lseek.o [5]
__vector_table           0x800'0000          Data  Gb  startup_stm32f427xx.o [1]
__write                  0x800'8f33    0x10  Code  Gb  write.o [5]
_call_main               0x800'95e1          Code  Gb  cmain.o [4]
_exit                    0x800'95fd          Code  Gb  cexit.o [4]
_main                    0x800'95ef          Code  Gb  cmain.o [4]
a                        0x800'97b8     0x8  Data  Gb  RobotCtrl.o [1]
abort                    0x800'1b21     0x6  Code  Gb  abort.o [2]
b                        0x800'97c0     0x8  Data  Gb  RobotCtrl.o [1]
buffer_append_int32      0x800'4f4d    0x32  Code  Gb  vesc.o [1]
capture_flag            0x2000'05b0     0x4  Data  Gb  app.o [1]
claparg_2006            0x2000'05c0     0x4  Data  Gb  C610.o [1]
cos                      0x800'8071     0x4  Code  Gb  cos_sin64.o [3]
cosl                     0x800'8071     0x4  Code  Gb  cos_sin64.o [3]
current_position        0x2001'22d8     0x4  Data  Gb  motor.o [1]
deadarea_jugde           0x800'7b2d    0xac  Code  Gb  RobotCtrl.o [1]
direction               0x2001'22e0     0x4  Data  Gb  motor.o [1]
ebuf                    0x2001'1eb4    0x50  Data  Lc  xfiles.o [2]
err                     0x2001'2344     0x2  Data  Gb  app.o [1]
exit                     0x800'95f7     0x4  Code  Gb  exit.o [2]
fclose                   0x800'92a9    0x7e  Code  Gb  fclose.o [2]
fflush                   0x800'8ea5    0x34  Code  Gb  fflush.o [2]
fflushOne                0x800'8e31    0x74  Code  Lc  fflush.o [2]
fputc                    0x800'9353    0x54  Code  Gb  fputc.o [2]
free                     0x800'92a5     0x4  Code  Gb  heaptramp0.o [2]
fseek                    0x800'9157    0x24  Code  Gb  fseek.o [2]
get_position             0x800'891d    0x24  Code  Gb  motor.o [1]
hard_fault_handler_c     0x800'8c47    0xa0  Code  Gb  stm32f4xx_it.o [1]
initparg_2006           0x2001'22b4     0x4  Data  Gb  C610.o [1]
initparg_3508           0x2001'22b8     0x4  Data  Gb  C610.o [1]
last_count              0x2001'22e8     0x4  Data  Gb  motor.o [1]
ldexp                    0x800'160d          Code  Gb  ldexp.o [3]
ldexpl                   0x800'160d          Code  Gb  ldexp.o [3]
localeconv               0x800'1b19     0x4  Code  Gb  xlocale_c.o [2]
main                     0x800'8079    0x52  Code  Gb  app.o [1]
memchr                   0x800'1069          Code  Gb  memchr.o [4]
obuf                    0x2001'1f04    0x50  Data  Lc  xfiles.o [2]
openparg_2006           0x2000'05b8     0x4  Data  Gb  C610.o [1]
overparg_3508           0x2000'05bc     0x4  Data  Gb  C610.o [1]
posxPID                 0x2000'0530    0x20  Data  Gb  PID.o [1]
posyPID                 0x2000'0550    0x20  Data  Gb  PID.o [1]
power_init               0x800'6ae1    0x3a  Code  Gb  led.o [1]
preTick                 0x2001'2258     0x8  Data  Gb  app.o [1]
pre_count               0x2001'22e4     0x4  Data  Gb  motor.o [1]
present                 0x2001'2234     0xc  Data  Gb  RobotCtrl.o [1]
printf                   0x800'86f9    0x28  Code  Gb  printf.o [2]
putchar                  0x800'963d     0xc  Code  Gb  putchar.o [2]
release_flag            0x2000'05b4     0x4  Data  Gb  app.o [1]
releaseparg_2006        0x2000'05c4     0x4  Data  Gb  C610.o [1]
remove                   0x800'933f    0x14  Code  Gb  remove.o [5]
res                     0x2001'2356     0x1  Data  Gb  BT.o [1]
robo                    0x2001'2240     0xc  Data  Gb  RobotCtrl.o [1]
sFileInfo               0x2001'1e34    0x80  Data  Lc  XShHandles.o [2]
scalbln                  0x800'160d          Code  Gb  ldexp.o [3]
scalblnl                 0x800'160d          Code  Gb  ldexp.o [3]
scalbn                   0x800'160d          Code  Gb  ldexp.o [3]
scalbnl                  0x800'160d          Code  Gb  ldexp.o [3]
scale                    0x800'0853    0x46  Code  Lc  xprintffull_nomb.o [2]
sec_hand                0x2001'2340     0x4  Data  Lc  xfail_s.o [2]
sin                      0x800'8075     0x4  Code  Gb  cos_sin64.o [3]
sinl                     0x800'8075     0x4  Code  Gb  cos_sin64.o [3]
speed_mapping           0x2001'2268     0x8  Data  Gb  app.o [1]
step                    0x2001'22dc     0x4  Data  Gb  motor.o [1]
step_count              0x2001'2346     0x2  Data  Gb  motor.o [1]
step_remain             0x2001'22d0     0x4  Data  Gb  motor.o [1]
step_speed              0x2001'2280     0x8  Data  Gb  motor.o [1]
stepper_motor_init       0x800'8853    0x3a  Code  Gb  motor.o [1]
stepper_motor_run        0x800'88f1    0x2c  Code  Gb  motor.o [1]
strchr                   0x800'0fd9          Code  Gb  strchr.o [4]
strlen                   0x800'1031          Code  Gb  strlen.o [4]
switch_flag             0x2001'22ac     0x4  Data  Gb  app.o [1]
target                  0x2000'05a0     0xc  Data  Gb  RobotCtrl.o [1]
target_position         0x2001'22d4     0x4  Data  Gb  motor.o [1]
testRxMessage           0x2001'2200    0x14  Data  Gb  can.o [1]
timer_init               0x800'888d    0x64  Code  Gb  motor.o [1]
trigger_flag            0x2000'05ac     0x4  Data  Gb  app.o [1]
wheel                   0x2001'1fd4    0x3c  Data  Gb  RobotCtrl.o [1]
wheelVel_Limit           0x800'7a0d    0xba  Code  Gb  RobotCtrl.o [1]
world                   0x2001'224c     0xc  Data  Gb  RobotCtrl.o [1]


[1] = D:\Kipper\program\RTS\RTS-2023\Debug\Obj
[2] = dl7M_tlf.a
[3] = m7M_tls.a
[4] = rt7M_tl.a
[5] = shb_l.a

  38 327 bytes of readonly  code memory
   1 596 bytes of readonly  data memory
  90 982 bytes of readwrite data memory

Errors: none
Warnings: none
