###############################################################################
#
# IAR ELF Linker V8.32.1.169/W32 for ARM                  12/May/2023  16:37:36
# Copyright 2007-2018 IAR Systems AB.
#
#    Output file  =  D:\Kipper\program\RTS\RTS-2023\Debug\Exe\Robocon_A.out
#    Map file     =  D:\Kipper\program\RTS\RTS-2023\Debug\List\Robocon_A.map
#    Command line =  
#        -f C:\Users\18311\AppData\Local\Temp\EW4A23.tmp
#        (D:\Kipper\program\RTS\RTS-2023\Debug\Obj\action.o
#        D:\Kipper\program\RTS\RTS-2023\Debug\Obj\app.o
#        D:\Kipper\program\RTS\RTS-2023\Debug\Obj\beep.o
#        D:\Kipper\program\RTS\RTS-2023\Debug\Obj\bsp.o
#        D:\Kipper\program\RTS\RTS-2023\Debug\Obj\BT.o
#        D:\Kipper\program\RTS\RTS-2023\Debug\Obj\C610.o
#        D:\Kipper\program\RTS\RTS-2023\Debug\Obj\C620.o
#        D:\Kipper\program\RTS\RTS-2023\Debug\Obj\can.o
#        D:\Kipper\program\RTS\RTS-2023\Debug\Obj\cpu_a.o
#        D:\Kipper\program\RTS\RTS-2023\Debug\Obj\cpu_c.o
#        D:\Kipper\program\RTS\RTS-2023\Debug\Obj\cpu_core.o
#        D:\Kipper\program\RTS\RTS-2023\Debug\Obj\DataProcessing.o
#        D:\Kipper\program\RTS\RTS-2023\Debug\Obj\led.o
#        D:\Kipper\program\RTS\RTS-2023\Debug\Obj\lib_ascii.o
#        D:\Kipper\program\RTS\RTS-2023\Debug\Obj\lib_math.o
#        D:\Kipper\program\RTS\RTS-2023\Debug\Obj\lib_mem.o
#        D:\Kipper\program\RTS\RTS-2023\Debug\Obj\lib_mem_a.o
#        D:\Kipper\program\RTS\RTS-2023\Debug\Obj\lib_str.o
#        D:\Kipper\program\RTS\RTS-2023\Debug\Obj\misc.o
#        D:\Kipper\program\RTS\RTS-2023\Debug\Obj\motor.o
#        D:\Kipper\program\RTS\RTS-2023\Debug\Obj\os_app_hooks.o
#        D:\Kipper\program\RTS\RTS-2023\Debug\Obj\os_cfg_app.o
#        D:\Kipper\program\RTS\RTS-2023\Debug\Obj\os_core.o
#        D:\Kipper\program\RTS\RTS-2023\Debug\Obj\os_cpu_a.o
#        D:\Kipper\program\RTS\RTS-2023\Debug\Obj\os_cpu_c.o
#        D:\Kipper\program\RTS\RTS-2023\Debug\Obj\os_dbg.o
#        D:\Kipper\program\RTS\RTS-2023\Debug\Obj\os_flag.o
#        D:\Kipper\program\RTS\RTS-2023\Debug\Obj\os_int.o
#        D:\Kipper\program\RTS\RTS-2023\Debug\Obj\os_mem.o
#        D:\Kipper\program\RTS\RTS-2023\Debug\Obj\os_mon.o
#        D:\Kipper\program\RTS\RTS-2023\Debug\Obj\os_msg.o
#        D:\Kipper\program\RTS\RTS-2023\Debug\Obj\os_mutex.o
#        D:\Kipper\program\RTS\RTS-2023\Debug\Obj\os_pend_multi.o
#        D:\Kipper\program\RTS\RTS-2023\Debug\Obj\os_prio.o
#        D:\Kipper\program\RTS\RTS-2023\Debug\Obj\os_q.o
#        D:\Kipper\program\RTS\RTS-2023\Debug\Obj\os_sem.o
#        D:\Kipper\program\RTS\RTS-2023\Debug\Obj\os_stat.o
#        D:\Kipper\program\RTS\RTS-2023\Debug\Obj\os_task.o
#        D:\Kipper\program\RTS\RTS-2023\Debug\Obj\os_tick.o
#        D:\Kipper\program\RTS\RTS-2023\Debug\Obj\os_time.o
#        D:\Kipper\program\RTS\RTS-2023\Debug\Obj\os_tmr.o
#        D:\Kipper\program\RTS\RTS-2023\Debug\Obj\os_var.o
#        D:\Kipper\program\RTS\RTS-2023\Debug\Obj\PID.o
#        D:\Kipper\program\RTS\RTS-2023\Debug\Obj\r1v2.o
#        D:\Kipper\program\RTS\RTS-2023\Debug\Obj\RELAY.o
#        D:\Kipper\program\RTS\RTS-2023\Debug\Obj\robomodule.o
#        D:\Kipper\program\RTS\RTS-2023\Debug\Obj\RobotCtrl.o
#        D:\Kipper\program\RTS\RTS-2023\Debug\Obj\startup_stm32f427xx.o
#        D:\Kipper\program\RTS\RTS-2023\Debug\Obj\stm32f4xx_can.o
#        D:\Kipper\program\RTS\RTS-2023\Debug\Obj\stm32f4xx_dma.o
#        D:\Kipper\program\RTS\RTS-2023\Debug\Obj\stm32f4xx_gpio.o
#        D:\Kipper\program\RTS\RTS-2023\Debug\Obj\stm32f4xx_it.o
#        D:\Kipper\program\RTS\RTS-2023\Debug\Obj\stm32f4xx_rcc.o
#        D:\Kipper\program\RTS\RTS-2023\Debug\Obj\stm32f4xx_syscfg.o
#        D:\Kipper\program\RTS\RTS-2023\Debug\Obj\stm32f4xx_tim.o
#        D:\Kipper\program\RTS\RTS-2023\Debug\Obj\stm32f4xx_usart.o
#        D:\Kipper\program\RTS\RTS-2023\Debug\Obj\system_stm32f4xx.o
#        D:\Kipper\program\RTS\RTS-2023\Debug\Obj\tim.o
#        D:\Kipper\program\RTS\RTS-2023\Debug\Obj\usart.o
#        D:\Kipper\program\RTS\RTS-2023\Debug\Obj\vesc.o --no_out_extension -o
#        D:\Kipper\program\RTS\RTS-2023\Debug\Exe\Robocon_A.out --map
#        D:\Kipper\program\RTS\RTS-2023\Debug\List\Robocon_A.map --config
#        D:\Kipper\software\IAR\arm\config\linker\ST\stm32f427xI.icf
#        --semihosting --entry __iar_program_start --redirect
#        __iar_sh_stdout=__iar_sh_stdout_swo --vfe --text_out locale)
#
###############################################################################

*******************************************************************************
*** RUNTIME MODEL ATTRIBUTES
***

CppFlavor       = *
__Heap_Handler  = Basic
__SystemLibrary = DLib
__dlib_version  = 6


*******************************************************************************
*** HEAP SELECTION
***

The basic heap was selected because no calls to memory allocation
functions were found in the application outside of system library
functions, and there are calls to deallocation functions in the
application.


*******************************************************************************
*** PLACEMENT SUMMARY
***

"A0":  place at 0x800'0000 { ro section .intvec };
"P1":  place in [from 0x800'0000 to 0x81f'ffff] { ro };
define block CSTACK with size = 8K, alignment = 8 { };
"P3":  place in [from 0x1000'0000 to 0x1000'ffff] {
          block CSTACK, section .ccram };
define block HEAP with size = 8K, alignment = 8 { };
"P4":  place in [from 0x2000'0000 to 0x2001'bfff] |
                [from 0x2001'c000 to 0x2001'ffff] |
                [from 0x2002'0000 to 0x2002'ffff] { rw, block HEAP };
initialize by copy { rw };

No sections matched the following patterns:

  ro section application_specific_ro  in "P2|P6"
  rw section application_specific_rw  in "P2|P6"
  section .backup_sram                in "P5"
  section .ccram                      in "P3"


  Section            Kind         Address     Size  Object
  -------            ----         -------     ----  ------
"A0":                                        0x1ac
  .intvec            ro code   0x800'0000    0x1ac  startup_stm32f427xx.o [1]
                             - 0x800'01ac    0x1ac

"P1":                                       0x97e1
  .text              ro code   0x800'01ac    0xdf2  xprintffull_nomb.o [2]
  .text              ro code   0x800'0f9e     0x3a  zero_init3.o [4]
  .text              ro code   0x800'0fd8     0x16  strchr.o [4]
  .rodata            const     0x800'0fee      0x2  os_cfg_app.o [1]
  .text              ro code   0x800'0ff0     0x40  xfail_s.o [2]
  .text              ro code   0x800'1030     0x36  strlen.o [4]
  .rodata            const     0x800'1066      0x2  os_dbg.o [1]
  .text              ro code   0x800'1068     0x58  memchr.o [4]
  .text              ro code   0x800'10c0    0x230  I64DivMod.o [4]
  .text              ro code   0x800'12f0    0x1a2  DblMul.o [3]
  .rodata            const     0x800'1492      0x2  os_dbg.o [1]
  .text              ro code   0x800'1494     0xa6  ABImemcpy.o [4]
  .rodata            const     0x800'153a      0x2  os_dbg.o [1]
  .text              ro code   0x800'153c     0x70  frexp.o [3]
  .text              ro code   0x800'15ac     0x2e  DblCmpLe.o [3]
  .rodata            const     0x800'15da      0x2  os_dbg.o [1]
  .text              ro code   0x800'15dc     0x2e  DblCmpGe.o [3]
  .rodata            const     0x800'160a      0x2  os_dbg.o [1]
  .text              ro code   0x800'160c    0x13a  ldexp.o [3]
  .rodata            const     0x800'1746      0x2  os_dbg.o [1]
  .text              ro code   0x800'1748     0x3a  DblToS32.o [3]
  .rodata            const     0x800'1782      0x2  os_dbg.o [1]
  .text              ro code   0x800'1784     0x22  S32ToDbl.o [3]
  .rodata            const     0x800'17a6      0x2  os_dbg.o [1]
  .text              ro code   0x800'17a8     0xe2  DblSub.o [3]
  .rodata            const     0x800'188a      0x2  os_dbg.o [1]
  .text              ro code   0x800'188c    0x246  DblDiv.o [3]
  .rodata            const     0x800'1ad2      0x2  os_dbg.o [1]
  .text              ro code   0x800'1ad4     0x28  DblToU32.o [3]
  .text              ro code   0x800'1afc     0x1a  U32ToDbl.o [3]
  .rodata            const     0x800'1b16      0x2  os_dbg.o [1]
  .text              ro code   0x800'1b18      0x8  xlocale_c.o [2]
  .text              ro code   0x800'1b20      0x6  abort.o [2]
  .rodata            const     0x800'1b26      0x2  os_dbg.o [1]
  .text              ro code   0x800'1b28      0x2  I64DivZer.o [4]
  .rodata            const     0x800'1b2a      0x2  os_dbg.o [1]
  .text              ro code   0x800'1b2c    0x17a  DblAdd.o [3]
  .rodata            const     0x800'1ca6      0x2  os_dbg.o [1]
  .text              ro code   0x800'1ca8     0x14  exit.o [5]
  .text              ro code   0x800'1cbc    0xd44  C610.o [1]
  .text              ro code   0x800'2a00    0x4bc  PID.o [1]
  .text              ro code   0x800'2ebc     0x58  S64ToFlt.o [3]
  .text              ro code   0x800'2f14    0x550  can.o [1]
  .text              ro code   0x800'3464     0x48  FltToDbl.o [3]
  .text              ro code   0x800'34ac     0x68  DblToFlt.o [3]
  .text              ro code   0x800'3514    0x170  stm32f4xx_rcc.o [1]
  .text              ro code   0x800'3684    0x10e  stm32f4xx_gpio.o [1]
  .rodata            const     0x800'3792      0x2  os_dbg.o [1]
  .text              ro code   0x800'3794    0x614  stm32f4xx_can.o [1]
  .text              ro code   0x800'3da8     0x80  misc.o [1]
  .text              ro code   0x800'3e28    0x840  os_core.o [1]
  .text              ro code   0x800'4668    0x864  C620.o [1]
  .text              ro code   0x800'4ecc     0xe8  vesc.o [1]
  .text              ro code   0x800'4fb4    0x2d0  os_cpu_c.o [1]
  .text              ro code   0x800'5284    0x730  os_task.o [1]
  .text              ro code   0x800'59b4     0x74  os_prio.o [1]
  .text              ro code   0x800'5a28     0x1c  os_mem.o [1]
  .text              ro code   0x800'5a44     0xb8  os_msg.o [1]
  .text              ro code   0x800'5afc    0x42c  os_tick.o [1]
  .text              ro code   0x800'5f28    0x1e0  os_tmr.o [1]
  .text              ro code   0x800'6108    0x1a0  os_dbg.o [1]
  .text              ro code   0x800'62a8     0x94  os_cfg_app.o [1]
  CODE               ro code   0x800'633c    0x108  os_cpu_a.o [1]
  .text              ro code   0x800'6444     0x24  cpu_core.o [1]
  .text              ro code   0x800'6468    0x128  os_time.o [1]
  .text              ro code   0x800'6590    0x396  os_mutex.o [1]
  .rodata            const     0x800'6926      0x2  os_dbg.o [1]
  CODE               ro code   0x800'6928     0x34  cpu_a.o [1]
  .text              ro code   0x800'695c     0x84  bsp.o [1]
  .text              ro code   0x800'69e0     0xac  led.o [1]
  .text              ro code   0x800'6a8c    0x2c0  r1v2.o [1]
  .text              ro code   0x800'6d4c     0xd4  BT.o [1]
  .text              ro code   0x800'6e20     0x94  tim.o [1]
  .text              ro code   0x800'6eb4    0x2e8  stm32f4xx_usart.o [1]
  .text              ro code   0x800'719c     0xe8  stm32f4xx_tim.o [1]
  .text              ro code   0x800'7284    0x4d0  RobotCtrl.o [1]
  .text              ro code   0x800'7754     0x1e  math_wrappers64.o [3]
  .rodata            const     0x800'7772      0x2  os_dbg.o [1]
  .text              ro code   0x800'7774    0x10a  os_sem.o [1]
  .rodata            const     0x800'787e      0x2  os_dbg.o [1]
  .text              ro code   0x800'7880    0x444  cos_sin64.o [3]
  .text              ro code   0x800'7cc4    0x4ac  app.o [1]
  .text              ro code   0x800'8170     0x88  lib_mem.o [1]
  .text              ro code   0x800'81f8     0x20  lib_math.o [1]
  .text              ro code   0x800'8218     0x6c  os_flag.o [1]
  .text              ro code   0x800'8284     0x28  printf.o [2]
  .text              ro code   0x800'82ac    0x238  action.o [1]
  .text              ro code   0x800'84e4    0x274  motor.o [1]
  .text              ro code   0x800'8758    0x144  system_stm32f4xx.o [1]
  .text              ro code   0x800'889c    0x140  heap0.o [2]
  .text              ro code   0x800'89dc     0x2c  xgetmemchunk.o [2]
  .text              ro code   0x800'8a08    0x114  stm32f4xx_it.o [1]
  .text              ro code   0x800'8b1c     0xd8  xfspos.o [2]
  .text              ro code   0x800'8bf4     0xac  fflush.o [2]
  .text              ro code   0x800'8ca0      0xc  xfgpos.o [2]
  .text              ro code   0x800'8cac     0x4a  lseek.o [5]
  .text              ro code   0x800'8cf6     0x10  write.o [5]
  .rodata            const     0x800'8d06      0x2  os_dbg.o [1]
  .text              ro code   0x800'8d08     0xcc  XShHandles.o [2]
  .text              ro code   0x800'8dd4     0x1e  dwrite.o [5]
  .rodata            const     0x800'8df2      0x2  os_dbg.o [1]
  .text              ro code   0x800'8df4     0x50  iarwstdswo.o [5]
  .text              ro code   0x800'8e44     0x22  iarwrite.o [5]
  .text              ro code   0x800'8e66     0xb4  xfwprep.o [2]
  .text              ro code   0x800'8f1a     0x24  fseek.o [2]
  .text              ro code   0x800'8f3e     0x9c  packbits_init.o [4]
  .rodata            const     0x800'8fda      0x2  os_dbg.o [1]
  .text              ro code   0x800'8fdc     0x8c  xfofind.o [2]
  .text              ro code   0x800'9068      0x4  heaptramp0.o [2]
  .text              ro code   0x800'906c     0x7e  fclose.o [2]
  .text              ro code   0x800'90ea     0x18  close.o [5]
  .text              ro code   0x800'9102     0x14  remove.o [5]
  .text              ro code   0x800'9116     0x54  fputc.o [2]
  .rodata            const     0x800'916a      0x1  os_cfg_app.o [1]
  .rodata            const     0x800'916b      0x1  os_cfg_app.o [1]
  .text              ro code   0x800'916c     0x3c  xcloseall.o [2]
  .rodata            const     0x800'91a8     0x30  os_dbg.o [1]
  .rodata            const     0x800'91d8     0x30  os_dbg.o [1]
  .rodata            const     0x800'9208     0x30  stm32f4xx_it.o [1]
  .rodata            const     0x800'9238     0x30  stm32f4xx_it.o [1]
  .rodata            const     0x800'9268     0x2c  os_dbg.o [1]
  .text              ro code   0x800'9294     0x28  data_init.o [4]
  .rodata            const     0x800'92bc     0x24  os_dbg.o [1]
  .rodata            const     0x800'92e0     0x24  os_dbg.o [1]
  .text              ro code   0x800'9304     0x22  fpinit_M.o [3]
  .iar.init_table    const     0x800'9328     0x2c  - Linker created -
  .rodata            const     0x800'9354      0x1  os_dbg.o [1]
  .rodata            const     0x800'9355      0x1  os_dbg.o [1]
  .rodata            const     0x800'9358     0x20  os_dbg.o [1]
  .rodata            const     0x800'9378     0x20  stm32f4xx_it.o [1]
  .text              ro code   0x800'9398     0x1e  cmain.o [4]
  .text              ro code   0x800'93b6      0x4  low_level_init.o [2]
  .text              ro code   0x800'93ba      0x4  exit.o [2]
  .rodata            const     0x800'93be      0x1  os_dbg.o [1]
  .rodata            const     0x800'93bf      0x1  os_dbg.o [1]
  .text              ro code   0x800'93c0      0xe  cexit.o [4]
  .rodata            const     0x800'93ce      0x1  os_dbg.o [1]
  .rodata            const     0x800'93cf      0x1  os_dbg.o [1]
  .rodata            const     0x800'93d0     0x18  os_tmr.o [1]
  .text              ro code   0x800'93e8     0x16  xprout.o [2]
  .rodata            const     0x800'93fe      0x1  os_dbg.o [1]
  .rodata            const     0x800'93ff      0x1  os_dbg.o [1]
  .text              ro code   0x800'9400      0xc  putchar.o [2]
  .rodata            const     0x800'940c     0x14  os_core.o [1]
  .rodata            const     0x800'9420     0x14  os_tick.o [1]
  .rodata            const     0x800'9434     0x10  app.o [1]
  .rodata            const     0x800'9444     0x10  app.o [1]
  .rodata            const     0x800'9454     0x10  app.o [1]
  .rodata            const     0x800'9464     0x10  os_tmr.o [1]
  .rodata            const     0x800'9474     0x10  stm32f4xx_it.o [1]
  .text              ro code   0x800'9484     0x10  startup_stm32f427xx.o [1]
  .rodata            const     0x800'9494      0xc  app.o [1]
  .rodata            const     0x800'94a0      0xc  app.o [1]
  .rodata            const     0x800'94ac      0xc  app.o [1]
  .rodata            const     0x800'94b8      0xc  os_core.o [1]
  .rodata            const     0x800'94c4      0xc  stm32f4xx_it.o [1]
  .rodata            const     0x800'94d0      0xc  stm32f4xx_it.o [1]
  .rodata            const     0x800'94dc      0xc  stm32f4xx_it.o [1]
  .rodata            const     0x800'94e8      0xc  stm32f4xx_it.o [1]
  .rodata            const     0x800'94f4      0xc  stm32f4xx_it.o [1]
  .rodata            const     0x800'9500      0xc  stm32f4xx_it.o [1]
  .rodata            const     0x800'950c      0xc  stm32f4xx_it.o [1]
  .rodata            const     0x800'9518      0xc  stm32f4xx_it.o [1]
  .rodata            const     0x800'9524      0xc  stm32f4xx_it.o [1]
  .rodata            const     0x800'9530      0xc  stm32f4xx_it.o [1]
  .rodata            const     0x800'953c      0xc  stm32f4xx_it.o [1]
  .text              ro code   0x800'9548      0xc  cstartup_M.o [4]
  .rodata            const     0x800'9554      0x8  app.o [1]
  .rodata            const     0x800'955c      0x8  lib_mem.o [1]
  .rodata            const     0x800'9564      0x8  os_core.o [1]
  .rodata            const     0x800'956c      0x8  os_task.o [1]
  .rodata            const     0x800'9578      0x8  RobotCtrl.o [1]
  .rodata            const     0x800'9580      0x8  RobotCtrl.o [1]
  .rodata            const     0x800'9588      0x4  os_cfg_app.o [1]
  .rodata            const     0x800'958c      0x4  os_cfg_app.o [1]
  .rodata            const     0x800'9590      0x4  os_cfg_app.o [1]
  .rodata            const     0x800'9594      0x4  os_cfg_app.o [1]
  .rodata            const     0x800'9598      0x4  os_cfg_app.o [1]
  .rodata            const     0x800'959c      0x4  os_cfg_app.o [1]
  .rodata            const     0x800'95a0      0x4  os_cfg_app.o [1]
  .rodata            const     0x800'95a4      0x4  os_cfg_app.o [1]
  .rodata            const     0x800'95a8      0x4  os_cfg_app.o [1]
  .rodata            const     0x800'95ac      0x4  os_cfg_app.o [1]
  .rodata            const     0x800'95b0      0x4  os_cfg_app.o [1]
  .rodata            const     0x800'95b4      0x4  os_cfg_app.o [1]
  .rodata            const     0x800'95b8      0x4  os_cfg_app.o [1]
  .rodata            const     0x800'95bc      0x4  os_cfg_app.o [1]
  .rodata            const     0x800'95c0      0x4  os_cfg_app.o [1]
  .rodata            const     0x800'95c4      0x4  os_cfg_app.o [1]
  .rodata            const     0x800'95c8      0x4  os_cfg_app.o [1]
  .rodata            const     0x800'95cc      0x4  os_cfg_app.o [1]
  .rodata            const     0x800'95d0      0x4  os_cfg_app.o [1]
  .rodata            const     0x800'95d4      0x4  os_cfg_app.o [1]
  .rodata            const     0x800'95d8      0x4  os_cfg_app.o [1]
  .rodata            const     0x800'95dc      0x4  os_dbg.o [1]
  .rodata            const     0x800'95e0      0x4  os_dbg.o [1]
  .rodata            const     0x800'95e4      0x4  os_dbg.o [1]
  .rodata            const     0x800'95e8      0x4  RobotCtrl.o [1]
  .rodata            const     0x800'95ec      0x4  RobotCtrl.o [1]
  .rodata            const     0x800'95f0      0x4  xlocale_c.o [2]
  .text              ro code   0x800'95f4      0x4  startup_stm32f427xx.o [1]
  .text              ro code   0x800'95f8      0x4  startup_stm32f427xx.o [1]
  .text              ro code   0x800'95fc      0x4  startup_stm32f427xx.o [1]
  .text              ro code   0x800'9600      0x4  startup_stm32f427xx.o [1]
  .text              ro code   0x800'9604      0x4  startup_stm32f427xx.o [1]
  .text              ro code   0x800'9608      0x4  startup_stm32f427xx.o [1]
  .text              ro code   0x800'960c      0x4  startup_stm32f427xx.o [1]
  .text              ro code   0x800'9610      0x4  startup_stm32f427xx.o [1]
  .text              ro code   0x800'9614      0x4  startup_stm32f427xx.o [1]
  .text              ro code   0x800'9618      0x4  startup_stm32f427xx.o [1]
  .text              ro code   0x800'961c      0x4  startup_stm32f427xx.o [1]
  .text              ro code   0x800'9620      0x4  startup_stm32f427xx.o [1]
  .text              ro code   0x800'9624      0x4  startup_stm32f427xx.o [1]
  .text              ro code   0x800'9628      0x4  startup_stm32f427xx.o [1]
  .text              ro code   0x800'962c      0x4  startup_stm32f427xx.o [1]
  .text              ro code   0x800'9630      0x4  startup_stm32f427xx.o [1]
  .text              ro code   0x800'9634      0x4  startup_stm32f427xx.o [1]
  .text              ro code   0x800'9638      0x4  startup_stm32f427xx.o [1]
  .text              ro code   0x800'963c      0x4  startup_stm32f427xx.o [1]
  .text              ro code   0x800'9640      0x4  startup_stm32f427xx.o [1]
  .text              ro code   0x800'9644      0x4  startup_stm32f427xx.o [1]
  .text              ro code   0x800'9648      0x4  startup_stm32f427xx.o [1]
  .text              ro code   0x800'964c      0x4  startup_stm32f427xx.o [1]
  .text              ro code   0x800'9650      0x4  startup_stm32f427xx.o [1]
  .text              ro code   0x800'9654      0x4  startup_stm32f427xx.o [1]
  .text              ro code   0x800'9658      0x4  startup_stm32f427xx.o [1]
  .text              ro code   0x800'965c      0x4  startup_stm32f427xx.o [1]
  .text              ro code   0x800'9660      0x4  startup_stm32f427xx.o [1]
  .text              ro code   0x800'9664      0x4  startup_stm32f427xx.o [1]
  .text              ro code   0x800'9668      0x4  startup_stm32f427xx.o [1]
  .text              ro code   0x800'966c      0x4  startup_stm32f427xx.o [1]
  .text              ro code   0x800'9670      0x4  startup_stm32f427xx.o [1]
  .text              ro code   0x800'9674      0x4  startup_stm32f427xx.o [1]
  .text              ro code   0x800'9678      0x4  startup_stm32f427xx.o [1]
  .text              ro code   0x800'967c      0x4  startup_stm32f427xx.o [1]
  .text              ro code   0x800'9680      0x4  startup_stm32f427xx.o [1]
  .text              ro code   0x800'9684      0x4  startup_stm32f427xx.o [1]
  .text              ro code   0x800'9688      0x4  startup_stm32f427xx.o [1]
  .text              ro code   0x800'968c      0x4  startup_stm32f427xx.o [1]
  .text              ro code   0x800'9690      0x4  startup_stm32f427xx.o [1]
  .text              ro code   0x800'9694      0x4  startup_stm32f427xx.o [1]
  .text              ro code   0x800'9698      0x4  startup_stm32f427xx.o [1]
  .text              ro code   0x800'969c      0x4  startup_stm32f427xx.o [1]
  .text              ro code   0x800'96a0      0x4  startup_stm32f427xx.o [1]
  .text              ro code   0x800'96a4      0x4  startup_stm32f427xx.o [1]
  .text              ro code   0x800'96a8      0x4  startup_stm32f427xx.o [1]
  .text              ro code   0x800'96ac      0x4  startup_stm32f427xx.o [1]
  .text              ro code   0x800'96b0      0x4  startup_stm32f427xx.o [1]
  .text              ro code   0x800'96b4      0x4  startup_stm32f427xx.o [1]
  .text              ro code   0x800'96b8      0x4  startup_stm32f427xx.o [1]
  .text              ro code   0x800'96bc      0x4  startup_stm32f427xx.o [1]
  .text              ro code   0x800'96c0      0x4  startup_stm32f427xx.o [1]
  .text              ro code   0x800'96c4      0x4  startup_stm32f427xx.o [1]
  .text              ro code   0x800'96c8      0x4  startup_stm32f427xx.o [1]
  .text              ro code   0x800'96cc      0x4  startup_stm32f427xx.o [1]
  .text              ro code   0x800'96d0      0x4  startup_stm32f427xx.o [1]
  .text              ro code   0x800'96d4      0x4  startup_stm32f427xx.o [1]
  .text              ro code   0x800'96d8      0x4  startup_stm32f427xx.o [1]
  .text              ro code   0x800'96dc      0x4  startup_stm32f427xx.o [1]
  .text              ro code   0x800'96e0      0x4  startup_stm32f427xx.o [1]
  .text              ro code   0x800'96e4      0x4  startup_stm32f427xx.o [1]
  .text              ro code   0x800'96e8      0x4  startup_stm32f427xx.o [1]
  .text              ro code   0x800'96ec      0x4  startup_stm32f427xx.o [1]
  .text              ro code   0x800'96f0      0x4  startup_stm32f427xx.o [1]
  .text              ro code   0x800'96f4      0x4  startup_stm32f427xx.o [1]
  .text              ro code   0x800'96f8      0x4  startup_stm32f427xx.o [1]
  .text              ro code   0x800'96fc      0x4  startup_stm32f427xx.o [1]
  .text              ro code   0x800'9700      0x4  startup_stm32f427xx.o [1]
  .text              ro code   0x800'9704      0x4  startup_stm32f427xx.o [1]
  .text              ro code   0x800'9708      0x4  startup_stm32f427xx.o [1]
  .text              ro code   0x800'970c      0x4  startup_stm32f427xx.o [1]
  .text              ro code   0x800'9710      0x4  startup_stm32f427xx.o [1]
  .text              ro code   0x800'9714      0x4  startup_stm32f427xx.o [1]
  .text              ro code   0x800'9718      0x4  startup_stm32f427xx.o [1]
  .text              ro code   0x800'971c      0x4  startup_stm32f427xx.o [1]
  .text              ro code   0x800'9720      0x4  startup_stm32f427xx.o [1]
  .text              ro code   0x800'9724      0x4  startup_stm32f427xx.o [1]
  .text              ro code   0x800'9728      0x4  startup_stm32f427xx.o [1]
  .text              ro code   0x800'972c      0x4  startup_stm32f427xx.o [1]
  .text              ro code   0x800'9730      0x4  startup_stm32f427xx.o [1]
  .rodata            const     0x800'9734      0x1  os_dbg.o [1]
  .rodata            const     0x800'9735      0x1  os_dbg.o [1]
  .rodata            const     0x800'9736      0x1  os_dbg.o [1]
  .rodata            const     0x800'9737      0x1  os_dbg.o [1]
  .rodata            const     0x800'9738      0x1  os_dbg.o [1]
  .rodata            const     0x800'9739      0x1  os_dbg.o [1]
  .rodata            const     0x800'973a      0x1  os_dbg.o [1]
  .rodata            const     0x800'973b      0x1  os_dbg.o [1]
  .rodata            const     0x800'973c      0x1  os_dbg.o [1]
  .rodata            const     0x800'973d      0x1  os_dbg.o [1]
  .rodata            const     0x800'973e      0x1  os_dbg.o [1]
  .rodata            const     0x800'973f      0x1  os_dbg.o [1]
  .rodata            const     0x800'9740      0x1  os_dbg.o [1]
  .rodata            const     0x800'9741      0x1  os_dbg.o [1]
  .rodata            const     0x800'9742      0x1  os_dbg.o [1]
  .rodata            const     0x800'9743      0x1  os_dbg.o [1]
  .rodata            const     0x800'9744      0x1  os_dbg.o [1]
  .rodata            const     0x800'9745      0x1  os_dbg.o [1]
  .rodata            const     0x800'9746      0x1  os_dbg.o [1]
  .rodata            const     0x800'9747      0x1  os_dbg.o [1]
  .rodata            const     0x800'9748      0x1  os_dbg.o [1]
  .rodata            const     0x800'9749      0x1  os_dbg.o [1]
  .rodata            const     0x800'974a      0x1  os_dbg.o [1]
  .rodata            const     0x800'974b      0x1  os_dbg.o [1]
  .rodata            const     0x800'974c      0x1  os_dbg.o [1]
  .rodata            const     0x800'974d      0x1  os_dbg.o [1]
  .rodata            const     0x800'974e      0x1  os_dbg.o [1]
  .rodata            const     0x800'974f      0x1  os_dbg.o [1]
  .rodata            const     0x800'9750      0x1  os_dbg.o [1]
  .rodata            const     0x800'9751      0x1  os_dbg.o [1]
  .rodata            const     0x800'9752      0x1  os_dbg.o [1]
  .text              ro code   0x800'9754      0x0  cstart_closeall.o [4]
  .rodata            const     0x800'9754      0x0  zero_init3.o [4]
  .rodata            const     0x800'9754      0x0  packbits_init.o [4]
  Initializer bytes  const     0x800'9754    0x239  <for P4 s0>
                             - 0x800'998d   0x97e1

"P3":                                       0x2000
  CSTACK                      0x1000'0000   0x2000  <Block>
    CSTACK           uninit   0x1000'0000   0x2000  <Block tail>
                            - 0x1000'2000   0x2000

"P4", part 1 of 3:                           0x54c
  P4 s0                       0x2000'0000    0x54c  <Init block>
    .data            inited   0x2000'0000     0x48  xfiles.o [2]
    .data            inited   0x2000'0048     0x48  xfiles.o [2]
    .data            inited   0x2000'0090     0x48  xfiles.o [2]
    .data            inited   0x2000'00d8     0x38  xlocale_c.o [2]
    .data            inited   0x2000'0110     0x20  C610.o [1]
    .data            inited   0x2000'0130     0x20  C610.o [1]
    .data            inited   0x2000'0150     0x20  C610.o [1]
    .data            inited   0x2000'0170     0x20  C610.o [1]
    .data            inited   0x2000'0190     0x20  C610.o [1]
    .data            inited   0x2000'01b0     0x20  C610.o [1]
    .data            inited   0x2000'01d0     0x20  C610.o [1]
    .data            inited   0x2000'01f0     0x20  C610.o [1]
    .data            inited   0x2000'0210     0x20  C610.o [1]
    .data            inited   0x2000'0230     0x20  C610.o [1]
    .data            inited   0x2000'0250     0x20  C610.o [1]
    .data            inited   0x2000'0270     0x20  C610.o [1]
    .data            inited   0x2000'0290     0x20  C610.o [1]
    .data            inited   0x2000'02b0     0x20  C610.o [1]
    .data            inited   0x2000'02d0     0x20  C610.o [1]
    .data            inited   0x2000'02f0     0x20  C610.o [1]
    .data            inited   0x2000'0310     0x20  C620.o [1]
    .data            inited   0x2000'0330     0x20  C620.o [1]
    .data            inited   0x2000'0350     0x20  C620.o [1]
    .data            inited   0x2000'0370     0x20  C620.o [1]
    .data            inited   0x2000'0390     0x20  C620.o [1]
    .data            inited   0x2000'03b0     0x20  C620.o [1]
    .data            inited   0x2000'03d0     0x20  C620.o [1]
    .data            inited   0x2000'03f0     0x20  C620.o [1]
    .data            inited   0x2000'0410     0x20  C620.o [1]
    .data            inited   0x2000'0430     0x20  C620.o [1]
    .data            inited   0x2000'0450     0x20  C620.o [1]
    .data            inited   0x2000'0470     0x20  C620.o [1]
    .data            inited   0x2000'0490     0x20  PID.o [1]
    .data            inited   0x2000'04b0     0x20  PID.o [1]
    .data            inited   0x2000'04d0     0x20  PID.o [1]
    .data            inited   0x2000'04f0     0x20  xfiles.o [2]
    .data            inited   0x2000'0510     0x10  stm32f4xx_rcc.o [1]
    .data            inited   0x2000'0520      0xc  RobotCtrl.o [1]
    .data            inited   0x2000'052c      0x4  app.o [1]
    .data            inited   0x2000'0530      0x4  app.o [1]
    .data            inited   0x2000'0534      0x4  app.o [1]
    .data            inited   0x2000'0538      0x4  C610.o [1]
    .data            inited   0x2000'053c      0x4  C610.o [1]
    .data            inited   0x2000'0540      0x4  C610.o [1]
    .data            inited   0x2000'0544      0x4  C610.o [1]
    .data            inited   0x2000'0548      0x4  RobotCtrl.o [1]
                            - 0x2000'054c    0x54c

"P4", part 2 of 3:                         0x1257c
  .bss               zero     0x2000'054c   0xf000  lib_mem.o [1]
  .bss               zero     0x2000'f54c    0x800  app.o [1]
  .bss               zero     0x2000'fd4c    0x800  app.o [1]
  .bss               zero     0x2001'054c    0x800  app.o [1]
  .bss               zero     0x2001'0d4c    0x4b0  os_cfg_app.o [1]
  .bss               zero     0x2001'11fc    0x400  os_cfg_app.o [1]
  .bss               zero     0x2001'15fc    0x200  os_cfg_app.o [1]
  .bss               zero     0x2001'17fc    0x200  os_cfg_app.o [1]
  .bss               zero     0x2001'19fc    0x200  os_cfg_app.o [1]
  .bss               zero     0x2001'1c00    0x1b0  C610.o [1]
  .bss               zero     0x2001'1db0    0x1b0  C620.o [1]
  .bss               zero     0x2001'1f60    0x180  os_var.o [1]
  .bss               zero     0x2001'20e0     0xb4  vesc.o [1]
  .bss               zero     0x2001'2194     0xb0  app.o [1]
  .bss               zero     0x2001'2244     0xb0  app.o [1]
  .bss               zero     0x2001'22f4     0xb0  app.o [1]
  .bss               zero     0x2001'23a4     0xb0  os_var.o [1]
  .bss               zero     0x2001'2454     0xb0  os_var.o [1]
  .bss               zero     0x2001'2504     0xb0  os_var.o [1]
  .bss               zero     0x2001'25b4     0x80  XShHandles.o [2]
  .bss               zero     0x2001'2634     0x50  xfiles.o [2]
  .bss               zero     0x2001'2684     0x50  xfiles.o [2]
  .bss               zero     0x2001'26d4     0x40  C610.o [1]
  .bss               zero     0x2001'2714     0x40  C620.o [1]
  .bss               zero     0x2001'2754     0x3c  RobotCtrl.o [1]
  .bss               zero     0x2001'2790     0x38  C610.o [1]
  .bss               zero     0x2001'27c8     0x38  C620.o [1]
  .bss               zero     0x2001'2800     0x30  RobotCtrl.o [1]
  .bss               zero     0x2001'2830     0x2c  os_var.o [1]
  .bss               zero     0x2001'285c     0x24  app.o [1]
  .bss               zero     0x2001'2880     0x24  app.o [1]
  .bss               zero     0x2001'28a4     0x24  app.o [1]
  .bss               zero     0x2001'28c8     0x24  r1v2.o [1]
  .bss               zero     0x2001'28ec     0x24  r1v2.o [1]
  .bss               zero     0x2001'2910     0x24  r1v2.o [1]
  .bss               zero     0x2001'2934     0x24  RobotCtrl.o [1]
  .bss               zero     0x2001'2958     0x18  action.o [1]
  .bss               zero     0x2001'2970     0x14  can.o [1]
  .bss               zero     0x2001'2984     0x14  lib_mem.o [1]
  .bss               zero     0x2001'2998      0xc  os_var.o [1]
  .bss               zero     0x2001'29a4      0xc  RobotCtrl.o [1]
  .bss               zero     0x2001'29b0      0xc  RobotCtrl.o [1]
  .bss               zero     0x2001'29bc      0xc  RobotCtrl.o [1]
  .bss               zero     0x2001'29c8      0x8  app.o [1]
  .bss               zero     0x2001'29d0      0x8  C610.o [1]
  .bss               zero     0x2001'29d8      0x8  C620.o [1]
  .bss               zero     0x2001'29e0      0x8  motor.o [1]
  .bss               zero     0x2001'29e8      0x8  os_var.o [1]
  .bss               zero     0x2001'29f0      0x8  os_var.o [1]
  .bss               zero     0x2001'29f8      0x8  vesc.o [1]
  .bss               zero     0x2001'2a00      0x8  heap0.o [2]
  .bss               zero     0x2001'2a08      0x4  app.o [1]
  .bss               zero     0x2001'2a0c      0x4  app.o [1]
  .bss               zero     0x2001'2a10      0x4  C610.o [1]
  .bss               zero     0x2001'2a14      0x4  C610.o [1]
  .bss               zero     0x2001'2a18      0x4  C610.o [1]
  .bss               zero     0x2001'2a1c      0x4  C610.o [1]
  .bss               zero     0x2001'2a20      0x4  C620.o [1]
  .bss               zero     0x2001'2a24      0x4  cpu_core.o [1]
  .bss               zero     0x2001'2a28      0x4  lib_math.o [1]
  .bss               zero     0x2001'2a2c      0x4  lib_mem.o [1]
  .bss               zero     0x2001'2a30      0x4  motor.o [1]
  .bss               zero     0x2001'2a34      0x4  motor.o [1]
  .bss               zero     0x2001'2a38      0x4  motor.o [1]
  .bss               zero     0x2001'2a3c      0x4  motor.o [1]
  .bss               zero     0x2001'2a40      0x4  motor.o [1]
  .bss               zero     0x2001'2a44      0x4  motor.o [1]
  .bss               zero     0x2001'2a48      0x4  motor.o [1]
  .bss               zero     0x2001'2a4c      0x4  os_cpu_c.o [1]
  .bss               zero     0x2001'2a50      0x4  os_prio.o [1]
  .bss               zero     0x2001'2a54      0x4  os_var.o [1]
  .bss               zero     0x2001'2a58      0x4  os_var.o [1]
  .bss               zero     0x2001'2a5c      0x4  os_var.o [1]
  .bss               zero     0x2001'2a60      0x4  os_var.o [1]
  .bss               zero     0x2001'2a64      0x4  os_var.o [1]
  .bss               zero     0x2001'2a68      0x4  os_var.o [1]
  .bss               zero     0x2001'2a6c      0x4  os_var.o [1]
  .bss               zero     0x2001'2a70      0x4  os_var.o [1]
  .bss               zero     0x2001'2a74      0x4  os_var.o [1]
  .bss               zero     0x2001'2a78      0x4  os_var.o [1]
  .bss               zero     0x2001'2a7c      0x4  os_var.o [1]
  .bss               zero     0x2001'2a80      0x4  os_var.o [1]
  .bss               zero     0x2001'2a84      0x4  os_var.o [1]
  .bss               zero     0x2001'2a88      0x4  os_var.o [1]
  .bss               zero     0x2001'2a8c      0x4  os_var.o [1]
  .bss               zero     0x2001'2a90      0x4  os_var.o [1]
  .bss               zero     0x2001'2a94      0x4  tim.o [1]
  .bss               zero     0x2001'2a98      0x4  vesc.o [1]
  .bss               zero     0x2001'2a9c      0x4  xgetmemchunk.o [2]
  .bss               zero     0x2001'2aa0      0x4  xfail_s.o [2]
  .bss               zero     0x2001'2aa4      0x2  app.o [1]
  .bss               zero     0x2001'2aa6      0x2  motor.o [1]
  .bss               zero     0x2001'2aa8      0x2  os_var.o [1]
  .bss               zero     0x2001'2aaa      0x2  os_var.o [1]
  .bss               zero     0x2001'2aac      0x2  os_var.o [1]
  .bss               zero     0x2001'2aae      0x2  os_var.o [1]
  .bss               zero     0x2001'2ab0      0x2  os_var.o [1]
  .bss               zero     0x2001'2ab2      0x2  os_var.o [1]
  .bss               zero     0x2001'2ab4      0x2  os_var.o [1]
  .bss               zero     0x2001'2ab6      0x1  action.o [1]
  .bss               zero     0x2001'2ab7      0x1  action.o [1]
  .bss               zero     0x2001'2ab8      0x1  action.o [1]
  .bss               zero     0x2001'2ab9      0x1  app.o [1]
  .bss               zero     0x2001'2aba      0x1  can.o [1]
  .bss               zero     0x2001'2abb      0x1  can.o [1]
  .bss               zero     0x2001'2abc      0x1  can.o [1]
  .bss               zero     0x2001'2abd      0x1  can.o [1]
  .bss               zero     0x2001'2abe      0x1  os_var.o [1]
  .bss               zero     0x2001'2abf      0x1  os_var.o [1]
  .bss               zero     0x2001'2ac0      0x1  os_var.o [1]
  .bss               zero     0x2001'2ac1      0x1  os_var.o [1]
  .bss               zero     0x2001'2ac2      0x1  os_var.o [1]
  .bss               zero     0x2001'2ac3      0x1  os_var.o [1]
  .bss               zero     0x2001'2ac4      0x1  os_var.o [1]
  .bss               zero     0x2001'2ac5      0x1  r1v2.o [1]
  .bss               zero     0x2001'2ac6      0x1  RobotCtrl.o [1]
                            - 0x2001'2ac7  0x1257b

"P4", part 3 of 3:                          0x2000
  HEAP                        0x2001'2ac8   0x2000  <Block>
    HEAP             uninit   0x2001'2ac8   0x2000  <Block tail>
                            - 0x2001'4ac8   0x2000

Unused ranges:

         From           To       Size
         ----           --       ----
   0x800'998d   0x81f'ffff  0x1f'6673
  0x1000'2000  0x1000'ffff     0xe000
  0x2001'4ac8  0x2001'bfff     0x7538
  0x2001'c000  0x2001'ffff     0x4000
  0x2002'0000  0x2002'ffff   0x1'0000


*******************************************************************************
*** INIT TABLE
***

          Address      Size
          -------      ----
Zero (__iar_zero_init3)
    1 destination range, total size 0x1257b:
          0x2000'054c  0x1257b

Copy/packbits (__iar_packbits_init3)
    1 source range, total size 0x239 (41% of destination):
           0x800'9754    0x239
    1 destination range, total size 0x54c:
          0x2000'0000    0x54c



*******************************************************************************
*** MODULE SUMMARY
***

    Module                 ro code  ro data  rw data
    ------                 -------  -------  -------
command line/config:
    ------------------------------------------------
    Total:

D:\Kipper\program\RTS\RTS-2023\Debug\Obj: [1]
    BT.o                       212
    C610.o                   3 396      221    1 104
    C620.o                   2 148      162      948
    PID.o                    1 212       40       96
    RobotCtrl.o              1 232       31      197
    action.o                   568                27
    app.o                    1 196       97    6 811
    bsp.o                      132
    can.o                    1 360                24
    cpu_a.o                     52
    cpu_core.o                  36                 4
    led.o                      172
    lib_math.o                  32                 4
    lib_mem.o                  136        8   61 464
    misc.o                     128
    motor.o                    628                38
    os_cfg_app.o               148       88    3 760
    os_core.o                2 112       40
    os_cpu_a.o                 264
    os_cpu_c.o                 720                 4
    os_dbg.o                   416      337
    os_flag.o                  108
    os_mem.o                    28
    os_msg.o                   184
    os_mutex.o                 918
    os_prio.o                  116                 4
    os_sem.o                   266
    os_task.o                1 840        8
    os_tick.o                1 068       20
    os_time.o                  296
    os_tmr.o                   480       40
    os_var.o                                   1 069
    r1v2.o                     704               109
    startup_stm32f427xx.o      764
    stm32f4xx_can.o          1 556
    stm32f4xx_gpio.o           270
    stm32f4xx_it.o             276      276
    stm32f4xx_rcc.o            368        7       16
    stm32f4xx_tim.o            232
    stm32f4xx_usart.o          744
    system_stm32f4xx.o         324
    tim.o                      148                 4
    vesc.o                     232               192
    ------------------------------------------------
    Total:                  27 222    1 375   75 875

dl7M_tlf.a: [2]
    XShHandles.o               204               128
    abort.o                      6
    exit.o                       4
    fclose.o                   126
    fflush.o                   172
    fputc.o                     84
    fseek.o                     36
    heap0.o                    320                 8
    heaptramp0.o                 4
    low_level_init.o             4
    printf.o                    40
    putchar.o                   12
    xcloseall.o                 60
    xfail_s.o                   64                 4
    xfgpos.o                    12
    xfiles.o                            103      408
    xfofind.o                  140
    xfspos.o                   216
    xfwprep.o                  180
    xgetmemchunk.o              44                 4
    xlocale_c.o                  8       28       56
    xprintffull_nomb.o       3 570
    xprout.o                    22
    ------------------------------------------------
    Total:                   5 328      131      608

m7M_tls.a: [3]
    DblAdd.o                   378
    DblCmpGe.o                  46
    DblCmpLe.o                  46
    DblDiv.o                   582
    DblMul.o                   418
    DblSub.o                   226
    DblToFlt.o                 104
    DblToS32.o                  58
    DblToU32.o                  40
    FltToDbl.o                  72
    S32ToDbl.o                  34
    S64ToFlt.o                  88
    U32ToDbl.o                  26
    cos_sin64.o              1 092
    fpinit_M.o                  34
    frexp.o                    112
    ldexp.o                    314
    math_wrappers64.o           30
    ------------------------------------------------
    Total:                   3 700

rt7M_tl.a: [4]
    ABImemcpy.o                166
    I64DivMod.o                560
    I64DivZer.o                  2
    cexit.o                     14
    cmain.o                     30
    cstart_closeall.o
    cstartup_M.o                12
    data_init.o                 40
    memchr.o                    88
    packbits_init.o            156
    strchr.o                    22
    strlen.o                    54
    zero_init3.o                58
    ------------------------------------------------
    Total:                   1 202

shb_l.a: [5]
    close.o                     24
    dwrite.o                    30
    exit.o                      20
    iarwrite.o                  34
    iarwstdswo.o                80
    lseek.o                     74
    remove.o                    20
    write.o                     16
    ------------------------------------------------
    Total:                     298

    Gaps                         1        8        4
    Linker created                       44   16 384
----------------------------------------------------
    Grand Total:            37 751    1 558   92 871


*******************************************************************************
*** ENTRY LIST
***

Entry                       Address    Size  Type      Object
-----                       -------    ----  ----      ------
.iar.init_table$$Base    0x800'9328           --   Gb  - Linker created -
.iar.init_table$$Limit   0x800'9354           --   Gb  - Linker created -
?main                    0x800'9399          Code  Gb  cmain.o [4]
APBAHBPrescTable        0x2000'0510    0x10  Data  Lc  stm32f4xx_rcc.o [1]
Action_Init              0x800'82ad    0xbc  Code  Gb  action.o [1]
Aldata                  0x2001'2a00     0x8  Data  Lc  heap0.o [2]
BSP_CPU_ClkFreq          0x800'695d     0xe  Code  Gb  bsp.o [1]
BSP_Init                 0x800'6977    0x36  Code  Gb  bsp.o [1]
BSP_OSTickInit           0x800'696b     0xc  Code  Gb  bsp.o [1]
BT_usart3_init           0x800'6d4d    0xc4  Code  Gb  BT.o [1]
BusFault_Handler         0x800'8b15     0x2  Code  Gb  stm32f4xx_it.o [1]
CAN1_Init                0x800'2f15   0x10e  Code  Gb  can.o [1]
CAN1_RX0_IRQHandler      0x800'324d    0x92  Code  Gb  can.o [1]
CAN1_RX0_IRQHandler::overrun
                        0x2001'2aba     0x1  Data  Lc  can.o [1]
CAN1_RX1_IRQHandler      0x800'32df    0x92  Code  Gb  can.o [1]
CAN1_RX1_IRQHandler::overrun
                        0x2001'2abb     0x1  Data  Lc  can.o [1]
CAN1_Send_Msg            0x800'317b    0x48  Code  Gb  can.o [1]
CAN1_Send_Msg_ExtendID   0x800'31c3    0x48  Code  Gb  can.o [1]
CAN2_Init                0x800'3023   0x158  Code  Gb  can.o [1]
CAN2_RX0_IRQHandler      0x800'3371    0x68  Code  Gb  can.o [1]
CAN2_RX0_IRQHandler::overrun
                        0x2001'2abc     0x1  Data  Lc  can.o [1]
CAN2_RX1_IRQHandler      0x800'33d9    0x68  Code  Gb  can.o [1]
CAN2_RX1_IRQHandler::overrun
                        0x2001'2abd     0x1  Data  Lc  can.o [1]
CAN2_Send_Msg            0x800'320b    0x42  Code  Gb  can.o [1]
CAN_ClearITPendingBit    0x800'3ce9    0x92  Code  Gb  stm32f4xx_can.o [1]
CAN_FilterInit           0x800'389f    0xda  Code  Gb  stm32f4xx_can.o [1]
CAN_GetITStatus          0x800'3c01    0xe8  Code  Gb  stm32f4xx_can.o [1]
CAN_ITConfig             0x800'3be9    0x18  Code  Gb  stm32f4xx_can.o [1]
CAN_Init                 0x800'3795   0x10a  Code  Gb  stm32f4xx_can.o [1]
CAN_Receive              0x800'3ae5   0x104  Code  Gb  stm32f4xx_can.o [1]
CAN_StructInit           0x800'3979    0x2e  Code  Gb  stm32f4xx_can.o [1]
CAN_Transmit             0x800'39a7   0x13e  Code  Gb  stm32f4xx_can.o [1]
CH                      0x2001'28ec    0x24  Data  Gb  r1v2.o [1]
CH_MEM                  0x2001'2910    0x24  Data  Gb  r1v2.o [1]
CPU_CntLeadZeros         0x800'6947          Code  Gb  cpu_a.o [1]
CPU_CntTrailZeros        0x800'694d          Code  Gb  cpu_a.o [1]
CPU_Init                 0x800'6445     0x8  Code  Gb  cpu_core.o [1]
CPU_IntDis               0x800'6929          Code  Gb  cpu_a.o [1]
CPU_IntEn                0x800'692d          Code  Gb  cpu_a.o [1]
CPU_RevBits              0x800'6957          Code  Gb  cpu_a.o [1]
CPU_SR_Restore           0x800'6939          Code  Gb  cpu_a.o [1]
CPU_SR_Save              0x800'6931          Code  Gb  cpu_a.o [1]
CPU_SW_Exception         0x800'644d     0x2  Code  Gb  cpu_core.o [1]
CPU_TS_Init              0x800'6455     0xe  Code  Lc  cpu_core.o [1]
CPU_TS_TmrFreqSet        0x800'644f     0x6  Code  Gb  cpu_core.o [1]
CPU_TS_TmrFreq_Hz       0x2001'2a24     0x4  Data  Gb  cpu_core.o [1]
CPU_TS_TmrInit           0x800'69ad    0x26  Code  Gb  bsp.o [1]
CPU_WaitForExcept        0x800'6943          Code  Gb  cpu_a.o [1]
CPU_WaitForInt           0x800'693f          Code  Gb  cpu_a.o [1]
CSTACK$$Base            0x1000'0000           --   Gb  - Linker created -
CSTACK$$Limit           0x1000'2000           --   Gb  - Linker created -
Capstep                 0x2001'2a1c     0x4  Data  Gb  C610.o [1]
Capture                  0x800'2721   0x108  Code  Gb  C610.o [1]
CheckITStatus            0x800'3d99    0x10  Code  Lc  stm32f4xx_can.o [1]
DebugMon_Handler         0x800'8b1b     0x2  Code  Gb  stm32f4xx_it.o [1]
FeedbackData            0x2001'2ac6     0x1  Data  Gb  RobotCtrl.o [1]
Formula_4Omni            0x800'7313   0x128  Code  Gb  RobotCtrl.o [1]
Formula_World2Robo       0x800'7285    0x8e  Code  Gb  RobotCtrl.o [1]
GPIO_Init                0x800'3685    0xa8  Code  Gb  stm32f4xx_gpio.o [1]
GPIO_PinAFConfig         0x800'373f    0x54  Code  Gb  stm32f4xx_gpio.o [1]
GPIO_ResetBits           0x800'3731     0x4  Code  Gb  stm32f4xx_gpio.o [1]
GPIO_SetBits             0x800'372d     0x4  Code  Gb  stm32f4xx_gpio.o [1]
GPIO_ToggleBits          0x800'3735     0xa  Code  Gb  stm32f4xx_gpio.o [1]
HEAP$$Base              0x2001'2ac8           --   Gb  - Linker created -
HEAP$$Limit             0x2001'4ac8           --   Gb  - Linker created -
HardFault_Handler        0x800'8b01    0x12  Code  Gb  stm32f4xx_it.o [1]
InitStatus              0x2001'28a4    0x24  Data  Gb  app.o [1]
LED1_Init                0x800'69e1    0x32  Code  Gb  led.o [1]
LED2_Init                0x800'6a13    0x32  Code  Gb  led.o [1]
LoRa_Init                0x800'6e11     0x8  Code  Gb  BT.o [1]
LoadInt                  0x800'035b    0x7a  Code  Lc  xprintffull_nomb.o [2]
MOTOR                   0x2001'1db0   0x1b0  Data  Gb  C620.o [1]
MOTOR_C610              0x2001'1c00   0x1b0  Data  Gb  C610.o [1]
MOTOR_DEAD_VAL           0x800'95e8     0x4  Data  Gb  RobotCtrl.o [1]
MOTOR_MAX_SPEED          0x800'95ec     0x4  Data  Gb  RobotCtrl.o [1]
MOTOR_V                 0x2001'20e0    0xb4  Data  Gb  vesc.o [1]
Math_Init                0x800'81f9     0xa  Code  Gb  lib_math.o [1]
Math_RandSeedCur        0x2001'2a28     0x4  Data  Gb  lib_math.o [1]
Math_RandSetSeed         0x800'8203    0x12  Code  Gb  lib_math.o [1]
MemManage_Handler        0x800'8b13     0x2  Code  Gb  stm32f4xx_it.o [1]
Mem_Heap                0x2000'054c  0xf000  Data  Gb  lib_mem.o [1]
Mem_Init                 0x800'8171    0x38  Code  Gb  lib_mem.o [1]
Mem_SegCreate            0x800'81a9    0x22  Code  Gb  lib_mem.o [1]
Mem_SegCreateCritical    0x800'81cb    0x1e  Code  Lc  lib_mem.o [1]
Mem_SegHeadPtr          0x2001'2a2c     0x4  Data  Gb  lib_mem.o [1]
Mem_SegHeap             0x2001'2984    0x14  Data  Gb  lib_mem.o [1]
Motor1PID               0x2000'0310    0x20  Data  Gb  C620.o [1]
Motor1PID_C610          0x2000'0110    0x20  Data  Gb  C610.o [1]
Motor2PID               0x2000'0330    0x20  Data  Gb  C620.o [1]
Motor2PID_C610          0x2000'0130    0x20  Data  Gb  C610.o [1]
Motor3PID               0x2000'0350    0x20  Data  Gb  C620.o [1]
Motor3PID_C610          0x2000'0150    0x20  Data  Gb  C610.o [1]
Motor4PID               0x2000'0370    0x20  Data  Gb  C620.o [1]
Motor4PID_C610          0x2000'0170    0x20  Data  Gb  C610.o [1]
Motor5PID               0x2000'0390    0x20  Data  Gb  C620.o [1]
Motor5PID_C610          0x2000'0190    0x20  Data  Gb  C610.o [1]
Motor6PID               0x2000'03b0    0x20  Data  Gb  C620.o [1]
Motor6PID_C610          0x2000'01b0    0x20  Data  Gb  C610.o [1]
Motor7PID               0x2000'03d0    0x20  Data  Gb  C620.o [1]
Motor7PID_C610          0x2000'01d0    0x20  Data  Gb  C610.o [1]
Motor8PID               0x2000'03f0    0x20  Data  Gb  C620.o [1]
Motor8PID_C610          0x2000'01f0    0x20  Data  Gb  C610.o [1]
MotorData               0x2001'29d8     0x8  Data  Gb  C620.o [1]
MotorData_C610          0x2001'29d0     0x8  Data  Gb  C610.o [1]
MotorData_send          0x2001'2714    0x40  Data  Gb  C620.o [1]
MotorData_send_C610     0x2001'26d4    0x40  Data  Gb  C610.o [1]
MotorData_v             0x2001'29f8     0x8  Data  Gb  vesc.o [1]
MotorPID1_C610          0x2000'0210    0x20  Data  Gb  C610.o [1]
MotorPID2_C610          0x2000'0230    0x20  Data  Gb  C610.o [1]
MotorPID3_C610          0x2000'0250    0x20  Data  Gb  C610.o [1]
MotorPID4_C610          0x2000'0270    0x20  Data  Gb  C610.o [1]
MotorPID5               0x2000'0410    0x20  Data  Gb  C620.o [1]
MotorPID5_C610          0x2000'0290    0x20  Data  Gb  C610.o [1]
MotorPID6               0x2000'0430    0x20  Data  Gb  C620.o [1]
MotorPID6_C610          0x2000'02b0    0x20  Data  Gb  C610.o [1]
MotorPID7               0x2000'0450    0x20  Data  Gb  C620.o [1]
MotorPID7_C610          0x2000'02d0    0x20  Data  Gb  C610.o [1]
MotorPID8               0x2000'0470    0x20  Data  Gb  C620.o [1]
MotorPID8_C610          0x2000'02f0    0x20  Data  Gb  C610.o [1]
MotorVal                0x2001'27c8    0x38  Data  Gb  C620.o [1]
MotorVal_C610           0x2001'2790    0x38  Data  Gb  C610.o [1]
Motor_Analyze            0x800'4669   0x1d2  Code  Gb  C620.o [1]
Motor_Analyze::i        0x2001'2a20     0x4  Data  Lc  C620.o [1]
Motor_Analyze_C610       0x800'1cbd   0x1d2  Code  Gb  C610.o [1]
Motor_Analyze_C610::i   0x2001'2a10     0x4  Data  Lc  C610.o [1]
Motor_Analyze_vesc       0x800'4f2d    0x7c  Code  Gb  vesc.o [1]
Motor_Analyze_vesc::i   0x2001'2a98     0x4  Data  Lc  vesc.o [1]
Motor_Position_Ctrl      0x800'49f1   0x308  Code  Gb  C620.o [1]
Motor_Position_Ctrl_C610
                         0x800'2045   0x61e  Code  Gb  C610.o [1]
Motor_Speed_Ctrl_C610    0x800'1e8f   0x1b6  Code  Gb  C610.o [1]
Motor_Speed_Ctrl_C620    0x800'483b   0x1b6  Code  Gb  C620.o [1]
Mt                      0x2001'2a08     0x4  Data  Gb  app.o [1]
NMI_Handler              0x800'8a09     0x2  Code  Gb  stm32f4xx_it.o [1]
NVIC_Init                0x800'3db3    0x62  Code  Gb  misc.o [1]
NVIC_PriorityGroupConfig
                         0x800'3da9     0xa  Code  Gb  misc.o [1]
OSCfg_DataSizeRAM        0x800'95d8     0x4  Data  Gb  os_cfg_app.o [1]
OSCfg_ISRStk            0x2001'11fc   0x400  Data  Gb  os_cfg_app.o [1]
OSCfg_ISRStkBasePtr      0x800'9598     0x4  Data  Gb  os_cfg_app.o [1]
OSCfg_ISRStkSize         0x800'959c     0x4  Data  Gb  os_cfg_app.o [1]
OSCfg_ISRStkSizeRAM      0x800'95a0     0x4  Data  Gb  os_cfg_app.o [1]
OSCfg_IdleTaskStk       0x2001'15fc   0x200  Data  Gb  os_cfg_app.o [1]
OSCfg_IdleTaskStkBasePtr
                         0x800'9588     0x4  Data  Gb  os_cfg_app.o [1]
OSCfg_IdleTaskStkLimit   0x800'958c     0x4  Data  Gb  os_cfg_app.o [1]
OSCfg_IdleTaskStkSize    0x800'9590     0x4  Data  Gb  os_cfg_app.o [1]
OSCfg_IdleTaskStkSizeRAM
                         0x800'9594     0x4  Data  Gb  os_cfg_app.o [1]
OSCfg_Init               0x800'62a9    0x94  Code  Gb  os_cfg_app.o [1]
OSCfg_MsgPool           0x2001'0d4c   0x4b0  Data  Gb  os_cfg_app.o [1]
OSCfg_MsgPoolBasePtr     0x800'95a8     0x4  Data  Gb  os_cfg_app.o [1]
OSCfg_MsgPoolSize        0x800'0fee     0x2  Data  Gb  os_cfg_app.o [1]
OSCfg_MsgPoolSizeRAM     0x800'95a4     0x4  Data  Gb  os_cfg_app.o [1]
OSCfg_StkSizeMin         0x800'95ac     0x4  Data  Gb  os_cfg_app.o [1]
OSCfg_TickRate_Hz        0x800'95b0     0x4  Data  Gb  os_cfg_app.o [1]
OSCfg_TickTaskPrio       0x800'916a     0x1  Data  Gb  os_cfg_app.o [1]
OSCfg_TickTaskStk       0x2001'17fc   0x200  Data  Gb  os_cfg_app.o [1]
OSCfg_TickTaskStkBasePtr
                         0x800'95b4     0x4  Data  Gb  os_cfg_app.o [1]
OSCfg_TickTaskStkLimit   0x800'95b8     0x4  Data  Gb  os_cfg_app.o [1]
OSCfg_TickTaskStkSize    0x800'95bc     0x4  Data  Gb  os_cfg_app.o [1]
OSCfg_TickTaskStkSizeRAM
                         0x800'95c0     0x4  Data  Gb  os_cfg_app.o [1]
OSCfg_TmrTaskPrio        0x800'916b     0x1  Data  Gb  os_cfg_app.o [1]
OSCfg_TmrTaskRate_Hz     0x800'95c4     0x4  Data  Gb  os_cfg_app.o [1]
OSCfg_TmrTaskStk        0x2001'19fc   0x200  Data  Gb  os_cfg_app.o [1]
OSCfg_TmrTaskStkBasePtr
                         0x800'95c8     0x4  Data  Gb  os_cfg_app.o [1]
OSCfg_TmrTaskStkLimit    0x800'95cc     0x4  Data  Gb  os_cfg_app.o [1]
OSCfg_TmrTaskStkSize     0x800'95d0     0x4  Data  Gb  os_cfg_app.o [1]
OSCfg_TmrTaskStkSizeRAM
                         0x800'95d4     0x4  Data  Gb  os_cfg_app.o [1]
OSCtxSw                  0x800'63d5          Code  Gb  os_cpu_a.o [1]
OSDbg_AppHooksEn         0x800'93be     0x1  Data  Gb  os_dbg.o [1]
OSDbg_ArgChkEn           0x800'9355     0x1  Data  Gb  os_dbg.o [1]
OSDbg_CalledFromISRChkEn
                         0x800'93bf     0x1  Data  Gb  os_dbg.o [1]
OSDbg_DataSize           0x800'95e4     0x4  Data  Gb  os_dbg.o [1]
OSDbg_DbgEn              0x800'9354     0x1  Data  Gb  os_dbg.o [1]
OSDbg_EndiannessTest     0x800'95dc     0x4  Data  Gb  os_dbg.o [1]
OSDbg_FlagDelEn          0x800'93cf     0x1  Data  Gb  os_dbg.o [1]
OSDbg_FlagEn             0x800'93ce     0x1  Data  Gb  os_dbg.o [1]
OSDbg_FlagGrp            0x800'92bc    0x24  Data  Gb  os_dbg.o [1]
OSDbg_FlagGrpSize        0x800'1066     0x2  Data  Gb  os_dbg.o [1]
OSDbg_FlagModeClrEn      0x800'93fe     0x1  Data  Gb  os_dbg.o [1]
OSDbg_FlagPendAbortEn    0x800'93ff     0x1  Data  Gb  os_dbg.o [1]
OSDbg_FlagWidth          0x800'1492     0x2  Data  Gb  os_dbg.o [1]
OSDbg_ISRPostDeferredEn
                         0x800'9734     0x1  Data  Gb  os_dbg.o [1]
OSDbg_Mem                0x800'9358    0x20  Data  Gb  os_dbg.o [1]
OSDbg_MemEn              0x800'9735     0x1  Data  Gb  os_dbg.o [1]
OSDbg_MemSize            0x800'153a     0x2  Data  Gb  os_dbg.o [1]
OSDbg_MsgEn              0x800'9736     0x1  Data  Gb  os_dbg.o [1]
OSDbg_MsgPoolSize        0x800'160a     0x2  Data  Gb  os_dbg.o [1]
OSDbg_MsgQSize           0x800'1746     0x2  Data  Gb  os_dbg.o [1]
OSDbg_MsgSize            0x800'15da     0x2  Data  Gb  os_dbg.o [1]
OSDbg_Mutex              0x800'9268    0x2c  Data  Gb  os_dbg.o [1]
OSDbg_MutexDelEn         0x800'9738     0x1  Data  Gb  os_dbg.o [1]
OSDbg_MutexEn            0x800'9737     0x1  Data  Gb  os_dbg.o [1]
OSDbg_MutexPendAbortEn   0x800'9739     0x1  Data  Gb  os_dbg.o [1]
OSDbg_MutexSize          0x800'1782     0x2  Data  Gb  os_dbg.o [1]
OSDbg_ObjTypeChkEn       0x800'973a     0x1  Data  Gb  os_dbg.o [1]
OSDbg_PendDataSize       0x800'17a6     0x2  Data  Gb  os_dbg.o [1]
OSDbg_PendListSize       0x800'188a     0x2  Data  Gb  os_dbg.o [1]
OSDbg_PendMultiEn        0x800'973b     0x1  Data  Gb  os_dbg.o [1]
OSDbg_PendObjSize        0x800'1ad2     0x2  Data  Gb  os_dbg.o [1]
OSDbg_PrioMax            0x800'1b16     0x2  Data  Gb  os_dbg.o [1]
OSDbg_PrioTblSize        0x800'1b26     0x2  Data  Gb  os_dbg.o [1]
OSDbg_PtrSize            0x800'1b2a     0x2  Data  Gb  os_dbg.o [1]
OSDbg_Q                  0x800'91a8    0x30  Data  Gb  os_dbg.o [1]
OSDbg_QDelEn             0x800'973d     0x1  Data  Gb  os_dbg.o [1]
OSDbg_QEn                0x800'973c     0x1  Data  Gb  os_dbg.o [1]
OSDbg_QFlushEn           0x800'973e     0x1  Data  Gb  os_dbg.o [1]
OSDbg_QPendAbortEn       0x800'973f     0x1  Data  Gb  os_dbg.o [1]
OSDbg_QSize              0x800'1ca6     0x2  Data  Gb  os_dbg.o [1]
OSDbg_RdyList            0x800'6926     0x2  Data  Gb  os_dbg.o [1]
OSDbg_RdyListSize        0x800'95e0     0x4  Data  Gb  os_dbg.o [1]
OSDbg_SchedRoundRobinEn
                         0x800'9740     0x1  Data  Gb  os_dbg.o [1]
OSDbg_Sem                0x800'92e0    0x24  Data  Gb  os_dbg.o [1]
OSDbg_SemDelEn           0x800'9742     0x1  Data  Gb  os_dbg.o [1]
OSDbg_SemEn              0x800'9741     0x1  Data  Gb  os_dbg.o [1]
OSDbg_SemPendAbortEn     0x800'9743     0x1  Data  Gb  os_dbg.o [1]
OSDbg_SemSetEn           0x800'9744     0x1  Data  Gb  os_dbg.o [1]
OSDbg_SemSize            0x800'3792     0x2  Data  Gb  os_dbg.o [1]
OSDbg_StatTaskEn         0x800'9746     0x1  Data  Gb  os_dbg.o [1]
OSDbg_StatTaskStkChkEn   0x800'9747     0x1  Data  Gb  os_dbg.o [1]
OSDbg_StkWidth           0x800'9745     0x1  Data  Gb  os_dbg.o [1]
OSDbg_TCBSize            0x800'787e     0x2  Data  Gb  os_dbg.o [1]
OSDbg_TaskChangePrioEn   0x800'9748     0x1  Data  Gb  os_dbg.o [1]
OSDbg_TaskDelEn          0x800'9749     0x1  Data  Gb  os_dbg.o [1]
OSDbg_TaskProfileEn      0x800'974c     0x1  Data  Gb  os_dbg.o [1]
OSDbg_TaskQEn            0x800'974a     0x1  Data  Gb  os_dbg.o [1]
OSDbg_TaskQPendAbortEn   0x800'974b     0x1  Data  Gb  os_dbg.o [1]
OSDbg_TaskRegTblSize     0x800'7772     0x2  Data  Gb  os_dbg.o [1]
OSDbg_TaskSemPendAbortEn
                         0x800'974d     0x1  Data  Gb  os_dbg.o [1]
OSDbg_TaskSuspendEn      0x800'974e     0x1  Data  Gb  os_dbg.o [1]
OSDbg_TickListSize       0x800'8d06     0x2  Data  Gb  os_dbg.o [1]
OSDbg_TimeDlyHMSMEn      0x800'974f     0x1  Data  Gb  os_dbg.o [1]
OSDbg_TimeDlyResumeEn    0x800'9750     0x1  Data  Gb  os_dbg.o [1]
OSDbg_Tmr                0x800'91d8    0x30  Data  Gb  os_dbg.o [1]
OSDbg_TmrDelEn           0x800'9752     0x1  Data  Gb  os_dbg.o [1]
OSDbg_TmrEn              0x800'9751     0x1  Data  Gb  os_dbg.o [1]
OSDbg_TmrSize            0x800'8df2     0x2  Data  Gb  os_dbg.o [1]
OSDbg_VersionNbr         0x800'8fda     0x2  Data  Gb  os_dbg.o [1]
OSFlagCreate             0x800'8219    0x3a  Code  Gb  os_flag.o [1]
OSFlagDbgListPtr        0x2001'2a58     0x4  Data  Gb  os_var.o [1]
OSFlagQty               0x2001'2aa8     0x2  Data  Gb  os_var.o [1]
OSIdleTaskCtr           0x2001'2a54     0x4  Data  Gb  os_var.o [1]
OSIdleTaskTCB           0x2001'23a4    0xb0  Data  Gb  os_var.o [1]
OSInit                   0x800'3e29   0x114  Code  Gb  os_core.o [1]
OSInitHook               0x800'4fb5    0x2a  Code  Gb  os_cpu_c.o [1]
OSInitialized           0x2001'2ac0     0x1  Data  Gb  os_var.o [1]
OSIntCtxSw               0x800'63dd          Code  Gb  os_cpu_a.o [1]
OSIntEnter               0x800'3f3d    0x1c  Code  Gb  os_core.o [1]
OSIntExit                0x800'3f59    0xc4  Code  Gb  os_core.o [1]
OSIntNestingCtr         0x2001'2abe     0x1  Data  Gb  os_var.o [1]
OSMemDbgListPtr         0x2001'2a5c     0x4  Data  Gb  os_var.o [1]
OSMemQty                0x2001'2aaa     0x2  Data  Gb  os_var.o [1]
OSMsgPool               0x2001'2998     0xc  Data  Gb  os_var.o [1]
OSMutexCreate            0x800'6591    0x46  Code  Gb  os_mutex.o [1]
OSMutexDbgListPtr       0x2001'2a60     0x4  Data  Gb  os_var.o [1]
OSMutexPend              0x800'65d7   0x12c  Code  Gb  os_mutex.o [1]
OSMutexPost              0x800'6703   0x132  Code  Gb  os_mutex.o [1]
OSMutexQty              0x2001'2aac     0x2  Data  Gb  os_var.o [1]
OSPrioCur               0x2001'2ac1     0x1  Data  Gb  os_var.o [1]
OSPrioHighRdy           0x2001'2ac2     0x1  Data  Gb  os_var.o [1]
OSPrioTbl               0x2001'2a50     0x4  Data  Gb  os_prio.o [1]
OSQDbgListPtr           0x2001'2a64     0x4  Data  Gb  os_var.o [1]
OSQQty                  0x2001'2aae     0x2  Data  Gb  os_var.o [1]
OSRdyList               0x2001'1f60   0x180  Data  Gb  os_var.o [1]
OSRedzoneHitHook         0x800'4fdf     0x8  Code  Gb  os_cpu_c.o [1]
OSRunning               0x2001'2abf     0x1  Data  Gb  os_var.o [1]
OSSched                  0x800'401d    0x72  Code  Gb  os_core.o [1]
OSSchedLock              0x800'408f    0x3c  Code  Gb  os_core.o [1]
OSSchedLockNestingCtr   0x2001'2ac3     0x1  Data  Gb  os_var.o [1]
OSSchedUnlock            0x800'40cb    0x56  Code  Gb  os_core.o [1]
OSSemCreate              0x800'7775    0x36  Code  Gb  os_sem.o [1]
OSSemDbgListPtr         0x2001'2a68     0x4  Data  Gb  os_var.o [1]
OSSemPost                0x800'77ab    0x20  Code  Gb  os_sem.o [1]
OSSemQty                0x2001'2ab0     0x2  Data  Gb  os_var.o [1]
OSStart                  0x800'4121    0x80  Code  Gb  os_core.o [1]
OSStartHighRdy           0x800'635b          Code  Gb  os_cpu_a.o [1]
OSTCBCurPtr             0x2001'2a8c     0x4  Data  Gb  os_var.o [1]
OSTCBHighRdyPtr         0x2001'2a90     0x4  Data  Gb  os_var.o [1]
OSTaskCreate             0x800'5285   0x142  Code  Gb  os_task.o [1]
OSTaskCreateHook         0x800'4fe7     0x2  Code  Gb  os_cpu_c.o [1]
OSTaskCtxSwCtr          0x2001'2a6c     0x4  Data  Gb  os_var.o [1]
OSTaskDbgListPtr        0x2001'2a70     0x4  Data  Gb  os_var.o [1]
OSTaskDel                0x800'53c7   0x152  Code  Gb  os_task.o [1]
OSTaskDelHook            0x800'4fe9     0x2  Code  Gb  os_cpu_c.o [1]
OSTaskQty               0x2001'2ab2     0x2  Data  Gb  os_var.o [1]
OSTaskRegNextAvailID    0x2001'2ac4     0x1  Data  Gb  os_var.o [1]
OSTaskReturnHook         0x800'4feb     0x2  Code  Gb  os_cpu_c.o [1]
OSTaskSemPend            0x800'5519    0xb2  Code  Gb  os_task.o [1]
OSTaskSemPost            0x800'55cb     0xe  Code  Gb  os_task.o [1]
OSTaskStkInit            0x800'4fed   0x15e  Code  Gb  os_cpu_c.o [1]
OSTaskStkRedzoneChk      0x800'55d9    0x32  Code  Gb  os_task.o [1]
OSTaskSwHook             0x800'514b    0x5c  Code  Gb  os_cpu_c.o [1]
OSTickCtr               0x2001'2a74     0x4  Data  Gb  os_var.o [1]
OSTickListDly           0x2001'29e8     0x8  Data  Gb  os_var.o [1]
OSTickListTimeout       0x2001'29f0     0x8  Data  Gb  os_var.o [1]
OSTickTaskTCB           0x2001'2454    0xb0  Data  Gb  os_var.o [1]
OSTimeDlyHMSM            0x800'6469    0xd2  Code  Gb  os_time.o [1]
OSTimeTick               0x800'653b    0x38  Code  Gb  os_time.o [1]
OSTimeTickHook           0x800'51a7     0x2  Code  Gb  os_cpu_c.o [1]
OSTmrDbgListPtr         0x2001'2a78     0x4  Data  Gb  os_var.o [1]
OSTmrListEntries        0x2001'2ab4     0x2  Data  Gb  os_var.o [1]
OSTmrListPtr            0x2001'2a7c     0x4  Data  Gb  os_var.o [1]
OSTmrMutex              0x2001'2830    0x2c  Data  Gb  os_var.o [1]
OSTmrTaskTCB            0x2001'2504    0xb0  Data  Gb  os_var.o [1]
OSTmrTickCtr            0x2001'2a80     0x4  Data  Gb  os_var.o [1]
OSTmrUpdateCnt          0x2001'2a84     0x4  Data  Gb  os_var.o [1]
OSTmrUpdateCtr          0x2001'2a88     0x4  Data  Gb  os_var.o [1]
OS_CPU_ExceptStkBase    0x2001'2a4c     0x4  Data  Gb  os_cpu_c.o [1]
OS_CPU_FP_Reg_Pop        0x800'634f          Code  Gb  os_cpu_a.o [1]
OS_CPU_FP_Reg_Push       0x800'633d          Code  Gb  os_cpu_a.o [1]
OS_CPU_SysTickInit       0x800'51c5    0x2c  Code  Gb  os_cpu_c.o [1]
OS_Dbg_Init              0x800'6109   0x1a0  Code  Gb  os_dbg.o [1]
OS_FlagDbgListAdd        0x800'8253    0x22  Code  Gb  os_flag.o [1]
OS_IdleTask              0x800'41a1    0x18  Code  Gb  os_core.o [1]
OS_IdleTaskInit          0x800'41b9    0x50  Code  Gb  os_core.o [1]
OS_MemInit               0x800'5a29    0x12  Code  Gb  os_mem.o [1]
OS_MsgPoolInit           0x800'5a45    0x5a  Code  Gb  os_msg.o [1]
OS_MsgQFreeAll           0x800'5a9f    0x3e  Code  Gb  os_msg.o [1]
OS_MsgQInit              0x800'5add    0x14  Code  Gb  os_msg.o [1]
OS_MutexDbgListAdd       0x800'6835    0x22  Code  Gb  os_mutex.o [1]
OS_MutexGrpAdd           0x800'6875     0x8  Code  Gb  os_mutex.o [1]
OS_MutexGrpPostAll       0x800'68cd    0x5a  Code  Gb  os_mutex.o [1]
OS_MutexGrpPrioFindHighest
                         0x800'6893    0x3a  Code  Gb  os_mutex.o [1]
OS_MutexGrpRemove        0x800'687d    0x16  Code  Gb  os_mutex.o [1]
OS_Pend                  0x800'4209    0x4e  Code  Gb  os_core.o [1]
OS_PendDataInit          0x800'4257    0x1a  Code  Gb  os_core.o [1]
OS_PendDbgNameAdd        0x800'4271    0x42  Code  Gb  os_core.o [1]
OS_PendDbgNameRemove     0x800'42b3    0x20  Code  Gb  os_core.o [1]
OS_PendListChangePrio    0x800'42d3    0x34  Code  Gb  os_core.o [1]
OS_PendListInit          0x800'4307     0xe  Code  Gb  os_core.o [1]
OS_PendListInsertPrio    0x800'4315    0x72  Code  Gb  os_core.o [1]
OS_PendListRemove        0x800'4387    0x2c  Code  Gb  os_core.o [1]
OS_PendListRemove1       0x800'43b3    0x4a  Code  Gb  os_core.o [1]
OS_Post                  0x800'43fd    0xa4  Code  Gb  os_core.o [1]
OS_PrioGetHighest        0x800'59c9    0x14  Code  Gb  os_prio.o [1]
OS_PrioInit              0x800'59b5    0x14  Code  Gb  os_prio.o [1]
OS_PrioInsert            0x800'59dd    0x22  Code  Gb  os_prio.o [1]
OS_PrioRemove            0x800'59ff    0x24  Code  Gb  os_prio.o [1]
OS_RdyListInit           0x800'44a1    0x22  Code  Gb  os_core.o [1]
OS_RdyListInsert         0x800'44c3    0x28  Code  Gb  os_core.o [1]
OS_RdyListInsertHead     0x800'44f1    0x3a  Code  Gb  os_core.o [1]
OS_RdyListInsertTail     0x800'452b    0x38  Code  Gb  os_core.o [1]
OS_RdyListRemove         0x800'4563    0x5c  Code  Gb  os_core.o [1]
OS_SemDbgListAdd         0x800'77cb    0x22  Code  Gb  os_sem.o [1]
OS_SemPost               0x800'77fd    0x82  Code  Gb  os_sem.o [1]
OS_TaskBlock             0x800'45bf    0x28  Code  Gb  os_core.o [1]
OS_TaskChangePrio        0x800'58b5    0xe2  Code  Gb  os_task.o [1]
OS_TaskDbgListAdd        0x800'560b    0x28  Code  Gb  os_task.o [1]
OS_TaskDbgListRemove     0x800'5633    0x4c  Code  Gb  os_task.o [1]
OS_TaskInit              0x800'567f    0x1e  Code  Gb  os_task.o [1]
OS_TaskInitTCB           0x800'569d    0xfc  Code  Gb  os_task.o [1]
OS_TaskReturn            0x800'5799    0x14  Code  Gb  os_task.o [1]
OS_TaskSemPost           0x800'57ad    0xba  Code  Gb  os_task.o [1]
OS_TaskStkRedzoneChk     0x800'5867    0x22  Code  Gb  os_task.o [1]
OS_TaskStkRedzoneInit    0x800'5889    0x18  Code  Gb  os_task.o [1]
OS_TickListInsert        0x800'5bdf    0x8c  Code  Gb  os_tick.o [1]
OS_TickListInsertDly     0x800'5c6b    0x90  Code  Gb  os_tick.o [1]
OS_TickListRemove        0x800'5cfb    0x70  Code  Gb  os_tick.o [1]
OS_TickListUpdateDly     0x800'5d6b    0x86  Code  Lc  os_tick.o [1]
OS_TickListUpdateTimeout
                         0x800'5df1   0x108  Code  Lc  os_tick.o [1]
OS_TickTask              0x800'5afd    0x3e  Code  Gb  os_tick.o [1]
OS_TickTaskInit          0x800'5b3b    0xa4  Code  Gb  os_tick.o [1]
OS_TmrInit               0x800'5f29    0xc6  Code  Gb  os_tmr.o [1]
OS_TmrLock               0x800'609d    0x16  Code  Lc  os_tmr.o [1]
OS_TmrTask               0x800'602d    0x70  Code  Gb  os_tmr.o [1]
OS_TmrUnlink             0x800'5fef    0x3a  Code  Gb  os_tmr.o [1]
OS_TmrUnlock             0x800'60b3    0x10  Code  Lc  os_tmr.o [1]
PIDCal                   0x800'2a01    0xba  Code  Gb  PID.o [1]
PIDCal_pos               0x800'2ac1   0x250  Code  Gb  PID.o [1]
PendSV_Handler           0x800'63e5          Code  Gb  os_cpu_a.o [1]
R1V2_Data_Count          0x800'6bed   0x148  Code  Gb  r1v2.o [1]
R1V2_RX_BUF             0x2001'28c8    0x24  Data  Gb  r1v2.o [1]
RCC_AHB1PeriphClockCmd   0x800'35d1    0x1c  Code  Gb  stm32f4xx_rcc.o [1]
RCC_APB1PeriphClockCmd   0x800'35ed    0x1c  Code  Gb  stm32f4xx_rcc.o [1]
RCC_APB1PeriphResetCmd   0x800'3625    0x1c  Code  Gb  stm32f4xx_rcc.o [1]
RCC_APB2PeriphClockCmd   0x800'3609    0x1c  Code  Gb  stm32f4xx_rcc.o [1]
RCC_APB2PeriphResetCmd   0x800'3641    0x1c  Code  Gb  stm32f4xx_rcc.o [1]
RCC_GetClocksFreq        0x800'3515    0xbc  Code  Gb  stm32f4xx_rcc.o [1]
Re_capture               0x800'283d   0x150  Code  Gb  C610.o [1]
Region$$Table$$Base      0x800'9328           --   Gb  - Linker created -
Region$$Table$$Limit     0x800'9354           --   Gb  - Linker created -
RelayReady              0x2001'2880    0x24  Data  Gb  app.o [1]
RoboMotion              0x2001'2800    0x30  Data  Gb  RobotCtrl.o [1]
RobotPos                0x2001'2934    0x24  Data  Gb  RobotCtrl.o [1]
Robot_Pos_Ctrl           0x800'7469    0xe0  Code  Gb  RobotCtrl.o [1]
Robot_Speed_Update       0x800'7561     0x2  Code  Gb  RobotCtrl.o [1]
Rx_Sta                  0x2001'2ac5     0x1  Data  Gb  r1v2.o [1]
SBUS_init                0x800'6a8d    0xbc  Code  Gb  r1v2.o [1]
SVC_Handler              0x800'8b19     0x2  Code  Gb  stm32f4xx_it.o [1]
Send_Velocity            0x800'7715    0x32  Code  Gb  RobotCtrl.o [1]
Sendwheel_Vel            0x800'743b    0x2e  Code  Gb  RobotCtrl.o [1]
SetMotor                 0x800'4cf9    0xbc  Code  Gb  C620.o [1]
SetMotor_C610            0x800'2663    0xbe  Code  Gb  C610.o [1]
SetMotor_h               0x800'4db5    0xbe  Code  Gb  C620.o [1]
SetMotor_speed_VESC      0x800'4eff    0x2e  Code  Gb  vesc.o [1]
SetSysClock              0x800'879f    0xc8  Code  Lc  system_stm32f4xx.o [1]
Speed_Limit             0x2000'0548     0x4  Data  Gb  RobotCtrl.o [1]
Stepper_Motor           0x2000'0490    0x20  Data  Gb  PID.o [1]
Stepper_Motor_PID        0x800'2d29   0x168  Code  Gb  PID.o [1]
SyncSem                 0x2001'285c    0x24  Data  Gb  app.o [1]
SyncSignal               0x800'754d    0x12  Code  Gb  RobotCtrl.o [1]
SysTick_Handler          0x800'51a9    0x1c  Code  Gb  os_cpu_c.o [1]
SystemInit               0x800'8759    0x46  Code  Gb  system_stm32f4xx.o [1]
TIM2_IRQHandler          0x800'84e5   0x132  Code  Gb  motor.o [1]
TIM5_IRQHandler          0x800'6e85    0x22  Code  Gb  tim.o [1]
TIM5_Init                0x800'6e21    0x64  Code  Gb  tim.o [1]
TIM5_num                0x2001'2a94     0x4  Data  Gb  tim.o [1]
TIM_ClearITPendingBit    0x800'727d     0x8  Code  Gb  stm32f4xx_tim.o [1]
TIM_Cmd                  0x800'7207    0x1c  Code  Gb  stm32f4xx_tim.o [1]
TIM_GetITStatus          0x800'7259    0x24  Code  Gb  stm32f4xx_tim.o [1]
TIM_ITConfig             0x800'7241    0x18  Code  Gb  stm32f4xx_tim.o [1]
TIM_TimeBaseInit         0x800'719d    0x6a  Code  Gb  stm32f4xx_tim.o [1]
TaskBTcom                0x800'7e45   0x29c  Code  Lc  app.o [1]
TaskBTcomStk            0x2001'054c   0x800  Data  Lc  app.o [1]
TaskBTcomTCB            0x2001'22f4    0xb0  Data  Gb  app.o [1]
TaskSpeedCtrl            0x800'7df5    0x50  Code  Lc  app.o [1]
TaskSpeedCtrlStk        0x2000'fd4c   0x800  Data  Lc  app.o [1]
TaskSpeedCtrlTCB        0x2001'2244    0xb0  Data  Lc  app.o [1]
TaskStart                0x800'7d19    0xda  Code  Lc  app.o [1]
TaskStartStk            0x2000'f54c   0x800  Data  Lc  app.o [1]
TaskStartTCB            0x2001'2194    0xb0  Data  Lc  app.o [1]
UART8_IRQHandler         0x800'8369   0x14a  Code  Gb  action.o [1]
UART8_IRQHandler::ch    0x2001'2ab6     0x1  Data  Lc  action.o [1]
UART8_IRQHandler::count
                        0x2001'2ab8     0x1  Data  Lc  action.o [1]
UART8_IRQHandler::posture
                        0x2001'2958    0x18  Data  Lc  action.o [1]
UART8_IRQHandler::step  0x2001'2ab7     0x1  Data  Lc  action.o [1]
USART1_IRQHandler        0x800'6b49    0xa4  Code  Gb  r1v2.o [1]
USART_ClearITPendingBit
                         0x800'717d    0x20  Code  Gb  stm32f4xx_usart.o [1]
USART_Cmd                0x800'706d    0x1c  Code  Gb  stm32f4xx_usart.o [1]
USART_DeInit             0x800'6eb5    0xda  Code  Gb  stm32f4xx_usart.o [1]
USART_GetFlagStatus      0x800'70ff    0x1a  Code  Gb  stm32f4xx_usart.o [1]
USART_GetITStatus        0x800'7119    0x64  Code  Gb  stm32f4xx_usart.o [1]
USART_ITConfig           0x800'70ab    0x54  Code  Gb  stm32f4xx_usart.o [1]
USART_Init               0x800'6f8f    0xb8  Code  Gb  stm32f4xx_usart.o [1]
USART_OverSampling8Cmd   0x800'7089    0x1a  Code  Gb  stm32f4xx_usart.o [1]
USART_ReceiveData        0x800'70a3     0x8  Code  Gb  stm32f4xx_usart.o [1]
UsageFault_Handler       0x800'8b17     0x2  Code  Gb  stm32f4xx_it.o [1]
_Close_all               0x800'916d    0x3c  Code  Gb  xcloseall.o [2]
_Files                  0x2000'04f0    0x20  Data  Gb  xfiles.o [2]
_Fofree                  0x800'8fdd    0x86  Code  Gb  xfofind.o [2]
_Fspos                   0x800'8b1d    0xd8  Code  Gb  xfspos.o [2]
_Fwprep                  0x800'8e67    0xb4  Code  Gb  xfwprep.o [2]
_GenldFullNoMb           0x800'0c9d   0x274  Code  Lc  xprintffull_nomb.o [2]
_LdtobFullNoMb           0x800'0899   0x3d6  Code  Lc  xprintffull_nomb.o [2]
_LitobFullNoMb           0x800'0749   0x10a  Code  Lc  xprintffull_nomb.o [2]
_Locale_lconv           0x2000'00d8    0x38  Data  Lc  xlocale_c.o [2]
_Nnl                     0x800'8ca1     0xc  Code  Gb  xfgpos.o [2]
_PrintfFullNoMb          0x800'01ad   0x19e  Code  Gb  xprintffull_nomb.o [2]
_Prout                   0x800'93e9    0x16  Code  Gb  xprout.o [2]
_PutcharsFullNoMb        0x800'0f11    0x2e  Code  Lc  xprintffull_nomb.o [2]
_PutfldFullNoMb          0x800'03d5   0x268  Code  Lc  xprintffull_nomb.o [2]
_PuttxtFullNoMb          0x800'063d   0x10c  Code  Lc  xprintffull_nomb.o [2]
__aeabi_cdcmple          0x800'15ad          Code  Gb  DblCmpLe.o [3]
__aeabi_cdrcmple         0x800'15dd          Code  Gb  DblCmpGe.o [3]
__aeabi_d2f              0x800'34ad          Code  Gb  DblToFlt.o [3]
__aeabi_d2iz             0x800'1749          Code  Gb  DblToS32.o [3]
__aeabi_d2uiz            0x800'1ad5          Code  Gb  DblToU32.o [3]
__aeabi_dadd             0x800'1b2d          Code  Gb  DblAdd.o [3]
__aeabi_ddiv             0x800'188d          Code  Gb  DblDiv.o [3]
__aeabi_dmul             0x800'12f1          Code  Gb  DblMul.o [3]
__aeabi_dsub             0x800'17a9          Code  Gb  DblSub.o [3]
__aeabi_f2d              0x800'3465          Code  Gb  FltToDbl.o [3]
__aeabi_i2d              0x800'1785          Code  Gb  S32ToDbl.o [3]
__aeabi_l2f              0x800'2ebd          Code  Gb  S64ToFlt.o [3]
__aeabi_ldiv0            0x800'1b29          Code  Gb  I64DivZer.o [4]
__aeabi_memcpy           0x800'1495          Code  Gb  ABImemcpy.o [4]
__aeabi_memcpy4          0x800'14b5          Code  Gb  ABImemcpy.o [4]
__aeabi_memcpy8          0x800'14b5          Code  Gb  ABImemcpy.o [4]
__aeabi_ui2d             0x800'1afd          Code  Gb  U32ToDbl.o [3]
__aeabi_uldivmod         0x800'10c1          Code  Gb  I64DivMod.o [4]
__basic_free             0x800'8949    0x16  Code  Gb  heap0.o [2]
__basic_free_intern      0x800'895f    0x7a  Code  Lc  heap0.o [2]
__basic_malloc           0x800'889d    0x18  Code  Gb  heap0.o [2]
__basic_malloc_intern    0x800'88b5    0x94  Code  Lc  heap0.o [2]
__cexit_closeall         0x800'93c3          Code  Gb  cexit.o [4]
__close                  0x800'90eb    0x18  Code  Gb  close.o [5]
__cmain                  0x800'9399          Code  Gb  cmain.o [4]
__cstart_closeall        0x800'9754          Data  Gb  cstart_closeall.o [4]
__data_GetMemChunk       0x800'89dd    0x2c  Code  Gb  xgetmemchunk.o [2]
__data_GetMemChunk::start
                        0x2001'2a9c     0x4  Data  Lc  xgetmemchunk.o [2]
__dwrite                 0x800'8dd5    0x1e  Code  Gb  dwrite.o [5]
__exit                   0x800'1ca9    0x14  Code  Gb  exit.o [5]
__iar_Fail_s             0x800'0ff1    0x1c  Code  Gb  xfail_s.o [2]
__iar_Memchr             0x800'1069          Code  Gb  memchr.o [4]
__iar_Sin64              0x800'7881   0x3aa  Code  Lc  cos_sin64.o [3]
__iar_Stderr            0x2000'0090    0x48  Data  Gb  xfiles.o [2]
__iar_Stdin             0x2000'0000    0x48  Data  Gb  xfiles.o [2]
__iar_Stdout            0x2000'0048    0x48  Data  Gb  xfiles.o [2]
__iar_Strchr             0x800'0fd9          Code  Gb  strchr.o [4]
__iar_cos64              0x800'7cbd     0x4  Code  Gb  cos_sin64.o [3]
__iar_cos_medium         0x800'7cbd     0x4  Code  Gb  cos_sin64.o [3]
__iar_cos_medium64       0x800'7cbd     0x4  Code  Gb  cos_sin64.o [3]
__iar_cos_mediuml        0x800'7cbd     0x4  Code  Gb  cos_sin64.o [3]
__iar_dadd               0x800'17b9          Code  Gb  DblSub.o [3]
__iar_data_init3         0x800'9295    0x28  Code  Gb  data_init.o [4]
__iar_dsub               0x800'1b3d          Code  Gb  DblAdd.o [3]
__iar_dsubStart          0x800'1b4f          Code  Gb  DblAdd.o [3]
__iar_frexp              0x800'1549          Code  Gb  frexp.o [3]
__iar_frexpl             0x800'1549          Code  Gb  frexp.o [3]
__iar_init_vfp           0x800'9305          Code  Gb  fpinit_M.o [3]
__iar_ldexp64            0x800'160d          Code  Gb  ldexp.o [3]
__iar_packbits_init3     0x800'8f3f    0x9c  Code  Gb  packbits_init.o [4]
__iar_program_start      0x800'9549          Code  Gb  cstartup_M.o [4]
__iar_scalbln64          0x800'160d          Code  Gb  ldexp.o [3]
__iar_scalbn64           0x800'160d          Code  Gb  ldexp.o [3]
__iar_sh_Discard         0x800'8d09    0x42  Code  Gb  XShHandles.o [2]
__iar_sh_Move            0x800'8d4b    0x46  Code  Gb  XShHandles.o [2]
__iar_sh_Pos             0x800'8d91    0x3e  Code  Gb  XShHandles.o [2]
__iar_sh_stdout_swo      0x800'8df5    0x50  Code  Gb  iarwstdswo.o [5]
__iar_sh_write           0x800'8e45    0x22  Code  Gb  iarwrite.o [5]
__iar_sin64              0x800'7cc1     0x4  Code  Gb  cos_sin64.o [3]
__iar_sin_medium         0x800'7cc1     0x4  Code  Gb  cos_sin64.o [3]
__iar_sin_medium64       0x800'7cc1     0x4  Code  Gb  cos_sin64.o [3]
__iar_sin_mediuml        0x800'7cc1     0x4  Code  Gb  cos_sin64.o [3]
__iar_softfp___iar_frexp64
                         0x800'153d          Code  Gb  frexp.o [3]
__iar_softfp_frexp       0x800'153d          Code  Gb  frexp.o [3]
__iar_softfp_frexpl      0x800'153d          Code  Gb  frexp.o [3]
__iar_vfp_cos            0x800'775b     0xc  Code  Gb  math_wrappers64.o [3]
__iar_vfp_sin            0x800'7767     0xc  Code  Gb  math_wrappers64.o [3]
__iar_zero_init3         0x800'0f9f    0x3a  Code  Gb  zero_init3.o [4]
__low_level_init         0x800'93b7     0x4  Code  Gb  low_level_init.o [2]
__lseek                  0x800'8cad    0x4a  Code  Gb  lseek.o [5]
__vector_table           0x800'0000          Data  Gb  startup_stm32f427xx.o [1]
__write                  0x800'8cf7    0x10  Code  Gb  write.o [5]
_call_main               0x800'93a5          Code  Gb  cmain.o [4]
_exit                    0x800'93c1          Code  Gb  cexit.o [4]
_main                    0x800'93b3          Code  Gb  cmain.o [4]
a                        0x800'9578     0x8  Data  Gb  RobotCtrl.o [1]
abort                    0x800'1b21     0x6  Code  Gb  abort.o [2]
b                        0x800'9580     0x8  Data  Gb  RobotCtrl.o [1]
buffer_append_int32      0x800'4ecd    0x32  Code  Gb  vesc.o [1]
capture_flag            0x2000'0530     0x4  Data  Gb  app.o [1]
claparg_2006            0x2000'0540     0x4  Data  Gb  C610.o [1]
cos                      0x800'7cbd     0x4  Code  Gb  cos_sin64.o [3]
cosl                     0x800'7cbd     0x4  Code  Gb  cos_sin64.o [3]
current_position        0x2001'2a38     0x4  Data  Gb  motor.o [1]
deadarea_jugde           0x800'7565    0xac  Code  Gb  RobotCtrl.o [1]
direction               0x2001'2a40     0x4  Data  Gb  motor.o [1]
ebuf                    0x2001'2634    0x50  Data  Lc  xfiles.o [2]
err                     0x2001'2aa4     0x2  Data  Gb  app.o [1]
exit                     0x800'93bb     0x4  Code  Gb  exit.o [2]
fclose                   0x800'906d    0x7e  Code  Gb  fclose.o [2]
fflush                   0x800'8c69    0x34  Code  Gb  fflush.o [2]
fflushOne                0x800'8bf5    0x74  Code  Lc  fflush.o [2]
flag_arbitraryPos       0x2001'2ab9     0x1  Data  Gb  app.o [1]
fputc                    0x800'9117    0x54  Code  Gb  fputc.o [2]
free                     0x800'9069     0x4  Code  Gb  heaptramp0.o [2]
fseek                    0x800'8f1b    0x24  Code  Gb  fseek.o [2]
get_position             0x800'86e1    0x24  Code  Gb  motor.o [1]
hard_fault_handler_c     0x800'8a0b    0xa0  Code  Gb  stm32f4xx_it.o [1]
initparg_2006           0x2001'2a14     0x4  Data  Gb  C610.o [1]
initparg_3508           0x2001'2a18     0x4  Data  Gb  C610.o [1]
last_count              0x2001'2a48     0x4  Data  Gb  motor.o [1]
ldexp                    0x800'160d          Code  Gb  ldexp.o [3]
ldexpl                   0x800'160d          Code  Gb  ldexp.o [3]
localeconv               0x800'1b19     0x4  Code  Gb  xlocale_c.o [2]
main                     0x800'7cc5    0x52  Code  Gb  app.o [1]
memchr                   0x800'1069          Code  Gb  memchr.o [4]
obuf                    0x2001'2684    0x50  Data  Lc  xfiles.o [2]
openparg_2006           0x2000'0538     0x4  Data  Gb  C610.o [1]
overparg_3508           0x2000'053c     0x4  Data  Gb  C610.o [1]
posxPID                 0x2000'04b0    0x20  Data  Gb  PID.o [1]
posyPID                 0x2000'04d0    0x20  Data  Gb  PID.o [1]
power_init               0x800'6a45    0x3a  Code  Gb  led.o [1]
pre_count               0x2001'2a44     0x4  Data  Gb  motor.o [1]
present                 0x2001'29a4     0xc  Data  Gb  RobotCtrl.o [1]
printf                   0x800'8285    0x28  Code  Gb  printf.o [2]
putchar                  0x800'9401     0xc  Code  Gb  putchar.o [2]
release_flag            0x2000'0534     0x4  Data  Gb  app.o [1]
releaseparg_2006        0x2000'0544     0x4  Data  Gb  C610.o [1]
remove                   0x800'9103    0x14  Code  Gb  remove.o [5]
robo                    0x2001'29b0     0xc  Data  Gb  RobotCtrl.o [1]
sFileInfo               0x2001'25b4    0x80  Data  Lc  XShHandles.o [2]
scalbln                  0x800'160d          Code  Gb  ldexp.o [3]
scalblnl                 0x800'160d          Code  Gb  ldexp.o [3]
scalbn                   0x800'160d          Code  Gb  ldexp.o [3]
scalbnl                  0x800'160d          Code  Gb  ldexp.o [3]
scale                    0x800'0853    0x46  Code  Lc  xprintffull_nomb.o [2]
sec_hand                0x2001'2aa0     0x4  Data  Lc  xfail_s.o [2]
sin                      0x800'7cc1     0x4  Code  Gb  cos_sin64.o [3]
sinl                     0x800'7cc1     0x4  Code  Gb  cos_sin64.o [3]
speed_mapping           0x2001'29c8     0x8  Data  Gb  app.o [1]
step                    0x2001'2a3c     0x4  Data  Gb  motor.o [1]
step_count              0x2001'2aa6     0x2  Data  Gb  motor.o [1]
step_remain             0x2001'2a30     0x4  Data  Gb  motor.o [1]
step_speed              0x2001'29e0     0x8  Data  Gb  motor.o [1]
stepper_motor_init       0x800'8617    0x3a  Code  Gb  motor.o [1]
stepper_motor_run        0x800'86b5    0x2c  Code  Gb  motor.o [1]
strchr                   0x800'0fd9          Code  Gb  strchr.o [4]
strlen                   0x800'1031          Code  Gb  strlen.o [4]
switch_flag             0x2001'2a0c     0x4  Data  Gb  app.o [1]
target                  0x2000'0520     0xc  Data  Gb  RobotCtrl.o [1]
target_position         0x2001'2a34     0x4  Data  Gb  motor.o [1]
testRxMessage           0x2001'2970    0x14  Data  Gb  can.o [1]
timer_init               0x800'8651    0x64  Code  Gb  motor.o [1]
trigger_flag            0x2000'052c     0x4  Data  Gb  app.o [1]
wheel                   0x2001'2754    0x3c  Data  Gb  RobotCtrl.o [1]
wheelVel_Limit           0x800'7651    0xba  Code  Gb  RobotCtrl.o [1]
world                   0x2001'29bc     0xc  Data  Gb  RobotCtrl.o [1]


[1] = D:\Kipper\program\RTS\RTS-2023\Debug\Obj
[2] = dl7M_tlf.a
[3] = m7M_tls.a
[4] = rt7M_tl.a
[5] = shb_l.a

  37 751 bytes of readonly  code memory
   1 558 bytes of readonly  data memory
  92 871 bytes of readwrite data memory

Errors: none
Warnings: none
