###############################################################################
#
# IAR ELF Linker V8.32.1.169/W32 for ARM                  28/Apr/2023  19:02:10
# Copyright 2007-2018 IAR Systems AB.
#
#    Output file  =  D:\Kipper\program\RTS\RTS-2023\Debug\Exe\Robocon_A.out
#    Map file     =  D:\Kipper\program\RTS\RTS-2023\Debug\List\Robocon_A.map
#    Command line =  
#        -f C:\Users\18311\AppData\Local\Temp\EWCA65.tmp
#        (D:\Kipper\program\RTS\RTS-2023\Debug\Obj\action.o
#        D:\Kipper\program\RTS\RTS-2023\Debug\Obj\app.o
#        D:\Kipper\program\RTS\RTS-2023\Debug\Obj\beep.o
#        D:\Kipper\program\RTS\RTS-2023\Debug\Obj\bsp.o
#        D:\Kipper\program\RTS\RTS-2023\Debug\Obj\BT.o
#        D:\Kipper\program\RTS\RTS-2023\Debug\Obj\C610.o
#        D:\Kipper\program\RTS\RTS-2023\Debug\Obj\C620.o
#        D:\Kipper\program\RTS\RTS-2023\Debug\Obj\can.o
#        D:\Kipper\program\RTS\RTS-2023\Debug\Obj\cpu_a.o
#        D:\Kipper\program\RTS\RTS-2023\Debug\Obj\cpu_c.o
#        D:\Kipper\program\RTS\RTS-2023\Debug\Obj\cpu_core.o
#        D:\Kipper\program\RTS\RTS-2023\Debug\Obj\DataProcessing.o
#        D:\Kipper\program\RTS\RTS-2023\Debug\Obj\led.o
#        D:\Kipper\program\RTS\RTS-2023\Debug\Obj\lib_ascii.o
#        D:\Kipper\program\RTS\RTS-2023\Debug\Obj\lib_math.o
#        D:\Kipper\program\RTS\RTS-2023\Debug\Obj\lib_mem.o
#        D:\Kipper\program\RTS\RTS-2023\Debug\Obj\lib_mem_a.o
#        D:\Kipper\program\RTS\RTS-2023\Debug\Obj\lib_str.o
#        D:\Kipper\program\RTS\RTS-2023\Debug\Obj\misc.o
#        D:\Kipper\program\RTS\RTS-2023\Debug\Obj\motor.o
#        D:\Kipper\program\RTS\RTS-2023\Debug\Obj\os_app_hooks.o
#        D:\Kipper\program\RTS\RTS-2023\Debug\Obj\os_cfg_app.o
#        D:\Kipper\program\RTS\RTS-2023\Debug\Obj\os_core.o
#        D:\Kipper\program\RTS\RTS-2023\Debug\Obj\os_cpu_a.o
#        D:\Kipper\program\RTS\RTS-2023\Debug\Obj\os_cpu_c.o
#        D:\Kipper\program\RTS\RTS-2023\Debug\Obj\os_dbg.o
#        D:\Kipper\program\RTS\RTS-2023\Debug\Obj\os_flag.o
#        D:\Kipper\program\RTS\RTS-2023\Debug\Obj\os_int.o
#        D:\Kipper\program\RTS\RTS-2023\Debug\Obj\os_mem.o
#        D:\Kipper\program\RTS\RTS-2023\Debug\Obj\os_mon.o
#        D:\Kipper\program\RTS\RTS-2023\Debug\Obj\os_msg.o
#        D:\Kipper\program\RTS\RTS-2023\Debug\Obj\os_mutex.o
#        D:\Kipper\program\RTS\RTS-2023\Debug\Obj\os_pend_multi.o
#        D:\Kipper\program\RTS\RTS-2023\Debug\Obj\os_prio.o
#        D:\Kipper\program\RTS\RTS-2023\Debug\Obj\os_q.o
#        D:\Kipper\program\RTS\RTS-2023\Debug\Obj\os_sem.o
#        D:\Kipper\program\RTS\RTS-2023\Debug\Obj\os_stat.o
#        D:\Kipper\program\RTS\RTS-2023\Debug\Obj\os_task.o
#        D:\Kipper\program\RTS\RTS-2023\Debug\Obj\os_tick.o
#        D:\Kipper\program\RTS\RTS-2023\Debug\Obj\os_time.o
#        D:\Kipper\program\RTS\RTS-2023\Debug\Obj\os_tmr.o
#        D:\Kipper\program\RTS\RTS-2023\Debug\Obj\os_var.o
#        D:\Kipper\program\RTS\RTS-2023\Debug\Obj\PID.o
#        D:\Kipper\program\RTS\RTS-2023\Debug\Obj\r1v2.o
#        D:\Kipper\program\RTS\RTS-2023\Debug\Obj\RELAY.o
#        D:\Kipper\program\RTS\RTS-2023\Debug\Obj\robomodule.o
#        D:\Kipper\program\RTS\RTS-2023\Debug\Obj\RobotCtrl.o
#        D:\Kipper\program\RTS\RTS-2023\Debug\Obj\startup_stm32f427xx.o
#        D:\Kipper\program\RTS\RTS-2023\Debug\Obj\stm32f4xx_can.o
#        D:\Kipper\program\RTS\RTS-2023\Debug\Obj\stm32f4xx_dma.o
#        D:\Kipper\program\RTS\RTS-2023\Debug\Obj\stm32f4xx_gpio.o
#        D:\Kipper\program\RTS\RTS-2023\Debug\Obj\stm32f4xx_it.o
#        D:\Kipper\program\RTS\RTS-2023\Debug\Obj\stm32f4xx_rcc.o
#        D:\Kipper\program\RTS\RTS-2023\Debug\Obj\stm32f4xx_syscfg.o
#        D:\Kipper\program\RTS\RTS-2023\Debug\Obj\stm32f4xx_tim.o
#        D:\Kipper\program\RTS\RTS-2023\Debug\Obj\stm32f4xx_usart.o
#        D:\Kipper\program\RTS\RTS-2023\Debug\Obj\system_stm32f4xx.o
#        D:\Kipper\program\RTS\RTS-2023\Debug\Obj\tim.o
#        D:\Kipper\program\RTS\RTS-2023\Debug\Obj\usart.o
#        D:\Kipper\program\RTS\RTS-2023\Debug\Obj\vesc.o --no_out_extension -o
#        D:\Kipper\program\RTS\RTS-2023\Debug\Exe\Robocon_A.out --map
#        D:\Kipper\program\RTS\RTS-2023\Debug\List\Robocon_A.map --config
#        D:\Kipper\software\IAR\arm\config\linker\ST\stm32f427xI.icf
#        --semihosting --entry __iar_program_start --redirect
#        __iar_sh_stdout=__iar_sh_stdout_swo --vfe --text_out locale)
#
###############################################################################

*******************************************************************************
*** RUNTIME MODEL ATTRIBUTES
***

CppFlavor       = *
__Heap_Handler  = Basic
__SystemLibrary = DLib
__dlib_version  = 6


*******************************************************************************
*** HEAP SELECTION
***

The basic heap was selected because no calls to memory allocation
functions were found in the application outside of system library
functions, and there are calls to deallocation functions in the
application.


*******************************************************************************
*** PLACEMENT SUMMARY
***

"A0":  place at 0x800'0000 { ro section .intvec };
"P1":  place in [from 0x800'0000 to 0x81f'ffff] { ro };
define block CSTACK with size = 8K, alignment = 8 { };
"P3":  place in [from 0x1000'0000 to 0x1000'ffff] {
          block CSTACK, section .ccram };
define block HEAP with size = 8K, alignment = 8 { };
"P4":  place in [from 0x2000'0000 to 0x2001'bfff] |
                [from 0x2001'c000 to 0x2001'ffff] |
                [from 0x2002'0000 to 0x2002'ffff] { rw, block HEAP };
initialize by copy { rw };

No sections matched the following patterns:

  ro section application_specific_ro  in "P2|P6"
  rw section application_specific_rw  in "P2|P6"
  section .backup_sram                in "P5"
  section .ccram                      in "P3"


  Section            Kind         Address     Size  Object
  -------            ----         -------     ----  ------
"A0":                                        0x1ac
  .intvec            ro code   0x800'0000    0x1ac  startup_stm32f427xx.o [1]
                             - 0x800'01ac    0x1ac

"P1":                                       0x9059
  .text              ro code   0x800'01ac    0xdf2  xprintffull_nomb.o [2]
  .text              ro code   0x800'0f9e     0x3a  zero_init3.o [4]
  .text              ro code   0x800'0fd8     0x16  strchr.o [4]
  .rodata            const     0x800'0fee      0x2  os_cfg_app.o [1]
  .text              ro code   0x800'0ff0     0x40  xfail_s.o [2]
  .text              ro code   0x800'1030     0x36  strlen.o [4]
  .rodata            const     0x800'1066      0x2  os_dbg.o [1]
  .text              ro code   0x800'1068     0x58  memchr.o [4]
  .text              ro code   0x800'10c0    0x230  I64DivMod.o [4]
  .text              ro code   0x800'12f0    0x1a2  DblMul.o [3]
  .rodata            const     0x800'1492      0x2  os_dbg.o [1]
  .text              ro code   0x800'1494     0xa6  ABImemcpy.o [4]
  .rodata            const     0x800'153a      0x2  os_dbg.o [1]
  .text              ro code   0x800'153c     0x70  frexp.o [3]
  .text              ro code   0x800'15ac     0x2e  DblCmpLe.o [3]
  .rodata            const     0x800'15da      0x2  os_dbg.o [1]
  .text              ro code   0x800'15dc     0x2e  DblCmpGe.o [3]
  .rodata            const     0x800'160a      0x2  os_dbg.o [1]
  .text              ro code   0x800'160c    0x13a  ldexp.o [3]
  .rodata            const     0x800'1746      0x2  os_dbg.o [1]
  .text              ro code   0x800'1748     0x3a  DblToS32.o [3]
  .rodata            const     0x800'1782      0x2  os_dbg.o [1]
  .text              ro code   0x800'1784     0x22  S32ToDbl.o [3]
  .rodata            const     0x800'17a6      0x2  os_dbg.o [1]
  .text              ro code   0x800'17a8     0xe2  DblSub.o [3]
  .rodata            const     0x800'188a      0x2  os_dbg.o [1]
  .text              ro code   0x800'188c    0x246  DblDiv.o [3]
  .rodata            const     0x800'1ad2      0x2  os_dbg.o [1]
  .text              ro code   0x800'1ad4     0x28  DblToU32.o [3]
  .text              ro code   0x800'1afc     0x1a  U32ToDbl.o [3]
  .rodata            const     0x800'1b16      0x2  os_dbg.o [1]
  .text              ro code   0x800'1b18      0x8  xlocale_c.o [2]
  .text              ro code   0x800'1b20      0x6  abort.o [2]
  .rodata            const     0x800'1b26      0x2  os_dbg.o [1]
  .text              ro code   0x800'1b28      0x2  I64DivZer.o [4]
  .rodata            const     0x800'1b2a      0x2  os_dbg.o [1]
  .text              ro code   0x800'1b2c    0x17a  DblAdd.o [3]
  .rodata            const     0x800'1ca6      0x2  os_dbg.o [1]
  .text              ro code   0x800'1ca8     0x14  exit.o [5]
  .text              ro code   0x800'1cbc    0xa58  RobotCtrl.o [1]
  .text              ro code   0x800'2714     0x48  FltToDbl.o [3]
  .text              ro code   0x800'275c     0x1e  math_wrappers64.o [3]
  .rodata            const     0x800'277a      0x2  os_dbg.o [1]
  .text              ro code   0x800'277c     0x68  DblToFlt.o [3]
  .text              ro code   0x800'27e4    0x6e4  C620.o [1]
  .text              ro code   0x800'2ec8    0x510  PID.o [1]
  .text              ro code   0x800'33d8    0x444  cos_sin64.o [3]
  .text              ro code   0x800'381c     0x58  S64ToFlt.o [3]
  .text              ro code   0x800'3874    0x840  os_core.o [1]
  .text              ro code   0x800'40b4    0x2d0  os_cpu_c.o [1]
  .text              ro code   0x800'4384    0x730  os_task.o [1]
  .text              ro code   0x800'4ab4     0x74  os_prio.o [1]
  .text              ro code   0x800'4b28     0x1c  os_mem.o [1]
  .text              ro code   0x800'4b44     0xb8  os_msg.o [1]
  .text              ro code   0x800'4bfc    0x42c  os_tick.o [1]
  .text              ro code   0x800'5028    0x1e0  os_tmr.o [1]
  .text              ro code   0x800'5208    0x1a0  os_dbg.o [1]
  .text              ro code   0x800'53a8     0x94  os_cfg_app.o [1]
  CODE               ro code   0x800'543c    0x108  os_cpu_a.o [1]
  .text              ro code   0x800'5544     0x24  cpu_core.o [1]
  .text              ro code   0x800'5568    0x144  os_time.o [1]
  .text              ro code   0x800'56ac    0x396  os_mutex.o [1]
  .rodata            const     0x800'5a42      0x2  os_dbg.o [1]
  CODE               ro code   0x800'5a44     0x34  cpu_a.o [1]
  .text              ro code   0x800'5a78     0x84  bsp.o [1]
  .text              ro code   0x800'5afc    0x170  stm32f4xx_rcc.o [1]
  .text              ro code   0x800'5c6c     0x80  misc.o [1]
  .text              ro code   0x800'5cec    0x4c8  can.o [1]
  .text              ro code   0x800'61b4     0xac  led.o [1]
  .text              ro code   0x800'6260    0x2c0  r1v2.o [1]
  .text              ro code   0x800'6520    0x174  BT.o [1]
  .text              ro code   0x800'6694     0x94  tim.o [1]
  .text              ro code   0x800'6728    0x10e  stm32f4xx_gpio.o [1]
  .rodata            const     0x800'6836      0x2  os_dbg.o [1]
  .text              ro code   0x800'6838    0x614  stm32f4xx_can.o [1]
  .text              ro code   0x800'6e4c     0xe8  vesc.o [1]
  .text              ro code   0x800'6f34    0x48c  C610.o [1]
  .text              ro code   0x800'73c0    0x2e8  stm32f4xx_usart.o [1]
  .text              ro code   0x800'76a8     0xec  stm32f4xx_tim.o [1]
  .text              ro code   0x800'7794    0x498  app.o [1]
  .text              ro code   0x800'7c2c     0x88  lib_mem.o [1]
  .text              ro code   0x800'7cb4     0x20  lib_math.o [1]
  .text              ro code   0x800'7cd4     0x6c  os_flag.o [1]
  .text              ro code   0x800'7d40     0x68  os_sem.o [1]
  .text              ro code   0x800'7da8     0x28  printf.o [2]
  .text              ro code   0x800'7dd0    0x274  motor.o [1]
  .text              ro code   0x800'8044    0x144  system_stm32f4xx.o [1]
  .text              ro code   0x800'8188    0x140  heap0.o [2]
  .text              ro code   0x800'82c8     0x2c  xgetmemchunk.o [2]
  .text              ro code   0x800'82f4    0x114  stm32f4xx_it.o [1]
  .text              ro code   0x800'8408     0xd8  xfspos.o [2]
  .text              ro code   0x800'84e0     0xac  fflush.o [2]
  .text              ro code   0x800'858c      0xc  xfgpos.o [2]
  .text              ro code   0x800'8598     0x4a  lseek.o [5]
  .text              ro code   0x800'85e2     0x10  write.o [5]
  .rodata            const     0x800'85f2      0x2  os_dbg.o [1]
  .text              ro code   0x800'85f4     0xcc  XShHandles.o [2]
  .text              ro code   0x800'86c0     0x1e  dwrite.o [5]
  .rodata            const     0x800'86de      0x2  os_dbg.o [1]
  .text              ro code   0x800'86e0     0x50  iarwstdswo.o [5]
  .text              ro code   0x800'8730     0x22  iarwrite.o [5]
  .text              ro code   0x800'8752     0xb4  xfwprep.o [2]
  .text              ro code   0x800'8806     0x24  fseek.o [2]
  .text              ro code   0x800'882a     0x9c  packbits_init.o [4]
  .rodata            const     0x800'88c6      0x2  os_dbg.o [1]
  .text              ro code   0x800'88c8     0x8c  xfofind.o [2]
  .text              ro code   0x800'8954      0x4  heaptramp0.o [2]
  .text              ro code   0x800'8958     0x7e  fclose.o [2]
  .text              ro code   0x800'89d6     0x18  close.o [5]
  .text              ro code   0x800'89ee     0x14  remove.o [5]
  .text              ro code   0x800'8a02     0x54  fputc.o [2]
  .rodata            const     0x800'8a56      0x2  os_dbg.o [1]
  .text              ro code   0x800'8a58     0x3c  xcloseall.o [2]
  .rodata            const     0x800'8a94     0x30  os_dbg.o [1]
  .rodata            const     0x800'8ac4     0x30  os_dbg.o [1]
  .rodata            const     0x800'8af4     0x30  stm32f4xx_it.o [1]
  .rodata            const     0x800'8b24     0x30  stm32f4xx_it.o [1]
  .rodata            const     0x800'8b54     0x2c  os_dbg.o [1]
  .text              ro code   0x800'8b80     0x28  data_init.o [4]
  .rodata            const     0x800'8ba8     0x24  os_dbg.o [1]
  .rodata            const     0x800'8bcc     0x24  os_dbg.o [1]
  .text              ro code   0x800'8bf0     0x22  fpinit_M.o [3]
  .iar.init_table    const     0x800'8c14     0x2c  - Linker created -
  .rodata            const     0x800'8c40      0x1  os_cfg_app.o [1]
  .rodata            const     0x800'8c41      0x1  os_cfg_app.o [1]
  .rodata            const     0x800'8c44     0x20  os_dbg.o [1]
  .rodata            const     0x800'8c64     0x20  stm32f4xx_it.o [1]
  .text              ro code   0x800'8c84     0x1e  cmain.o [4]
  .text              ro code   0x800'8ca2      0x4  low_level_init.o [2]
  .text              ro code   0x800'8ca6      0x4  exit.o [2]
  .rodata            const     0x800'8caa      0x1  os_dbg.o [1]
  .rodata            const     0x800'8cab      0x1  os_dbg.o [1]
  .text              ro code   0x800'8cac      0xe  cexit.o [4]
  .rodata            const     0x800'8cba      0x1  os_dbg.o [1]
  .rodata            const     0x800'8cbb      0x1  os_dbg.o [1]
  .rodata            const     0x800'8cbc     0x18  os_tmr.o [1]
  .text              ro code   0x800'8cd4     0x16  xprout.o [2]
  .rodata            const     0x800'8cea      0x1  os_dbg.o [1]
  .rodata            const     0x800'8ceb      0x1  os_dbg.o [1]
  .text              ro code   0x800'8cec      0xc  putchar.o [2]
  .rodata            const     0x800'8cf8     0x14  os_core.o [1]
  .rodata            const     0x800'8d0c     0x14  os_tick.o [1]
  .rodata            const     0x800'8d20     0x10  app.o [1]
  .rodata            const     0x800'8d30     0x10  app.o [1]
  .rodata            const     0x800'8d40     0x10  app.o [1]
  .rodata            const     0x800'8d50     0x10  os_tmr.o [1]
  .rodata            const     0x800'8d60     0x10  stm32f4xx_it.o [1]
  .text              ro code   0x800'8d70     0x10  startup_stm32f427xx.o [1]
  .rodata            const     0x800'8d80      0xc  app.o [1]
  .rodata            const     0x800'8d8c      0xc  app.o [1]
  .rodata            const     0x800'8d98      0xc  app.o [1]
  .rodata            const     0x800'8da4      0xc  os_core.o [1]
  .rodata            const     0x800'8db0      0xc  stm32f4xx_it.o [1]
  .rodata            const     0x800'8dbc      0xc  stm32f4xx_it.o [1]
  .rodata            const     0x800'8dc8      0xc  stm32f4xx_it.o [1]
  .rodata            const     0x800'8dd4      0xc  stm32f4xx_it.o [1]
  .rodata            const     0x800'8de0      0xc  stm32f4xx_it.o [1]
  .rodata            const     0x800'8dec      0xc  stm32f4xx_it.o [1]
  .rodata            const     0x800'8df8      0xc  stm32f4xx_it.o [1]
  .rodata            const     0x800'8e04      0xc  stm32f4xx_it.o [1]
  .rodata            const     0x800'8e10      0xc  stm32f4xx_it.o [1]
  .rodata            const     0x800'8e1c      0xc  stm32f4xx_it.o [1]
  .rodata            const     0x800'8e28      0xc  stm32f4xx_it.o [1]
  .text              ro code   0x800'8e34      0xc  cstartup_M.o [4]
  .rodata            const     0x800'8e40      0x8  app.o [1]
  .rodata            const     0x800'8e48      0x8  lib_mem.o [1]
  .rodata            const     0x800'8e50      0x8  os_core.o [1]
  .rodata            const     0x800'8e58      0x8  os_task.o [1]
  .rodata            const     0x800'8e60      0x4  os_cfg_app.o [1]
  .rodata            const     0x800'8e68      0x8  RobotCtrl.o [1]
  .rodata            const     0x800'8e70      0x8  RobotCtrl.o [1]
  .rodata            const     0x800'8e78      0x4  os_cfg_app.o [1]
  .rodata            const     0x800'8e7c      0x4  os_cfg_app.o [1]
  .rodata            const     0x800'8e80      0x4  os_cfg_app.o [1]
  .rodata            const     0x800'8e84      0x4  os_cfg_app.o [1]
  .rodata            const     0x800'8e88      0x4  os_cfg_app.o [1]
  .rodata            const     0x800'8e8c      0x4  os_cfg_app.o [1]
  .rodata            const     0x800'8e90      0x4  os_cfg_app.o [1]
  .rodata            const     0x800'8e94      0x4  os_cfg_app.o [1]
  .rodata            const     0x800'8e98      0x4  os_cfg_app.o [1]
  .rodata            const     0x800'8e9c      0x4  os_cfg_app.o [1]
  .rodata            const     0x800'8ea0      0x4  os_cfg_app.o [1]
  .rodata            const     0x800'8ea4      0x4  os_cfg_app.o [1]
  .rodata            const     0x800'8ea8      0x4  os_cfg_app.o [1]
  .rodata            const     0x800'8eac      0x4  os_cfg_app.o [1]
  .rodata            const     0x800'8eb0      0x4  os_cfg_app.o [1]
  .rodata            const     0x800'8eb4      0x4  os_cfg_app.o [1]
  .rodata            const     0x800'8eb8      0x4  os_cfg_app.o [1]
  .rodata            const     0x800'8ebc      0x4  os_cfg_app.o [1]
  .rodata            const     0x800'8ec0      0x4  os_cfg_app.o [1]
  .rodata            const     0x800'8ec4      0x4  os_cfg_app.o [1]
  .rodata            const     0x800'8ec8      0x4  os_dbg.o [1]
  .rodata            const     0x800'8ecc      0x4  os_dbg.o [1]
  .rodata            const     0x800'8ed0      0x4  os_dbg.o [1]
  .rodata            const     0x800'8ed4      0x4  RobotCtrl.o [1]
  .rodata            const     0x800'8ed8      0x4  RobotCtrl.o [1]
  .rodata            const     0x800'8edc      0x4  xlocale_c.o [2]
  .text              ro code   0x800'8ee0      0x4  startup_stm32f427xx.o [1]
  .text              ro code   0x800'8ee4      0x4  startup_stm32f427xx.o [1]
  .text              ro code   0x800'8ee8      0x4  startup_stm32f427xx.o [1]
  .text              ro code   0x800'8eec      0x4  startup_stm32f427xx.o [1]
  .text              ro code   0x800'8ef0      0x4  startup_stm32f427xx.o [1]
  .text              ro code   0x800'8ef4      0x4  startup_stm32f427xx.o [1]
  .text              ro code   0x800'8ef8      0x4  startup_stm32f427xx.o [1]
  .text              ro code   0x800'8efc      0x4  startup_stm32f427xx.o [1]
  .text              ro code   0x800'8f00      0x4  startup_stm32f427xx.o [1]
  .text              ro code   0x800'8f04      0x4  startup_stm32f427xx.o [1]
  .text              ro code   0x800'8f08      0x4  startup_stm32f427xx.o [1]
  .text              ro code   0x800'8f0c      0x4  startup_stm32f427xx.o [1]
  .text              ro code   0x800'8f10      0x4  startup_stm32f427xx.o [1]
  .text              ro code   0x800'8f14      0x4  startup_stm32f427xx.o [1]
  .text              ro code   0x800'8f18      0x4  startup_stm32f427xx.o [1]
  .text              ro code   0x800'8f1c      0x4  startup_stm32f427xx.o [1]
  .text              ro code   0x800'8f20      0x4  startup_stm32f427xx.o [1]
  .text              ro code   0x800'8f24      0x4  startup_stm32f427xx.o [1]
  .text              ro code   0x800'8f28      0x4  startup_stm32f427xx.o [1]
  .text              ro code   0x800'8f2c      0x4  startup_stm32f427xx.o [1]
  .text              ro code   0x800'8f30      0x4  startup_stm32f427xx.o [1]
  .text              ro code   0x800'8f34      0x4  startup_stm32f427xx.o [1]
  .text              ro code   0x800'8f38      0x4  startup_stm32f427xx.o [1]
  .text              ro code   0x800'8f3c      0x4  startup_stm32f427xx.o [1]
  .text              ro code   0x800'8f40      0x4  startup_stm32f427xx.o [1]
  .text              ro code   0x800'8f44      0x4  startup_stm32f427xx.o [1]
  .text              ro code   0x800'8f48      0x4  startup_stm32f427xx.o [1]
  .text              ro code   0x800'8f4c      0x4  startup_stm32f427xx.o [1]
  .text              ro code   0x800'8f50      0x4  startup_stm32f427xx.o [1]
  .text              ro code   0x800'8f54      0x4  startup_stm32f427xx.o [1]
  .text              ro code   0x800'8f58      0x4  startup_stm32f427xx.o [1]
  .text              ro code   0x800'8f5c      0x4  startup_stm32f427xx.o [1]
  .text              ro code   0x800'8f60      0x4  startup_stm32f427xx.o [1]
  .text              ro code   0x800'8f64      0x4  startup_stm32f427xx.o [1]
  .text              ro code   0x800'8f68      0x4  startup_stm32f427xx.o [1]
  .text              ro code   0x800'8f6c      0x4  startup_stm32f427xx.o [1]
  .text              ro code   0x800'8f70      0x4  startup_stm32f427xx.o [1]
  .text              ro code   0x800'8f74      0x4  startup_stm32f427xx.o [1]
  .text              ro code   0x800'8f78      0x4  startup_stm32f427xx.o [1]
  .text              ro code   0x800'8f7c      0x4  startup_stm32f427xx.o [1]
  .text              ro code   0x800'8f80      0x4  startup_stm32f427xx.o [1]
  .text              ro code   0x800'8f84      0x4  startup_stm32f427xx.o [1]
  .text              ro code   0x800'8f88      0x4  startup_stm32f427xx.o [1]
  .text              ro code   0x800'8f8c      0x4  startup_stm32f427xx.o [1]
  .text              ro code   0x800'8f90      0x4  startup_stm32f427xx.o [1]
  .text              ro code   0x800'8f94      0x4  startup_stm32f427xx.o [1]
  .text              ro code   0x800'8f98      0x4  startup_stm32f427xx.o [1]
  .text              ro code   0x800'8f9c      0x4  startup_stm32f427xx.o [1]
  .text              ro code   0x800'8fa0      0x4  startup_stm32f427xx.o [1]
  .text              ro code   0x800'8fa4      0x4  startup_stm32f427xx.o [1]
  .text              ro code   0x800'8fa8      0x4  startup_stm32f427xx.o [1]
  .text              ro code   0x800'8fac      0x4  startup_stm32f427xx.o [1]
  .text              ro code   0x800'8fb0      0x4  startup_stm32f427xx.o [1]
  .text              ro code   0x800'8fb4      0x4  startup_stm32f427xx.o [1]
  .text              ro code   0x800'8fb8      0x4  startup_stm32f427xx.o [1]
  .text              ro code   0x800'8fbc      0x4  startup_stm32f427xx.o [1]
  .text              ro code   0x800'8fc0      0x4  startup_stm32f427xx.o [1]
  .text              ro code   0x800'8fc4      0x4  startup_stm32f427xx.o [1]
  .text              ro code   0x800'8fc8      0x4  startup_stm32f427xx.o [1]
  .text              ro code   0x800'8fcc      0x4  startup_stm32f427xx.o [1]
  .text              ro code   0x800'8fd0      0x4  startup_stm32f427xx.o [1]
  .text              ro code   0x800'8fd4      0x4  startup_stm32f427xx.o [1]
  .text              ro code   0x800'8fd8      0x4  startup_stm32f427xx.o [1]
  .text              ro code   0x800'8fdc      0x4  startup_stm32f427xx.o [1]
  .text              ro code   0x800'8fe0      0x4  startup_stm32f427xx.o [1]
  .text              ro code   0x800'8fe4      0x4  startup_stm32f427xx.o [1]
  .text              ro code   0x800'8fe8      0x4  startup_stm32f427xx.o [1]
  .text              ro code   0x800'8fec      0x4  startup_stm32f427xx.o [1]
  .text              ro code   0x800'8ff0      0x4  startup_stm32f427xx.o [1]
  .text              ro code   0x800'8ff4      0x4  startup_stm32f427xx.o [1]
  .text              ro code   0x800'8ff8      0x4  startup_stm32f427xx.o [1]
  .text              ro code   0x800'8ffc      0x4  startup_stm32f427xx.o [1]
  .text              ro code   0x800'9000      0x4  startup_stm32f427xx.o [1]
  .text              ro code   0x800'9004      0x4  startup_stm32f427xx.o [1]
  .text              ro code   0x800'9008      0x4  startup_stm32f427xx.o [1]
  .text              ro code   0x800'900c      0x4  startup_stm32f427xx.o [1]
  .text              ro code   0x800'9010      0x4  startup_stm32f427xx.o [1]
  .text              ro code   0x800'9014      0x4  startup_stm32f427xx.o [1]
  .text              ro code   0x800'9018      0x4  startup_stm32f427xx.o [1]
  .text              ro code   0x800'901c      0x4  startup_stm32f427xx.o [1]
  .rodata            const     0x800'9020      0x1  os_dbg.o [1]
  .rodata            const     0x800'9021      0x1  os_dbg.o [1]
  .rodata            const     0x800'9022      0x1  os_dbg.o [1]
  .rodata            const     0x800'9023      0x1  os_dbg.o [1]
  .rodata            const     0x800'9024      0x1  os_dbg.o [1]
  .rodata            const     0x800'9025      0x1  os_dbg.o [1]
  .rodata            const     0x800'9026      0x1  os_dbg.o [1]
  .rodata            const     0x800'9027      0x1  os_dbg.o [1]
  .rodata            const     0x800'9028      0x1  os_dbg.o [1]
  .rodata            const     0x800'9029      0x1  os_dbg.o [1]
  .rodata            const     0x800'902a      0x1  os_dbg.o [1]
  .rodata            const     0x800'902b      0x1  os_dbg.o [1]
  .rodata            const     0x800'902c      0x1  os_dbg.o [1]
  .rodata            const     0x800'902d      0x1  os_dbg.o [1]
  .rodata            const     0x800'902e      0x1  os_dbg.o [1]
  .rodata            const     0x800'902f      0x1  os_dbg.o [1]
  .rodata            const     0x800'9030      0x1  os_dbg.o [1]
  .rodata            const     0x800'9031      0x1  os_dbg.o [1]
  .rodata            const     0x800'9032      0x1  os_dbg.o [1]
  .rodata            const     0x800'9033      0x1  os_dbg.o [1]
  .rodata            const     0x800'9034      0x1  os_dbg.o [1]
  .rodata            const     0x800'9035      0x1  os_dbg.o [1]
  .rodata            const     0x800'9036      0x1  os_dbg.o [1]
  .rodata            const     0x800'9037      0x1  os_dbg.o [1]
  .rodata            const     0x800'9038      0x1  os_dbg.o [1]
  .rodata            const     0x800'9039      0x1  os_dbg.o [1]
  .rodata            const     0x800'903a      0x1  os_dbg.o [1]
  .rodata            const     0x800'903b      0x1  os_dbg.o [1]
  .rodata            const     0x800'903c      0x1  os_dbg.o [1]
  .rodata            const     0x800'903d      0x1  os_dbg.o [1]
  .rodata            const     0x800'903e      0x1  os_dbg.o [1]
  .rodata            const     0x800'903f      0x1  os_dbg.o [1]
  .rodata            const     0x800'9040      0x1  os_dbg.o [1]
  .text              ro code   0x800'9044      0x0  cstart_closeall.o [4]
  .rodata            const     0x800'9044      0x0  zero_init3.o [4]
  .rodata            const     0x800'9044      0x0  packbits_init.o [4]
  Initializer bytes  const     0x800'9044    0x1c1  <for P4 s0>
                             - 0x800'9205   0x9059

"P3":                                       0x2000
  CSTACK                      0x1000'0000   0x2000  <Block>
    CSTACK           uninit   0x1000'0000   0x2000  <Block tail>
                            - 0x1000'2000   0x2000

"P4", part 1 of 3:                           0x3d0
  P4 s0                       0x2000'0000    0x3d0  <Init block>
    .data            inited   0x2000'0000     0x48  xfiles.o [2]
    .data            inited   0x2000'0048     0x48  xfiles.o [2]
    .data            inited   0x2000'0090     0x48  xfiles.o [2]
    .data            inited   0x2000'00d8     0x38  xlocale_c.o [2]
    .data            inited   0x2000'0110     0x20  C620.o [1]
    .data            inited   0x2000'0130     0x20  C620.o [1]
    .data            inited   0x2000'0150     0x20  C620.o [1]
    .data            inited   0x2000'0170     0x20  C620.o [1]
    .data            inited   0x2000'0190     0x20  C620.o [1]
    .data            inited   0x2000'01b0     0x20  C620.o [1]
    .data            inited   0x2000'01d0     0x20  C620.o [1]
    .data            inited   0x2000'01f0     0x20  C620.o [1]
    .data            inited   0x2000'0210     0x20  C620.o [1]
    .data            inited   0x2000'0230     0x20  C620.o [1]
    .data            inited   0x2000'0250     0x20  C620.o [1]
    .data            inited   0x2000'0270     0x20  C620.o [1]
    .data            inited   0x2000'0290     0x20  PID.o [1]
    .data            inited   0x2000'02b0     0x20  PID.o [1]
    .data            inited   0x2000'02d0     0x20  PID.o [1]
    .data            inited   0x2000'02f0     0x20  PID.o [1]
    .data            inited   0x2000'0310     0x20  PID.o [1]
    .data            inited   0x2000'0330     0x20  PID.o [1]
    .data            inited   0x2000'0350     0x20  PID.o [1]
    .data            inited   0x2000'0370     0x20  xfiles.o [2]
    .data            inited   0x2000'0390     0x10  stm32f4xx_rcc.o [1]
    .data            inited   0x2000'03a0      0xc  RobotCtrl.o [1]
    .data            inited   0x2000'03ac      0x4  app.o [1]
    .data            inited   0x2000'03b0      0x4  app.o [1]
    .data            inited   0x2000'03b4      0x4  app.o [1]
    .data            inited   0x2000'03b8      0x4  C610.o [1]
    .data            inited   0x2000'03bc      0x4  C610.o [1]
    .data            inited   0x2000'03c0      0x4  C610.o [1]
    .data            inited   0x2000'03c4      0x4  C610.o [1]
    .data            inited   0x2000'03c8      0x4  RobotCtrl.o [1]
    .data            inited   0x2000'03cc      0x4  RobotCtrl.o [1]
                            - 0x2000'03d0    0x3d0

"P4", part 2 of 3:                         0x11d8c
  .bss               zero     0x2000'03d0   0xf000  lib_mem.o [1]
  .bss               zero     0x2000'f3d0    0x800  app.o [1]
  .bss               zero     0x2000'fbd0    0x4b0  os_cfg_app.o [1]
  .bss               zero     0x2001'0080    0x400  app.o [1]
  .bss               zero     0x2001'0480    0x400  app.o [1]
  .bss               zero     0x2001'0880    0x400  os_cfg_app.o [1]
  .bss               zero     0x2001'0c80    0x200  os_cfg_app.o [1]
  .bss               zero     0x2001'0e80    0x200  os_cfg_app.o [1]
  .bss               zero     0x2001'1080    0x200  os_cfg_app.o [1]
  .bss               zero     0x2001'1280    0x1b0  C610.o [1]
  .bss               zero     0x2001'1430    0x1b0  C620.o [1]
  .bss               zero     0x2001'15e0    0x180  os_var.o [1]
  .bss               zero     0x2001'1760     0xb4  vesc.o [1]
  .bss               zero     0x2001'1814     0xb0  app.o [1]
  .bss               zero     0x2001'18c4     0xb0  app.o [1]
  .bss               zero     0x2001'1974     0xb0  app.o [1]
  .bss               zero     0x2001'1a24     0xb0  os_var.o [1]
  .bss               zero     0x2001'1ad4     0xb0  os_var.o [1]
  .bss               zero     0x2001'1b84     0xb0  os_var.o [1]
  .bss               zero     0x2001'1c34     0x80  XShHandles.o [2]
  .bss               zero     0x2001'1cb4     0x50  xfiles.o [2]
  .bss               zero     0x2001'1d04     0x50  xfiles.o [2]
  .bss               zero     0x2001'1d54     0x40  C610.o [1]
  .bss               zero     0x2001'1d94     0x40  C620.o [1]
  .bss               zero     0x2001'1dd4     0x3c  RobotCtrl.o [1]
  .bss               zero     0x2001'1e10     0x38  C610.o [1]
  .bss               zero     0x2001'1e48     0x38  C620.o [1]
  .bss               zero     0x2001'1e80     0x30  RobotCtrl.o [1]
  .bss               zero     0x2001'1eb0     0x30  RobotCtrl.o [1]
  .bss               zero     0x2001'1ee0     0x2c  os_var.o [1]
  .bss               zero     0x2001'1f0c     0x24  app.o [1]
  .bss               zero     0x2001'1f30     0x24  app.o [1]
  .bss               zero     0x2001'1f54     0x24  app.o [1]
  .bss               zero     0x2001'1f78     0x24  r1v2.o [1]
  .bss               zero     0x2001'1f9c     0x24  r1v2.o [1]
  .bss               zero     0x2001'1fc0     0x1c  r1v2.o [1]
  .bss               zero     0x2001'1fdc     0x1c  RobotCtrl.o [1]
  .bss               zero     0x2001'1ff8     0x14  can.o [1]
  .bss               zero     0x2001'200c     0x14  lib_mem.o [1]
  .bss               zero     0x2001'2020      0xc  os_var.o [1]
  .bss               zero     0x2001'202c      0xc  RobotCtrl.o [1]
  .bss               zero     0x2001'2038      0xc  RobotCtrl.o [1]
  .bss               zero     0x2001'2044      0xc  RobotCtrl.o [1]
  .bss               zero     0x2001'2050      0x8  app.o [1]
  .bss               zero     0x2001'2058      0x8  app.o [1]
  .bss               zero     0x2001'2060      0x8  app.o [1]
  .bss               zero     0x2001'2068      0x8  C610.o [1]
  .bss               zero     0x2001'2070      0x8  C620.o [1]
  .bss               zero     0x2001'2078      0x8  motor.o [1]
  .bss               zero     0x2001'2080      0x8  os_var.o [1]
  .bss               zero     0x2001'2088      0x8  os_var.o [1]
  .bss               zero     0x2001'2090      0x8  vesc.o [1]
  .bss               zero     0x2001'2098      0x8  heap0.o [2]
  .bss               zero     0x2001'20a0      0x4  app.o [1]
  .bss               zero     0x2001'20a4      0x4  C610.o [1]
  .bss               zero     0x2001'20a8      0x4  C610.o [1]
  .bss               zero     0x2001'20ac      0x4  C610.o [1]
  .bss               zero     0x2001'20b0      0x4  C610.o [1]
  .bss               zero     0x2001'20b4      0x4  C620.o [1]
  .bss               zero     0x2001'20b8      0x4  cpu_core.o [1]
  .bss               zero     0x2001'20bc      0x4  lib_math.o [1]
  .bss               zero     0x2001'20c0      0x4  lib_mem.o [1]
  .bss               zero     0x2001'20c4      0x4  motor.o [1]
  .bss               zero     0x2001'20c8      0x4  motor.o [1]
  .bss               zero     0x2001'20cc      0x4  motor.o [1]
  .bss               zero     0x2001'20d0      0x4  motor.o [1]
  .bss               zero     0x2001'20d4      0x4  motor.o [1]
  .bss               zero     0x2001'20d8      0x4  motor.o [1]
  .bss               zero     0x2001'20dc      0x4  motor.o [1]
  .bss               zero     0x2001'20e0      0x4  os_cpu_c.o [1]
  .bss               zero     0x2001'20e4      0x4  os_prio.o [1]
  .bss               zero     0x2001'20e8      0x4  os_var.o [1]
  .bss               zero     0x2001'20ec      0x4  os_var.o [1]
  .bss               zero     0x2001'20f0      0x4  os_var.o [1]
  .bss               zero     0x2001'20f4      0x4  os_var.o [1]
  .bss               zero     0x2001'20f8      0x4  os_var.o [1]
  .bss               zero     0x2001'20fc      0x4  os_var.o [1]
  .bss               zero     0x2001'2100      0x4  os_var.o [1]
  .bss               zero     0x2001'2104      0x4  os_var.o [1]
  .bss               zero     0x2001'2108      0x4  os_var.o [1]
  .bss               zero     0x2001'210c      0x4  os_var.o [1]
  .bss               zero     0x2001'2110      0x4  os_var.o [1]
  .bss               zero     0x2001'2114      0x4  os_var.o [1]
  .bss               zero     0x2001'2118      0x4  os_var.o [1]
  .bss               zero     0x2001'211c      0x4  os_var.o [1]
  .bss               zero     0x2001'2120      0x4  os_var.o [1]
  .bss               zero     0x2001'2124      0x4  os_var.o [1]
  .bss               zero     0x2001'2128      0x4  tim.o [1]
  .bss               zero     0x2001'212c      0x4  vesc.o [1]
  .bss               zero     0x2001'2130      0x4  xgetmemchunk.o [2]
  .bss               zero     0x2001'2134      0x4  xfail_s.o [2]
  .bss               zero     0x2001'2138      0x2  app.o [1]
  .bss               zero     0x2001'213a      0x2  motor.o [1]
  .bss               zero     0x2001'213c      0x2  os_var.o [1]
  .bss               zero     0x2001'213e      0x2  os_var.o [1]
  .bss               zero     0x2001'2140      0x2  os_var.o [1]
  .bss               zero     0x2001'2142      0x2  os_var.o [1]
  .bss               zero     0x2001'2144      0x2  os_var.o [1]
  .bss               zero     0x2001'2146      0x2  os_var.o [1]
  .bss               zero     0x2001'2148      0x2  os_var.o [1]
  .bss               zero     0x2001'214a      0x1  BT.o [1]
  .bss               zero     0x2001'214b      0x1  BT.o [1]
  .bss               zero     0x2001'214c      0x1  BT.o [1]
  .bss               zero     0x2001'214d      0x1  BT.o [1]
  .bss               zero     0x2001'214e      0x1  can.o [1]
  .bss               zero     0x2001'214f      0x1  can.o [1]
  .bss               zero     0x2001'2150      0x1  can.o [1]
  .bss               zero     0x2001'2151      0x1  can.o [1]
  .bss               zero     0x2001'2152      0x1  os_var.o [1]
  .bss               zero     0x2001'2153      0x1  os_var.o [1]
  .bss               zero     0x2001'2154      0x1  os_var.o [1]
  .bss               zero     0x2001'2155      0x1  os_var.o [1]
  .bss               zero     0x2001'2156      0x1  os_var.o [1]
  .bss               zero     0x2001'2157      0x1  os_var.o [1]
  .bss               zero     0x2001'2158      0x1  os_var.o [1]
  .bss               zero     0x2001'2159      0x1  r1v2.o [1]
                            - 0x2001'215a  0x11d8a

"P4", part 3 of 3:                          0x2000
  HEAP                        0x2001'2160   0x2000  <Block>
    HEAP             uninit   0x2001'2160   0x2000  <Block tail>
                            - 0x2001'4160   0x2000

Unused ranges:

         From           To       Size
         ----           --       ----
   0x800'9205   0x81f'ffff  0x1f'6dfb
  0x1000'2000  0x1000'ffff     0xe000
  0x2001'215c  0x2001'215f        0x4
  0x2001'4160  0x2001'bfff     0x7ea0
  0x2001'c000  0x2001'ffff     0x4000
  0x2002'0000  0x2002'ffff   0x1'0000


*******************************************************************************
*** INIT TABLE
***

          Address      Size
          -------      ----
Zero (__iar_zero_init3)
    1 destination range, total size 0x11d8a:
          0x2000'03d0  0x11d8a

Copy/packbits (__iar_packbits_init3)
    1 source range, total size 0x1c1 (46% of destination):
           0x800'9044    0x1c1
    1 destination range, total size 0x3d0:
          0x2000'0000    0x3d0



*******************************************************************************
*** MODULE SUMMARY
***

    Module                 ro code  ro data  rw data
    ------                 -------  -------  -------
command line/config:
    ------------------------------------------------
    Total:

D:\Kipper\program\RTS\RTS-2023\Debug\Obj: [1]
    BT.o                       372                 4
    C610.o                   1 164        8      592
    C620.o                   1 764      176      948
    PID.o                    1 296      103      224
    RobotCtrl.o              2 648       34      240
    app.o                    1 176       97    4 774
    bsp.o                      132
    can.o                    1 224                24
    cpu_a.o                     52
    cpu_core.o                  36                 4
    led.o                      172
    lib_math.o                  32                 4
    lib_mem.o                  136        8   61 464
    misc.o                     128
    motor.o                    628                38
    os_cfg_app.o               148       88    3 760
    os_core.o                2 112       40
    os_cpu_a.o                 264
    os_cpu_c.o                 720                 4
    os_dbg.o                   416      337
    os_flag.o                  108
    os_mem.o                    28
    os_msg.o                   184
    os_mutex.o                 918
    os_prio.o                  116                 4
    os_sem.o                   104
    os_task.o                1 840        8
    os_tick.o                1 068       20
    os_time.o                  324
    os_tmr.o                   480       40
    os_var.o                                   1 069
    r1v2.o                     704               101
    startup_stm32f427xx.o      764
    stm32f4xx_can.o          1 556
    stm32f4xx_gpio.o           270
    stm32f4xx_it.o             276      276
    stm32f4xx_rcc.o            368        7       16
    stm32f4xx_tim.o            236
    stm32f4xx_usart.o          744
    system_stm32f4xx.o         324
    tim.o                      148                 4
    vesc.o                     232               192
    ------------------------------------------------
    Total:                  25 412    1 242   73 466

dl7M_tlf.a: [2]
    XShHandles.o               204               128
    abort.o                      6
    exit.o                       4
    fclose.o                   126
    fflush.o                   172
    fputc.o                     84
    fseek.o                     36
    heap0.o                    320                 8
    heaptramp0.o                 4
    low_level_init.o             4
    printf.o                    40
    putchar.o                   12
    xcloseall.o                 60
    xfail_s.o                   64                 4
    xfgpos.o                    12
    xfiles.o                            114      408
    xfofind.o                  140
    xfspos.o                   216
    xfwprep.o                  180
    xgetmemchunk.o              44                 4
    xlocale_c.o                  8       30       56
    xprintffull_nomb.o       3 570
    xprout.o                    22
    ------------------------------------------------
    Total:                   5 328      144      608

m7M_tls.a: [3]
    DblAdd.o                   378
    DblCmpGe.o                  46
    DblCmpLe.o                  46
    DblDiv.o                   582
    DblMul.o                   418
    DblSub.o                   226
    DblToFlt.o                 104
    DblToS32.o                  58
    DblToU32.o                  40
    FltToDbl.o                  72
    S32ToDbl.o                  34
    S64ToFlt.o                  88
    U32ToDbl.o                  26
    cos_sin64.o              1 092
    fpinit_M.o                  34
    frexp.o                    112
    ldexp.o                    314
    math_wrappers64.o           30
    ------------------------------------------------
    Total:                   3 700

rt7M_tl.a: [4]
    ABImemcpy.o                166
    I64DivMod.o                560
    I64DivZer.o                  2
    cexit.o                     14
    cmain.o                     30
    cstart_closeall.o
    cstartup_M.o                12
    data_init.o                 40
    memchr.o                    88
    packbits_init.o            156
    strchr.o                    22
    strlen.o                    54
    zero_init3.o                58
    ------------------------------------------------
    Total:                   1 202

shb_l.a: [5]
    close.o                     24
    dwrite.o                    30
    exit.o                      20
    iarwrite.o                  34
    iarwstdswo.o                80
    lseek.o                     74
    remove.o                    20
    write.o                     16
    ------------------------------------------------
    Total:                     298

    Gaps                         3        8
    Linker created                       44   16 384
----------------------------------------------------
    Grand Total:            35 943    1 438   90 458


*******************************************************************************
*** ENTRY LIST
***

Entry                       Address    Size  Type      Object
-----                       -------    ----  ----      ------
.iar.init_table$$Base    0x800'8c14           --   Gb  - Linker created -
.iar.init_table$$Limit   0x800'8c40           --   Gb  - Linker created -
?main                    0x800'8c85          Code  Gb  cmain.o [4]
APBAHBPrescTable        0x2000'0390    0x10  Data  Lc  stm32f4xx_rcc.o [1]
Aldata                  0x2001'2098     0x8  Data  Lc  heap0.o [2]
BSP_CPU_ClkFreq          0x800'5a79     0xe  Code  Gb  bsp.o [1]
BSP_Init                 0x800'5a93    0x36  Code  Gb  bsp.o [1]
BSP_OSTickInit           0x800'5a87     0xc  Code  Gb  bsp.o [1]
BT_Count                0x2001'214c     0x1  Data  Gb  BT.o [1]
BT_Step                 0x2001'214b     0x1  Data  Gb  BT.o [1]
BT_usart3_init           0x800'6521    0xc4  Code  Gb  BT.o [1]
BusFault_Handler         0x800'8401     0x2  Code  Gb  stm32f4xx_it.o [1]
CAN1_Init                0x800'5ced   0x10e  Code  Gb  can.o [1]
CAN1_RX0_IRQHandler      0x800'5f9b    0x92  Code  Gb  can.o [1]
CAN1_RX0_IRQHandler::overrun
                        0x2001'214e     0x1  Data  Lc  can.o [1]
CAN1_RX1_IRQHandler      0x800'602d    0x92  Code  Gb  can.o [1]
CAN1_RX1_IRQHandler::overrun
                        0x2001'214f     0x1  Data  Lc  can.o [1]
CAN1_Send_Msg_ExtendID   0x800'5f53    0x48  Code  Gb  can.o [1]
CAN2_Init                0x800'5dfb   0x158  Code  Gb  can.o [1]
CAN2_RX0_IRQHandler      0x800'60bf    0x68  Code  Gb  can.o [1]
CAN2_RX0_IRQHandler::overrun
                        0x2001'2150     0x1  Data  Lc  can.o [1]
CAN2_RX1_IRQHandler      0x800'6127    0x68  Code  Gb  can.o [1]
CAN2_RX1_IRQHandler::overrun
                        0x2001'2151     0x1  Data  Lc  can.o [1]
CAN_ClearITPendingBit    0x800'6d8d    0x92  Code  Gb  stm32f4xx_can.o [1]
CAN_FilterInit           0x800'6943    0xda  Code  Gb  stm32f4xx_can.o [1]
CAN_GetITStatus          0x800'6ca5    0xe8  Code  Gb  stm32f4xx_can.o [1]
CAN_ITConfig             0x800'6c8d    0x18  Code  Gb  stm32f4xx_can.o [1]
CAN_Init                 0x800'6839   0x10a  Code  Gb  stm32f4xx_can.o [1]
CAN_Receive              0x800'6b89   0x104  Code  Gb  stm32f4xx_can.o [1]
CAN_StructInit           0x800'6a1d    0x2e  Code  Gb  stm32f4xx_can.o [1]
CAN_Transmit             0x800'6a4b   0x13e  Code  Gb  stm32f4xx_can.o [1]
CH                      0x2001'1f78    0x24  Data  Gb  r1v2.o [1]
CH_MEM                  0x2001'1f9c    0x24  Data  Gb  r1v2.o [1]
CPU_CntLeadZeros         0x800'5a63          Code  Gb  cpu_a.o [1]
CPU_CntTrailZeros        0x800'5a69          Code  Gb  cpu_a.o [1]
CPU_Init                 0x800'5545     0x8  Code  Gb  cpu_core.o [1]
CPU_IntDis               0x800'5a45          Code  Gb  cpu_a.o [1]
CPU_IntEn                0x800'5a49          Code  Gb  cpu_a.o [1]
CPU_RevBits              0x800'5a73          Code  Gb  cpu_a.o [1]
CPU_SR_Restore           0x800'5a55          Code  Gb  cpu_a.o [1]
CPU_SR_Save              0x800'5a4d          Code  Gb  cpu_a.o [1]
CPU_SW_Exception         0x800'554d     0x2  Code  Gb  cpu_core.o [1]
CPU_TS_Init              0x800'5555     0xe  Code  Lc  cpu_core.o [1]
CPU_TS_TmrFreqSet        0x800'554f     0x6  Code  Gb  cpu_core.o [1]
CPU_TS_TmrFreq_Hz       0x2001'20b8     0x4  Data  Gb  cpu_core.o [1]
CPU_TS_TmrInit           0x800'5ac9    0x26  Code  Gb  bsp.o [1]
CPU_WaitForExcept        0x800'5a5f          Code  Gb  cpu_a.o [1]
CPU_WaitForInt           0x800'5a5b          Code  Gb  cpu_a.o [1]
CSTACK$$Base            0x1000'0000           --   Gb  - Linker created -
CSTACK$$Limit           0x1000'2000           --   Gb  - Linker created -
Capstep                 0x2001'20b0     0x4  Data  Gb  C610.o [1]
Capture                  0x800'7131   0x108  Code  Gb  C610.o [1]
CheckITStatus            0x800'6e3d    0x10  Code  Lc  stm32f4xx_can.o [1]
DebugMon_Handler         0x800'8407     0x2  Code  Gb  stm32f4xx_it.o [1]
Formula_4Omni            0x800'1d41   0x138  Code  Gb  RobotCtrl.o [1]
Formula_World2Robo       0x800'1cbd    0x80  Code  Gb  RobotCtrl.o [1]
GPIO_Init                0x800'6729    0xa8  Code  Gb  stm32f4xx_gpio.o [1]
GPIO_PinAFConfig         0x800'67e3    0x54  Code  Gb  stm32f4xx_gpio.o [1]
GPIO_ResetBits           0x800'67d5     0x4  Code  Gb  stm32f4xx_gpio.o [1]
GPIO_SetBits             0x800'67d1     0x4  Code  Gb  stm32f4xx_gpio.o [1]
GPIO_ToggleBits          0x800'67d9     0xa  Code  Gb  stm32f4xx_gpio.o [1]
HEAP$$Base              0x2001'2160           --   Gb  - Linker created -
HEAP$$Limit             0x2001'4160           --   Gb  - Linker created -
HardFault_Handler        0x800'83ed    0x12  Code  Gb  stm32f4xx_it.o [1]
InitStatus              0x2001'1f54    0x24  Data  Gb  app.o [1]
KEY_VALUE               0x2001'214d     0x1  Data  Gb  BT.o [1]
LED1_Init                0x800'61b5    0x32  Code  Gb  led.o [1]
LED2_Init                0x800'61e7    0x32  Code  Gb  led.o [1]
LoRa_Init                0x800'65e5     0x8  Code  Gb  BT.o [1]
LoadInt                  0x800'035b    0x7a  Code  Lc  xprintffull_nomb.o [2]
MOTOR                   0x2001'1430   0x1b0  Data  Gb  C620.o [1]
MOTOR_C610              0x2001'1280   0x1b0  Data  Gb  C610.o [1]
MOTOR_DEAD_VAL           0x800'8ed4     0x4  Data  Gb  RobotCtrl.o [1]
MOTOR_MAX_SPEED          0x800'8ed8     0x4  Data  Gb  RobotCtrl.o [1]
MOTOR_V                 0x2001'1760    0xb4  Data  Gb  vesc.o [1]
Math_Init                0x800'7cb5     0xa  Code  Gb  lib_math.o [1]
Math_RandSeedCur        0x2001'20bc     0x4  Data  Gb  lib_math.o [1]
Math_RandSetSeed         0x800'7cbf    0x12  Code  Gb  lib_math.o [1]
MemManage_Handler        0x800'83ff     0x2  Code  Gb  stm32f4xx_it.o [1]
Mem_Heap                0x2000'03d0  0xf000  Data  Gb  lib_mem.o [1]
Mem_Init                 0x800'7c2d    0x38  Code  Gb  lib_mem.o [1]
Mem_SegCreate            0x800'7c65    0x22  Code  Gb  lib_mem.o [1]
Mem_SegCreateCritical    0x800'7c87    0x1e  Code  Lc  lib_mem.o [1]
Mem_SegHeadPtr          0x2001'20c0     0x4  Data  Gb  lib_mem.o [1]
Mem_SegHeap             0x2001'200c    0x14  Data  Gb  lib_mem.o [1]
Motor1PID               0x2000'0110    0x20  Data  Gb  C620.o [1]
Motor2PID               0x2000'0130    0x20  Data  Gb  C620.o [1]
Motor3PID               0x2000'0150    0x20  Data  Gb  C620.o [1]
Motor4PID               0x2000'0170    0x20  Data  Gb  C620.o [1]
Motor5PID               0x2000'0190    0x20  Data  Gb  C620.o [1]
Motor6PID               0x2000'01b0    0x20  Data  Gb  C620.o [1]
Motor7PID               0x2000'01d0    0x20  Data  Gb  C620.o [1]
Motor8PID               0x2000'01f0    0x20  Data  Gb  C620.o [1]
MotorData               0x2001'2070     0x8  Data  Gb  C620.o [1]
MotorData_C610          0x2001'2068     0x8  Data  Gb  C610.o [1]
MotorData_send          0x2001'1d94    0x40  Data  Gb  C620.o [1]
MotorData_send_C610     0x2001'1d54    0x40  Data  Gb  C610.o [1]
MotorData_v             0x2001'2090     0x8  Data  Gb  vesc.o [1]
MotorPID5               0x2000'0210    0x20  Data  Gb  C620.o [1]
MotorPID6               0x2000'0230    0x20  Data  Gb  C620.o [1]
MotorPID7               0x2000'0250    0x20  Data  Gb  C620.o [1]
MotorPID8               0x2000'0270    0x20  Data  Gb  C620.o [1]
MotorVal                0x2001'1e48    0x38  Data  Gb  C620.o [1]
MotorVal_C610           0x2001'1e10    0x38  Data  Gb  C610.o [1]
Motor_Analyze            0x800'27e5   0x1d2  Code  Gb  C620.o [1]
Motor_Analyze::i        0x2001'20b4     0x4  Data  Lc  C620.o [1]
Motor_Analyze_C610       0x800'6f35   0x1d2  Code  Gb  C610.o [1]
Motor_Analyze_C610::i   0x2001'20a4     0x4  Data  Lc  C610.o [1]
Motor_Analyze_vesc       0x800'6ead    0x7c  Code  Gb  vesc.o [1]
Motor_Analyze_vesc::i   0x2001'212c     0x4  Data  Lc  vesc.o [1]
Motor_Position_Ctrl      0x800'2b6d   0x308  Code  Gb  C620.o [1]
Motor_Speed_Ctrl_C620    0x800'29b7   0x1b6  Code  Gb  C620.o [1]
Mt                      0x2001'20a0     0x4  Data  Gb  app.o [1]
NMI_Handler              0x800'82f5     0x2  Code  Gb  stm32f4xx_it.o [1]
NVIC_Init                0x800'5c77    0x62  Code  Gb  misc.o [1]
NVIC_PriorityGroupConfig
                         0x800'5c6d     0xa  Code  Gb  misc.o [1]
OSCfg_DataSizeRAM        0x800'8ec4     0x4  Data  Gb  os_cfg_app.o [1]
OSCfg_ISRStk            0x2001'0880   0x400  Data  Gb  os_cfg_app.o [1]
OSCfg_ISRStkBasePtr      0x800'8e84     0x4  Data  Gb  os_cfg_app.o [1]
OSCfg_ISRStkSize         0x800'8e88     0x4  Data  Gb  os_cfg_app.o [1]
OSCfg_ISRStkSizeRAM      0x800'8e8c     0x4  Data  Gb  os_cfg_app.o [1]
OSCfg_IdleTaskStk       0x2001'0c80   0x200  Data  Gb  os_cfg_app.o [1]
OSCfg_IdleTaskStkBasePtr
                         0x800'8e60     0x4  Data  Gb  os_cfg_app.o [1]
OSCfg_IdleTaskStkLimit   0x800'8e78     0x4  Data  Gb  os_cfg_app.o [1]
OSCfg_IdleTaskStkSize    0x800'8e7c     0x4  Data  Gb  os_cfg_app.o [1]
OSCfg_IdleTaskStkSizeRAM
                         0x800'8e80     0x4  Data  Gb  os_cfg_app.o [1]
OSCfg_Init               0x800'53a9    0x94  Code  Gb  os_cfg_app.o [1]
OSCfg_MsgPool           0x2000'fbd0   0x4b0  Data  Gb  os_cfg_app.o [1]
OSCfg_MsgPoolBasePtr     0x800'8e94     0x4  Data  Gb  os_cfg_app.o [1]
OSCfg_MsgPoolSize        0x800'0fee     0x2  Data  Gb  os_cfg_app.o [1]
OSCfg_MsgPoolSizeRAM     0x800'8e90     0x4  Data  Gb  os_cfg_app.o [1]
OSCfg_StkSizeMin         0x800'8e98     0x4  Data  Gb  os_cfg_app.o [1]
OSCfg_TickRate_Hz        0x800'8e9c     0x4  Data  Gb  os_cfg_app.o [1]
OSCfg_TickTaskPrio       0x800'8c40     0x1  Data  Gb  os_cfg_app.o [1]
OSCfg_TickTaskStk       0x2001'0e80   0x200  Data  Gb  os_cfg_app.o [1]
OSCfg_TickTaskStkBasePtr
                         0x800'8ea0     0x4  Data  Gb  os_cfg_app.o [1]
OSCfg_TickTaskStkLimit   0x800'8ea4     0x4  Data  Gb  os_cfg_app.o [1]
OSCfg_TickTaskStkSize    0x800'8ea8     0x4  Data  Gb  os_cfg_app.o [1]
OSCfg_TickTaskStkSizeRAM
                         0x800'8eac     0x4  Data  Gb  os_cfg_app.o [1]
OSCfg_TmrTaskPrio        0x800'8c41     0x1  Data  Gb  os_cfg_app.o [1]
OSCfg_TmrTaskRate_Hz     0x800'8eb0     0x4  Data  Gb  os_cfg_app.o [1]
OSCfg_TmrTaskStk        0x2001'1080   0x200  Data  Gb  os_cfg_app.o [1]
OSCfg_TmrTaskStkBasePtr
                         0x800'8eb4     0x4  Data  Gb  os_cfg_app.o [1]
OSCfg_TmrTaskStkLimit    0x800'8eb8     0x4  Data  Gb  os_cfg_app.o [1]
OSCfg_TmrTaskStkSize     0x800'8ebc     0x4  Data  Gb  os_cfg_app.o [1]
OSCfg_TmrTaskStkSizeRAM
                         0x800'8ec0     0x4  Data  Gb  os_cfg_app.o [1]
OSCtxSw                  0x800'54d5          Code  Gb  os_cpu_a.o [1]
OSDbg_AppHooksEn         0x800'8cba     0x1  Data  Gb  os_dbg.o [1]
OSDbg_ArgChkEn           0x800'8cab     0x1  Data  Gb  os_dbg.o [1]
OSDbg_CalledFromISRChkEn
                         0x800'8cbb     0x1  Data  Gb  os_dbg.o [1]
OSDbg_DataSize           0x800'8ed0     0x4  Data  Gb  os_dbg.o [1]
OSDbg_DbgEn              0x800'8caa     0x1  Data  Gb  os_dbg.o [1]
OSDbg_EndiannessTest     0x800'8ec8     0x4  Data  Gb  os_dbg.o [1]
OSDbg_FlagDelEn          0x800'8ceb     0x1  Data  Gb  os_dbg.o [1]
OSDbg_FlagEn             0x800'8cea     0x1  Data  Gb  os_dbg.o [1]
OSDbg_FlagGrp            0x800'8ba8    0x24  Data  Gb  os_dbg.o [1]
OSDbg_FlagGrpSize        0x800'1066     0x2  Data  Gb  os_dbg.o [1]
OSDbg_FlagModeClrEn      0x800'9020     0x1  Data  Gb  os_dbg.o [1]
OSDbg_FlagPendAbortEn    0x800'9021     0x1  Data  Gb  os_dbg.o [1]
OSDbg_FlagWidth          0x800'1492     0x2  Data  Gb  os_dbg.o [1]
OSDbg_ISRPostDeferredEn
                         0x800'9022     0x1  Data  Gb  os_dbg.o [1]
OSDbg_Mem                0x800'8c44    0x20  Data  Gb  os_dbg.o [1]
OSDbg_MemEn              0x800'9023     0x1  Data  Gb  os_dbg.o [1]
OSDbg_MemSize            0x800'153a     0x2  Data  Gb  os_dbg.o [1]
OSDbg_MsgEn              0x800'9024     0x1  Data  Gb  os_dbg.o [1]
OSDbg_MsgPoolSize        0x800'160a     0x2  Data  Gb  os_dbg.o [1]
OSDbg_MsgQSize           0x800'1746     0x2  Data  Gb  os_dbg.o [1]
OSDbg_MsgSize            0x800'15da     0x2  Data  Gb  os_dbg.o [1]
OSDbg_Mutex              0x800'8b54    0x2c  Data  Gb  os_dbg.o [1]
OSDbg_MutexDelEn         0x800'9026     0x1  Data  Gb  os_dbg.o [1]
OSDbg_MutexEn            0x800'9025     0x1  Data  Gb  os_dbg.o [1]
OSDbg_MutexPendAbortEn   0x800'9027     0x1  Data  Gb  os_dbg.o [1]
OSDbg_MutexSize          0x800'1782     0x2  Data  Gb  os_dbg.o [1]
OSDbg_ObjTypeChkEn       0x800'9028     0x1  Data  Gb  os_dbg.o [1]
OSDbg_PendDataSize       0x800'17a6     0x2  Data  Gb  os_dbg.o [1]
OSDbg_PendListSize       0x800'188a     0x2  Data  Gb  os_dbg.o [1]
OSDbg_PendMultiEn        0x800'9029     0x1  Data  Gb  os_dbg.o [1]
OSDbg_PendObjSize        0x800'1ad2     0x2  Data  Gb  os_dbg.o [1]
OSDbg_PrioMax            0x800'1b16     0x2  Data  Gb  os_dbg.o [1]
OSDbg_PrioTblSize        0x800'1b26     0x2  Data  Gb  os_dbg.o [1]
OSDbg_PtrSize            0x800'1b2a     0x2  Data  Gb  os_dbg.o [1]
OSDbg_Q                  0x800'8a94    0x30  Data  Gb  os_dbg.o [1]
OSDbg_QDelEn             0x800'902b     0x1  Data  Gb  os_dbg.o [1]
OSDbg_QEn                0x800'902a     0x1  Data  Gb  os_dbg.o [1]
OSDbg_QFlushEn           0x800'902c     0x1  Data  Gb  os_dbg.o [1]
OSDbg_QPendAbortEn       0x800'902d     0x1  Data  Gb  os_dbg.o [1]
OSDbg_QSize              0x800'1ca6     0x2  Data  Gb  os_dbg.o [1]
OSDbg_RdyList            0x800'5a42     0x2  Data  Gb  os_dbg.o [1]
OSDbg_RdyListSize        0x800'8ecc     0x4  Data  Gb  os_dbg.o [1]
OSDbg_SchedRoundRobinEn
                         0x800'902e     0x1  Data  Gb  os_dbg.o [1]
OSDbg_Sem                0x800'8bcc    0x24  Data  Gb  os_dbg.o [1]
OSDbg_SemDelEn           0x800'9030     0x1  Data  Gb  os_dbg.o [1]
OSDbg_SemEn              0x800'902f     0x1  Data  Gb  os_dbg.o [1]
OSDbg_SemPendAbortEn     0x800'9031     0x1  Data  Gb  os_dbg.o [1]
OSDbg_SemSetEn           0x800'9032     0x1  Data  Gb  os_dbg.o [1]
OSDbg_SemSize            0x800'277a     0x2  Data  Gb  os_dbg.o [1]
OSDbg_StatTaskEn         0x800'9034     0x1  Data  Gb  os_dbg.o [1]
OSDbg_StatTaskStkChkEn   0x800'9035     0x1  Data  Gb  os_dbg.o [1]
OSDbg_StkWidth           0x800'9033     0x1  Data  Gb  os_dbg.o [1]
OSDbg_TCBSize            0x800'85f2     0x2  Data  Gb  os_dbg.o [1]
OSDbg_TaskChangePrioEn   0x800'9036     0x1  Data  Gb  os_dbg.o [1]
OSDbg_TaskDelEn          0x800'9037     0x1  Data  Gb  os_dbg.o [1]
OSDbg_TaskProfileEn      0x800'903a     0x1  Data  Gb  os_dbg.o [1]
OSDbg_TaskQEn            0x800'9038     0x1  Data  Gb  os_dbg.o [1]
OSDbg_TaskQPendAbortEn   0x800'9039     0x1  Data  Gb  os_dbg.o [1]
OSDbg_TaskRegTblSize     0x800'6836     0x2  Data  Gb  os_dbg.o [1]
OSDbg_TaskSemPendAbortEn
                         0x800'903b     0x1  Data  Gb  os_dbg.o [1]
OSDbg_TaskSuspendEn      0x800'903c     0x1  Data  Gb  os_dbg.o [1]
OSDbg_TickListSize       0x800'86de     0x2  Data  Gb  os_dbg.o [1]
OSDbg_TimeDlyHMSMEn      0x800'903d     0x1  Data  Gb  os_dbg.o [1]
OSDbg_TimeDlyResumeEn    0x800'903e     0x1  Data  Gb  os_dbg.o [1]
OSDbg_Tmr                0x800'8ac4    0x30  Data  Gb  os_dbg.o [1]
OSDbg_TmrDelEn           0x800'9040     0x1  Data  Gb  os_dbg.o [1]
OSDbg_TmrEn              0x800'903f     0x1  Data  Gb  os_dbg.o [1]
OSDbg_TmrSize            0x800'88c6     0x2  Data  Gb  os_dbg.o [1]
OSDbg_VersionNbr         0x800'8a56     0x2  Data  Gb  os_dbg.o [1]
OSFlagCreate             0x800'7cd5    0x3a  Code  Gb  os_flag.o [1]
OSFlagDbgListPtr        0x2001'20ec     0x4  Data  Gb  os_var.o [1]
OSFlagQty               0x2001'213c     0x2  Data  Gb  os_var.o [1]
OSIdleTaskCtr           0x2001'20e8     0x4  Data  Gb  os_var.o [1]
OSIdleTaskTCB           0x2001'1a24    0xb0  Data  Gb  os_var.o [1]
OSInit                   0x800'3875   0x114  Code  Gb  os_core.o [1]
OSInitHook               0x800'40b5    0x2a  Code  Gb  os_cpu_c.o [1]
OSInitialized           0x2001'2154     0x1  Data  Gb  os_var.o [1]
OSIntCtxSw               0x800'54dd          Code  Gb  os_cpu_a.o [1]
OSIntEnter               0x800'3989    0x1c  Code  Gb  os_core.o [1]
OSIntExit                0x800'39a5    0xc4  Code  Gb  os_core.o [1]
OSIntNestingCtr         0x2001'2152     0x1  Data  Gb  os_var.o [1]
OSMemDbgListPtr         0x2001'20f0     0x4  Data  Gb  os_var.o [1]
OSMemQty                0x2001'213e     0x2  Data  Gb  os_var.o [1]
OSMsgPool               0x2001'2020     0xc  Data  Gb  os_var.o [1]
OSMutexCreate            0x800'56ad    0x46  Code  Gb  os_mutex.o [1]
OSMutexDbgListPtr       0x2001'20f4     0x4  Data  Gb  os_var.o [1]
OSMutexPend              0x800'56f3   0x12c  Code  Gb  os_mutex.o [1]
OSMutexPost              0x800'581f   0x132  Code  Gb  os_mutex.o [1]
OSMutexQty              0x2001'2140     0x2  Data  Gb  os_var.o [1]
OSPrioCur               0x2001'2155     0x1  Data  Gb  os_var.o [1]
OSPrioHighRdy           0x2001'2156     0x1  Data  Gb  os_var.o [1]
OSPrioTbl               0x2001'20e4     0x4  Data  Gb  os_prio.o [1]
OSQDbgListPtr           0x2001'20f8     0x4  Data  Gb  os_var.o [1]
OSQQty                  0x2001'2142     0x2  Data  Gb  os_var.o [1]
OSRdyList               0x2001'15e0   0x180  Data  Gb  os_var.o [1]
OSRedzoneHitHook         0x800'40df     0x8  Code  Gb  os_cpu_c.o [1]
OSRunning               0x2001'2153     0x1  Data  Gb  os_var.o [1]
OSSched                  0x800'3a69    0x72  Code  Gb  os_core.o [1]
OSSchedLock              0x800'3adb    0x3c  Code  Gb  os_core.o [1]
OSSchedLockNestingCtr   0x2001'2157     0x1  Data  Gb  os_var.o [1]
OSSchedUnlock            0x800'3b17    0x56  Code  Gb  os_core.o [1]
OSSemCreate              0x800'7d41    0x36  Code  Gb  os_sem.o [1]
OSSemDbgListPtr         0x2001'20fc     0x4  Data  Gb  os_var.o [1]
OSSemQty                0x2001'2144     0x2  Data  Gb  os_var.o [1]
OSStart                  0x800'3b6d    0x80  Code  Gb  os_core.o [1]
OSStartHighRdy           0x800'545b          Code  Gb  os_cpu_a.o [1]
OSTCBCurPtr             0x2001'2120     0x4  Data  Gb  os_var.o [1]
OSTCBHighRdyPtr         0x2001'2124     0x4  Data  Gb  os_var.o [1]
OSTaskCreate             0x800'4385   0x142  Code  Gb  os_task.o [1]
OSTaskCreateHook         0x800'40e7     0x2  Code  Gb  os_cpu_c.o [1]
OSTaskCtxSwCtr          0x2001'2100     0x4  Data  Gb  os_var.o [1]
OSTaskDbgListPtr        0x2001'2104     0x4  Data  Gb  os_var.o [1]
OSTaskDel                0x800'44c7   0x152  Code  Gb  os_task.o [1]
OSTaskDelHook            0x800'40e9     0x2  Code  Gb  os_cpu_c.o [1]
OSTaskQty               0x2001'2146     0x2  Data  Gb  os_var.o [1]
OSTaskRegNextAvailID    0x2001'2158     0x1  Data  Gb  os_var.o [1]
OSTaskReturnHook         0x800'40eb     0x2  Code  Gb  os_cpu_c.o [1]
OSTaskSemPend            0x800'4619    0xb2  Code  Gb  os_task.o [1]
OSTaskSemPost            0x800'46cb     0xe  Code  Gb  os_task.o [1]
OSTaskStkInit            0x800'40ed   0x15e  Code  Gb  os_cpu_c.o [1]
OSTaskStkRedzoneChk      0x800'46d9    0x32  Code  Gb  os_task.o [1]
OSTaskSwHook             0x800'424b    0x5c  Code  Gb  os_cpu_c.o [1]
OSTickCtr               0x2001'2108     0x4  Data  Gb  os_var.o [1]
OSTickListDly           0x2001'2080     0x8  Data  Gb  os_var.o [1]
OSTickListTimeout       0x2001'2088     0x8  Data  Gb  os_var.o [1]
OSTickTaskTCB           0x2001'1ad4    0xb0  Data  Gb  os_var.o [1]
OSTimeDlyHMSM            0x800'5569    0xd2  Code  Gb  os_time.o [1]
OSTimeGet                0x800'563b    0x18  Code  Gb  os_time.o [1]
OSTimeTick               0x800'5653    0x38  Code  Gb  os_time.o [1]
OSTimeTickHook           0x800'42a7     0x2  Code  Gb  os_cpu_c.o [1]
OSTmrDbgListPtr         0x2001'210c     0x4  Data  Gb  os_var.o [1]
OSTmrListEntries        0x2001'2148     0x2  Data  Gb  os_var.o [1]
OSTmrListPtr            0x2001'2110     0x4  Data  Gb  os_var.o [1]
OSTmrMutex              0x2001'1ee0    0x2c  Data  Gb  os_var.o [1]
OSTmrTaskTCB            0x2001'1b84    0xb0  Data  Gb  os_var.o [1]
OSTmrTickCtr            0x2001'2114     0x4  Data  Gb  os_var.o [1]
OSTmrUpdateCnt          0x2001'2118     0x4  Data  Gb  os_var.o [1]
OSTmrUpdateCtr          0x2001'211c     0x4  Data  Gb  os_var.o [1]
OS_CPU_ExceptStkBase    0x2001'20e0     0x4  Data  Gb  os_cpu_c.o [1]
OS_CPU_FP_Reg_Pop        0x800'544f          Code  Gb  os_cpu_a.o [1]
OS_CPU_FP_Reg_Push       0x800'543d          Code  Gb  os_cpu_a.o [1]
OS_CPU_SysTickInit       0x800'42c5    0x2c  Code  Gb  os_cpu_c.o [1]
OS_Dbg_Init              0x800'5209   0x1a0  Code  Gb  os_dbg.o [1]
OS_FlagDbgListAdd        0x800'7d0f    0x22  Code  Gb  os_flag.o [1]
OS_IdleTask              0x800'3bed    0x18  Code  Gb  os_core.o [1]
OS_IdleTaskInit          0x800'3c05    0x50  Code  Gb  os_core.o [1]
OS_MemInit               0x800'4b29    0x12  Code  Gb  os_mem.o [1]
OS_MsgPoolInit           0x800'4b45    0x5a  Code  Gb  os_msg.o [1]
OS_MsgQFreeAll           0x800'4b9f    0x3e  Code  Gb  os_msg.o [1]
OS_MsgQInit              0x800'4bdd    0x14  Code  Gb  os_msg.o [1]
OS_MutexDbgListAdd       0x800'5951    0x22  Code  Gb  os_mutex.o [1]
OS_MutexGrpAdd           0x800'5991     0x8  Code  Gb  os_mutex.o [1]
OS_MutexGrpPostAll       0x800'59e9    0x5a  Code  Gb  os_mutex.o [1]
OS_MutexGrpPrioFindHighest
                         0x800'59af    0x3a  Code  Gb  os_mutex.o [1]
OS_MutexGrpRemove        0x800'5999    0x16  Code  Gb  os_mutex.o [1]
OS_Pend                  0x800'3c55    0x4e  Code  Gb  os_core.o [1]
OS_PendDataInit          0x800'3ca3    0x1a  Code  Gb  os_core.o [1]
OS_PendDbgNameAdd        0x800'3cbd    0x42  Code  Gb  os_core.o [1]
OS_PendDbgNameRemove     0x800'3cff    0x20  Code  Gb  os_core.o [1]
OS_PendListChangePrio    0x800'3d1f    0x34  Code  Gb  os_core.o [1]
OS_PendListInit          0x800'3d53     0xe  Code  Gb  os_core.o [1]
OS_PendListInsertPrio    0x800'3d61    0x72  Code  Gb  os_core.o [1]
OS_PendListRemove        0x800'3dd3    0x2c  Code  Gb  os_core.o [1]
OS_PendListRemove1       0x800'3dff    0x4a  Code  Gb  os_core.o [1]
OS_Post                  0x800'3e49    0xa4  Code  Gb  os_core.o [1]
OS_PrioGetHighest        0x800'4ac9    0x14  Code  Gb  os_prio.o [1]
OS_PrioInit              0x800'4ab5    0x14  Code  Gb  os_prio.o [1]
OS_PrioInsert            0x800'4add    0x22  Code  Gb  os_prio.o [1]
OS_PrioRemove            0x800'4aff    0x24  Code  Gb  os_prio.o [1]
OS_RdyListInit           0x800'3eed    0x22  Code  Gb  os_core.o [1]
OS_RdyListInsert         0x800'3f0f    0x28  Code  Gb  os_core.o [1]
OS_RdyListInsertHead     0x800'3f3d    0x3a  Code  Gb  os_core.o [1]
OS_RdyListInsertTail     0x800'3f77    0x38  Code  Gb  os_core.o [1]
OS_RdyListRemove         0x800'3faf    0x5c  Code  Gb  os_core.o [1]
OS_SemDbgListAdd         0x800'7d77    0x22  Code  Gb  os_sem.o [1]
OS_TaskBlock             0x800'400b    0x28  Code  Gb  os_core.o [1]
OS_TaskChangePrio        0x800'49b5    0xe2  Code  Gb  os_task.o [1]
OS_TaskDbgListAdd        0x800'470b    0x28  Code  Gb  os_task.o [1]
OS_TaskDbgListRemove     0x800'4733    0x4c  Code  Gb  os_task.o [1]
OS_TaskInit              0x800'477f    0x1e  Code  Gb  os_task.o [1]
OS_TaskInitTCB           0x800'479d    0xfc  Code  Gb  os_task.o [1]
OS_TaskReturn            0x800'4899    0x14  Code  Gb  os_task.o [1]
OS_TaskSemPost           0x800'48ad    0xba  Code  Gb  os_task.o [1]
OS_TaskStkRedzoneChk     0x800'4967    0x22  Code  Gb  os_task.o [1]
OS_TaskStkRedzoneInit    0x800'4989    0x18  Code  Gb  os_task.o [1]
OS_TickListInsert        0x800'4cdf    0x8c  Code  Gb  os_tick.o [1]
OS_TickListInsertDly     0x800'4d6b    0x90  Code  Gb  os_tick.o [1]
OS_TickListRemove        0x800'4dfb    0x70  Code  Gb  os_tick.o [1]
OS_TickListUpdateDly     0x800'4e6b    0x86  Code  Lc  os_tick.o [1]
OS_TickListUpdateTimeout
                         0x800'4ef1   0x108  Code  Lc  os_tick.o [1]
OS_TickTask              0x800'4bfd    0x3e  Code  Gb  os_tick.o [1]
OS_TickTaskInit          0x800'4c3b    0xa4  Code  Gb  os_tick.o [1]
OS_TmrInit               0x800'5029    0xc6  Code  Gb  os_tmr.o [1]
OS_TmrLock               0x800'519d    0x16  Code  Lc  os_tmr.o [1]
OS_TmrTask               0x800'512d    0x70  Code  Gb  os_tmr.o [1]
OS_TmrUnlink             0x800'50ef    0x3a  Code  Gb  os_tmr.o [1]
OS_TmrUnlock             0x800'51b3    0x10  Code  Lc  os_tmr.o [1]
PIDCal                   0x800'2ec9    0xba  Code  Gb  PID.o [1]
PIDCal_pos               0x800'2f89   0x290  Code  Gb  PID.o [1]
PendSV_Handler           0x800'54e5          Code  Gb  os_cpu_a.o [1]
Pre_capture              0x800'7107    0x2a  Code  Gb  C610.o [1]
R1V2_Data_Count          0x800'63c1   0x148  Code  Gb  r1v2.o [1]
R1V2_RX_BUF             0x2001'1fc0    0x1c  Data  Gb  r1v2.o [1]
RCC_AHB1PeriphClockCmd   0x800'5bb9    0x1c  Code  Gb  stm32f4xx_rcc.o [1]
RCC_APB1PeriphClockCmd   0x800'5bd5    0x1c  Code  Gb  stm32f4xx_rcc.o [1]
RCC_APB1PeriphResetCmd   0x800'5c0d    0x1c  Code  Gb  stm32f4xx_rcc.o [1]
RCC_APB2PeriphClockCmd   0x800'5bf1    0x1c  Code  Gb  stm32f4xx_rcc.o [1]
RCC_APB2PeriphResetCmd   0x800'5c29    0x1c  Code  Gb  stm32f4xx_rcc.o [1]
RCC_GetClocksFreq        0x800'5afd    0xbc  Code  Gb  stm32f4xx_rcc.o [1]
Re_capture               0x800'724d   0x150  Code  Gb  C610.o [1]
Region$$Table$$Base      0x800'8c14           --   Gb  - Linker created -
Region$$Table$$Limit     0x800'8c40           --   Gb  - Linker created -
RelayReady              0x2001'1f30    0x24  Data  Gb  app.o [1]
RoboMotion              0x2001'1e80    0x30  Data  Gb  RobotCtrl.o [1]
RoboMotionC620          0x2001'1eb0    0x30  Data  Gb  RobotCtrl.o [1]
RobotPos                0x2001'1fdc    0x1c  Data  Gb  RobotCtrl.o [1]
Robot_Pos_Ctrl           0x800'1ea9   0x11e  Code  Gb  RobotCtrl.o [1]
Robot_Position_Update    0x800'2461    0x8e  Code  Gb  RobotCtrl.o [1]
Robot_Speed_C620         0x800'21e5   0x27a  Code  Gb  RobotCtrl.o [1]
Robot_Speed_Ctrl         0x800'1fc9   0x206  Code  Gb  RobotCtrl.o [1]
Rx_Sta                  0x2001'2159     0x1  Data  Gb  r1v2.o [1]
SBUS_init                0x800'6261    0xbc  Code  Gb  r1v2.o [1]
SVC_Handler              0x800'8405     0x2  Code  Gb  stm32f4xx_it.o [1]
Send_Velocity            0x800'25d9    0x32  Code  Gb  RobotCtrl.o [1]
Sendwheel_Vel            0x800'1e79    0x2e  Code  Gb  RobotCtrl.o [1]
SetMotor_speed_VESC      0x800'6e7f    0x2e  Code  Gb  vesc.o [1]
SetSysClock              0x800'808b    0xc8  Code  Lc  system_stm32f4xx.o [1]
Speed_Limit             0x2000'03c8     0x4  Data  Gb  RobotCtrl.o [1]
Stepper_Motor           0x2000'0290    0x20  Data  Gb  PID.o [1]
Stepper_Motor_PID        0x800'3235   0x168  Code  Gb  PID.o [1]
SyncSem                 0x2001'1f0c    0x24  Data  Gb  app.o [1]
SysTick_Handler          0x800'42a9    0x1c  Code  Gb  os_cpu_c.o [1]
SystemInit               0x800'8045    0x46  Code  Gb  system_stm32f4xx.o [1]
TIM2_IRQHandler          0x800'7dd1   0x132  Code  Gb  motor.o [1]
TIM5_IRQHandler          0x800'66f9    0x22  Code  Gb  tim.o [1]
TIM5_Init                0x800'6695    0x64  Code  Gb  tim.o [1]
TIM5_num                0x2001'2128     0x4  Data  Gb  tim.o [1]
TIM_ClearITPendingBit    0x800'778d     0x8  Code  Gb  stm32f4xx_tim.o [1]
TIM_Cmd                  0x800'7717    0x1c  Code  Gb  stm32f4xx_tim.o [1]
TIM_GetITStatus          0x800'7769    0x24  Code  Gb  stm32f4xx_tim.o [1]
TIM_ITConfig             0x800'7751    0x18  Code  Gb  stm32f4xx_tim.o [1]
TIM_SetCounter           0x800'7713     0x4  Code  Gb  stm32f4xx_tim.o [1]
TIM_TimeBaseInit         0x800'76a9    0x6a  Code  Gb  stm32f4xx_tim.o [1]
TaskBTcom                0x800'78f9   0x29a  Code  Lc  app.o [1]
TaskBTcomStk            0x2001'0480   0x400  Data  Lc  app.o [1]
TaskBTcomTCB            0x2001'1974    0xb0  Data  Gb  app.o [1]
TaskSpeedCtrl            0x800'78bd    0x3c  Code  Lc  app.o [1]
TaskSpeedCtrlStk        0x2000'f3d0   0x800  Data  Lc  app.o [1]
TaskSpeedCtrlTCB        0x2001'18c4    0xb0  Data  Lc  app.o [1]
TaskStart                0x800'77e9    0xd4  Code  Lc  app.o [1]
TaskStartStk            0x2001'0080   0x400  Data  Lc  app.o [1]
TaskStartTCB            0x2001'1814    0xb0  Data  Lc  app.o [1]
Theta_Limit             0x2000'03cc     0x4  Data  Gb  RobotCtrl.o [1]
Tick                    0x2001'2058     0x8  Data  Gb  app.o [1]
USART1_IRQHandler        0x800'631d    0xa4  Code  Gb  r1v2.o [1]
USART3_IRQHandler        0x800'65ed    0x90  Code  Gb  BT.o [1]
USART_ClearITPendingBit
                         0x800'7689    0x20  Code  Gb  stm32f4xx_usart.o [1]
USART_Cmd                0x800'7579    0x1c  Code  Gb  stm32f4xx_usart.o [1]
USART_DeInit             0x800'73c1    0xda  Code  Gb  stm32f4xx_usart.o [1]
USART_GetFlagStatus      0x800'760b    0x1a  Code  Gb  stm32f4xx_usart.o [1]
USART_GetITStatus        0x800'7625    0x64  Code  Gb  stm32f4xx_usart.o [1]
USART_ITConfig           0x800'75b7    0x54  Code  Gb  stm32f4xx_usart.o [1]
USART_Init               0x800'749b    0xb8  Code  Gb  stm32f4xx_usart.o [1]
USART_OverSampling8Cmd   0x800'7595    0x1a  Code  Gb  stm32f4xx_usart.o [1]
USART_ReceiveData        0x800'75af     0x8  Code  Gb  stm32f4xx_usart.o [1]
UsageFault_Handler       0x800'8403     0x2  Code  Gb  stm32f4xx_it.o [1]
VelxPID1                0x2000'02b0    0x20  Data  Gb  PID.o [1]
VelxPID2                0x2000'02f0    0x20  Data  Gb  PID.o [1]
VelyPID1                0x2000'02d0    0x20  Data  Gb  PID.o [1]
VelyPID2                0x2000'0310    0x20  Data  Gb  PID.o [1]
_Close_all               0x800'8a59    0x3c  Code  Gb  xcloseall.o [2]
_Files                  0x2000'0370    0x20  Data  Gb  xfiles.o [2]
_Fofree                  0x800'88c9    0x86  Code  Gb  xfofind.o [2]
_Fspos                   0x800'8409    0xd8  Code  Gb  xfspos.o [2]
_Fwprep                  0x800'8753    0xb4  Code  Gb  xfwprep.o [2]
_GenldFullNoMb           0x800'0c9d   0x274  Code  Lc  xprintffull_nomb.o [2]
_LdtobFullNoMb           0x800'0899   0x3d6  Code  Lc  xprintffull_nomb.o [2]
_LitobFullNoMb           0x800'0749   0x10a  Code  Lc  xprintffull_nomb.o [2]
_Locale_lconv           0x2000'00d8    0x38  Data  Lc  xlocale_c.o [2]
_Nnl                     0x800'858d     0xc  Code  Gb  xfgpos.o [2]
_PrintfFullNoMb          0x800'01ad   0x19e  Code  Gb  xprintffull_nomb.o [2]
_Prout                   0x800'8cd5    0x16  Code  Gb  xprout.o [2]
_PutcharsFullNoMb        0x800'0f11    0x2e  Code  Lc  xprintffull_nomb.o [2]
_PutfldFullNoMb          0x800'03d5   0x268  Code  Lc  xprintffull_nomb.o [2]
_PuttxtFullNoMb          0x800'063d   0x10c  Code  Lc  xprintffull_nomb.o [2]
__aeabi_cdcmple          0x800'15ad          Code  Gb  DblCmpLe.o [3]
__aeabi_cdrcmple         0x800'15dd          Code  Gb  DblCmpGe.o [3]
__aeabi_d2f              0x800'277d          Code  Gb  DblToFlt.o [3]
__aeabi_d2iz             0x800'1749          Code  Gb  DblToS32.o [3]
__aeabi_d2uiz            0x800'1ad5          Code  Gb  DblToU32.o [3]
__aeabi_dadd             0x800'1b2d          Code  Gb  DblAdd.o [3]
__aeabi_ddiv             0x800'188d          Code  Gb  DblDiv.o [3]
__aeabi_dmul             0x800'12f1          Code  Gb  DblMul.o [3]
__aeabi_dsub             0x800'17a9          Code  Gb  DblSub.o [3]
__aeabi_f2d              0x800'2715          Code  Gb  FltToDbl.o [3]
__aeabi_i2d              0x800'1785          Code  Gb  S32ToDbl.o [3]
__aeabi_l2f              0x800'381d          Code  Gb  S64ToFlt.o [3]
__aeabi_ldiv0            0x800'1b29          Code  Gb  I64DivZer.o [4]
__aeabi_memcpy           0x800'1495          Code  Gb  ABImemcpy.o [4]
__aeabi_memcpy4          0x800'14b5          Code  Gb  ABImemcpy.o [4]
__aeabi_memcpy8          0x800'14b5          Code  Gb  ABImemcpy.o [4]
__aeabi_ui2d             0x800'1afd          Code  Gb  U32ToDbl.o [3]
__aeabi_uldivmod         0x800'10c1          Code  Gb  I64DivMod.o [4]
__basic_free             0x800'8235    0x16  Code  Gb  heap0.o [2]
__basic_free_intern      0x800'824b    0x7a  Code  Lc  heap0.o [2]
__basic_malloc           0x800'8189    0x18  Code  Gb  heap0.o [2]
__basic_malloc_intern    0x800'81a1    0x94  Code  Lc  heap0.o [2]
__cexit_closeall         0x800'8caf          Code  Gb  cexit.o [4]
__close                  0x800'89d7    0x18  Code  Gb  close.o [5]
__cmain                  0x800'8c85          Code  Gb  cmain.o [4]
__cstart_closeall        0x800'9044          Data  Gb  cstart_closeall.o [4]
__data_GetMemChunk       0x800'82c9    0x2c  Code  Gb  xgetmemchunk.o [2]
__data_GetMemChunk::start
                        0x2001'2130     0x4  Data  Lc  xgetmemchunk.o [2]
__dwrite                 0x800'86c1    0x1e  Code  Gb  dwrite.o [5]
__exit                   0x800'1ca9    0x14  Code  Gb  exit.o [5]
__iar_Fail_s             0x800'0ff1    0x1c  Code  Gb  xfail_s.o [2]
__iar_Memchr             0x800'1069          Code  Gb  memchr.o [4]
__iar_Sin64              0x800'33d9   0x3aa  Code  Lc  cos_sin64.o [3]
__iar_Stderr            0x2000'0090    0x48  Data  Gb  xfiles.o [2]
__iar_Stdin             0x2000'0000    0x48  Data  Gb  xfiles.o [2]
__iar_Stdout            0x2000'0048    0x48  Data  Gb  xfiles.o [2]
__iar_Strchr             0x800'0fd9          Code  Gb  strchr.o [4]
__iar_cos64              0x800'3815     0x4  Code  Gb  cos_sin64.o [3]
__iar_cos_medium         0x800'3815     0x4  Code  Gb  cos_sin64.o [3]
__iar_cos_medium64       0x800'3815     0x4  Code  Gb  cos_sin64.o [3]
__iar_cos_mediuml        0x800'3815     0x4  Code  Gb  cos_sin64.o [3]
__iar_dadd               0x800'17b9          Code  Gb  DblSub.o [3]
__iar_data_init3         0x800'8b81    0x28  Code  Gb  data_init.o [4]
__iar_dsub               0x800'1b3d          Code  Gb  DblAdd.o [3]
__iar_dsubStart          0x800'1b4f          Code  Gb  DblAdd.o [3]
__iar_frexp              0x800'1549          Code  Gb  frexp.o [3]
__iar_frexpl             0x800'1549          Code  Gb  frexp.o [3]
__iar_init_vfp           0x800'8bf1          Code  Gb  fpinit_M.o [3]
__iar_ldexp64            0x800'160d          Code  Gb  ldexp.o [3]
__iar_packbits_init3     0x800'882b    0x9c  Code  Gb  packbits_init.o [4]
__iar_program_start      0x800'8e35          Code  Gb  cstartup_M.o [4]
__iar_scalbln64          0x800'160d          Code  Gb  ldexp.o [3]
__iar_scalbn64           0x800'160d          Code  Gb  ldexp.o [3]
__iar_sh_Discard         0x800'85f5    0x42  Code  Gb  XShHandles.o [2]
__iar_sh_Move            0x800'8637    0x46  Code  Gb  XShHandles.o [2]
__iar_sh_Pos             0x800'867d    0x3e  Code  Gb  XShHandles.o [2]
__iar_sh_stdout_swo      0x800'86e1    0x50  Code  Gb  iarwstdswo.o [5]
__iar_sh_write           0x800'8731    0x22  Code  Gb  iarwrite.o [5]
__iar_sin64              0x800'3819     0x4  Code  Gb  cos_sin64.o [3]
__iar_sin_medium         0x800'3819     0x4  Code  Gb  cos_sin64.o [3]
__iar_sin_medium64       0x800'3819     0x4  Code  Gb  cos_sin64.o [3]
__iar_sin_mediuml        0x800'3819     0x4  Code  Gb  cos_sin64.o [3]
__iar_softfp___iar_frexp64
                         0x800'153d          Code  Gb  frexp.o [3]
__iar_softfp_frexp       0x800'153d          Code  Gb  frexp.o [3]
__iar_softfp_frexpl      0x800'153d          Code  Gb  frexp.o [3]
__iar_vfp_cos            0x800'2763     0xc  Code  Gb  math_wrappers64.o [3]
__iar_vfp_sin            0x800'276f     0xc  Code  Gb  math_wrappers64.o [3]
__iar_zero_init3         0x800'0f9f    0x3a  Code  Gb  zero_init3.o [4]
__low_level_init         0x800'8ca3     0x4  Code  Gb  low_level_init.o [2]
__lseek                  0x800'8599    0x4a  Code  Gb  lseek.o [5]
__vector_table           0x800'0000          Data  Gb  startup_stm32f427xx.o [1]
__write                  0x800'85e3    0x10  Code  Gb  write.o [5]
_call_main               0x800'8c91          Code  Gb  cmain.o [4]
_exit                    0x800'8cad          Code  Gb  cexit.o [4]
_main                    0x800'8c9f          Code  Gb  cmain.o [4]
a                        0x800'8e68     0x8  Data  Gb  RobotCtrl.o [1]
abort                    0x800'1b21     0x6  Code  Gb  abort.o [2]
b                        0x800'8e70     0x8  Data  Gb  RobotCtrl.o [1]
buffer_append_int32      0x800'6e4d    0x32  Code  Gb  vesc.o [1]
capture_flag            0x2000'03b0     0x4  Data  Gb  app.o [1]
claparg_2006            0x2000'03c0     0x4  Data  Gb  C610.o [1]
cos                      0x800'3815     0x4  Code  Gb  cos_sin64.o [3]
cosl                     0x800'3815     0x4  Code  Gb  cos_sin64.o [3]
current_position        0x2001'20cc     0x4  Data  Gb  motor.o [1]
deadarea_jugde           0x800'2621    0xac  Code  Gb  RobotCtrl.o [1]
direction               0x2001'20d4     0x4  Data  Gb  motor.o [1]
ebuf                    0x2001'1cb4    0x50  Data  Lc  xfiles.o [2]
err                     0x2001'2138     0x2  Data  Gb  app.o [1]
exit                     0x800'8ca7     0x4  Code  Gb  exit.o [2]
fclose                   0x800'8959    0x7e  Code  Gb  fclose.o [2]
fflush                   0x800'8555    0x34  Code  Gb  fflush.o [2]
fflushOne                0x800'84e1    0x74  Code  Lc  fflush.o [2]
fputc                    0x800'8a03    0x54  Code  Gb  fputc.o [2]
free                     0x800'8955     0x4  Code  Gb  heaptramp0.o [2]
fseek                    0x800'8807    0x24  Code  Gb  fseek.o [2]
get_position             0x800'7fcd    0x24  Code  Gb  motor.o [1]
hard_fault_handler_c     0x800'82f7    0xa0  Code  Gb  stm32f4xx_it.o [1]
initparg_2006           0x2001'20a8     0x4  Data  Gb  C610.o [1]
initparg_3508           0x2001'20ac     0x4  Data  Gb  C610.o [1]
last_count              0x2001'20dc     0x4  Data  Gb  motor.o [1]
ldexp                    0x800'160d          Code  Gb  ldexp.o [3]
ldexpl                   0x800'160d          Code  Gb  ldexp.o [3]
localeconv               0x800'1b19     0x4  Code  Gb  xlocale_c.o [2]
main                     0x800'7795    0x52  Code  Gb  app.o [1]
memchr                   0x800'1069          Code  Gb  memchr.o [4]
obuf                    0x2001'1d04    0x50  Data  Lc  xfiles.o [2]
openparg_2006           0x2000'03b8     0x4  Data  Gb  C610.o [1]
overparg_3508           0x2000'03bc     0x4  Data  Gb  C610.o [1]
posxPID                 0x2000'0330    0x20  Data  Gb  PID.o [1]
posyPID                 0x2000'0350    0x20  Data  Gb  PID.o [1]
power_init               0x800'6219    0x3a  Code  Gb  led.o [1]
preTick                 0x2001'2050     0x8  Data  Gb  app.o [1]
pre_count               0x2001'20d8     0x4  Data  Gb  motor.o [1]
present                 0x2001'202c     0xc  Data  Gb  RobotCtrl.o [1]
printf                   0x800'7da9    0x28  Code  Gb  printf.o [2]
putchar                  0x800'8ced     0xc  Code  Gb  putchar.o [2]
release_flag            0x2000'03b4     0x4  Data  Gb  app.o [1]
releaseparg_2006        0x2000'03c4     0x4  Data  Gb  C610.o [1]
remove                   0x800'89ef    0x14  Code  Gb  remove.o [5]
res                     0x2001'214a     0x1  Data  Gb  BT.o [1]
robo                    0x2001'2038     0xc  Data  Gb  RobotCtrl.o [1]
sFileInfo               0x2001'1c34    0x80  Data  Lc  XShHandles.o [2]
scalbln                  0x800'160d          Code  Gb  ldexp.o [3]
scalblnl                 0x800'160d          Code  Gb  ldexp.o [3]
scalbn                   0x800'160d          Code  Gb  ldexp.o [3]
scalbnl                  0x800'160d          Code  Gb  ldexp.o [3]
scale                    0x800'0853    0x46  Code  Lc  xprintffull_nomb.o [2]
sec_hand                0x2001'2134     0x4  Data  Lc  xfail_s.o [2]
sin                      0x800'3819     0x4  Code  Gb  cos_sin64.o [3]
sinl                     0x800'3819     0x4  Code  Gb  cos_sin64.o [3]
speed_mapping           0x2001'2060     0x8  Data  Gb  app.o [1]
step                    0x2001'20d0     0x4  Data  Gb  motor.o [1]
step_count              0x2001'213a     0x2  Data  Gb  motor.o [1]
step_remain             0x2001'20c4     0x4  Data  Gb  motor.o [1]
step_speed              0x2001'2078     0x8  Data  Gb  motor.o [1]
stepper_motor_init       0x800'7f03    0x3a  Code  Gb  motor.o [1]
stepper_motor_run        0x800'7fa1    0x2c  Code  Gb  motor.o [1]
strchr                   0x800'0fd9          Code  Gb  strchr.o [4]
strlen                   0x800'1031          Code  Gb  strlen.o [4]
target                  0x2000'03a0     0xc  Data  Gb  RobotCtrl.o [1]
target_position         0x2001'20c8     0x4  Data  Gb  motor.o [1]
testRxMessage           0x2001'1ff8    0x14  Data  Gb  can.o [1]
timer_init               0x800'7f3d    0x64  Code  Gb  motor.o [1]
trigger_flag            0x2000'03ac     0x4  Data  Gb  app.o [1]
wheel                   0x2001'1dd4    0x3c  Data  Gb  RobotCtrl.o [1]
wheelVel_Limit           0x800'24f9    0xba  Code  Gb  RobotCtrl.o [1]
world                   0x2001'2044     0xc  Data  Gb  RobotCtrl.o [1]


[1] = D:\Kipper\program\RTS\RTS-2023\Debug\Obj
[2] = dl7M_tlf.a
[3] = m7M_tls.a
[4] = rt7M_tl.a
[5] = shb_l.a

  35 943 bytes of readonly  code memory
   1 438 bytes of readonly  data memory
  90 458 bytes of readwrite data memory

Errors: none
Warnings: none
