###############################################################################
#
# IAR ELF Linker V8.32.1.169/W32 for ARM                  22/Oct/2021  22:28:04
# Copyright 2007-2018 IAR Systems AB.
#
#    Output file  =  
#        E:\STM32\机器人\Robocon_code\Robocon2021_二车\上层\Debug\Exe\uC_F407.out
#    Map file     =  
#        E:\STM32\机器人\Robocon_code\Robocon2021_二车\上层\Debug\List\uC_F407.map
#    Command line =  
#        -f C:\Users\Sherlock\AppData\Local\Temp\EWD716.tmp
#        (E:\STM32\机器人\Robocon_code\Robocon2021_二车\上层\Debug\Obj\action.o
#        E:\STM32\机器人\Robocon_code\Robocon2021_二车\上层\Debug\Obj\app.o
#        E:\STM32\机器人\Robocon_code\Robocon2021_二车\上层\Debug\Obj\beep.o
#        E:\STM32\机器人\Robocon_code\Robocon2021_二车\上层\Debug\Obj\bsp.o
#        E:\STM32\机器人\Robocon_code\Robocon2021_二车\上层\Debug\Obj\BT.o
#        E:\STM32\机器人\Robocon_code\Robocon2021_二车\上层\Debug\Obj\C620.o
#        E:\STM32\机器人\Robocon_code\Robocon2021_二车\上层\Debug\Obj\can.o
#        E:\STM32\机器人\Robocon_code\Robocon2021_二车\上层\Debug\Obj\cpu_a.o
#        E:\STM32\机器人\Robocon_code\Robocon2021_二车\上层\Debug\Obj\cpu_c.o
#        E:\STM32\机器人\Robocon_code\Robocon2021_二车\上层\Debug\Obj\cpu_core.o
#        E:\STM32\机器人\Robocon_code\Robocon2021_二车\上层\Debug\Obj\DataProcessing.o
#        E:\STM32\机器人\Robocon_code\Robocon2021_二车\上层\Debug\Obj\led.o
#        E:\STM32\机器人\Robocon_code\Robocon2021_二车\上层\Debug\Obj\lib_ascii.o
#        E:\STM32\机器人\Robocon_code\Robocon2021_二车\上层\Debug\Obj\lib_math.o
#        E:\STM32\机器人\Robocon_code\Robocon2021_二车\上层\Debug\Obj\lib_mem.o
#        E:\STM32\机器人\Robocon_code\Robocon2021_二车\上层\Debug\Obj\lib_mem_a.o
#        E:\STM32\机器人\Robocon_code\Robocon2021_二车\上层\Debug\Obj\lib_str.o
#        E:\STM32\机器人\Robocon_code\Robocon2021_二车\上层\Debug\Obj\misc.o
#        E:\STM32\机器人\Robocon_code\Robocon2021_二车\上层\Debug\Obj\os_app_hooks.o
#        E:\STM32\机器人\Robocon_code\Robocon2021_二车\上层\Debug\Obj\os_cfg_app.o
#        E:\STM32\机器人\Robocon_code\Robocon2021_二车\上层\Debug\Obj\os_core.o
#        E:\STM32\机器人\Robocon_code\Robocon2021_二车\上层\Debug\Obj\os_cpu_a.o
#        E:\STM32\机器人\Robocon_code\Robocon2021_二车\上层\Debug\Obj\os_cpu_c.o
#        E:\STM32\机器人\Robocon_code\Robocon2021_二车\上层\Debug\Obj\os_dbg.o
#        E:\STM32\机器人\Robocon_code\Robocon2021_二车\上层\Debug\Obj\os_flag.o
#        E:\STM32\机器人\Robocon_code\Robocon2021_二车\上层\Debug\Obj\os_int.o
#        E:\STM32\机器人\Robocon_code\Robocon2021_二车\上层\Debug\Obj\os_mem.o
#        E:\STM32\机器人\Robocon_code\Robocon2021_二车\上层\Debug\Obj\os_mon.o
#        E:\STM32\机器人\Robocon_code\Robocon2021_二车\上层\Debug\Obj\os_msg.o
#        E:\STM32\机器人\Robocon_code\Robocon2021_二车\上层\Debug\Obj\os_mutex.o
#        E:\STM32\机器人\Robocon_code\Robocon2021_二车\上层\Debug\Obj\os_pend_multi.o
#        E:\STM32\机器人\Robocon_code\Robocon2021_二车\上层\Debug\Obj\os_prio.o
#        E:\STM32\机器人\Robocon_code\Robocon2021_二车\上层\Debug\Obj\os_q.o
#        E:\STM32\机器人\Robocon_code\Robocon2021_二车\上层\Debug\Obj\os_sem.o
#        E:\STM32\机器人\Robocon_code\Robocon2021_二车\上层\Debug\Obj\os_stat.o
#        E:\STM32\机器人\Robocon_code\Robocon2021_二车\上层\Debug\Obj\os_task.o
#        E:\STM32\机器人\Robocon_code\Robocon2021_二车\上层\Debug\Obj\os_tick.o
#        E:\STM32\机器人\Robocon_code\Robocon2021_二车\上层\Debug\Obj\os_time.o
#        E:\STM32\机器人\Robocon_code\Robocon2021_二车\上层\Debug\Obj\os_tmr.o
#        E:\STM32\机器人\Robocon_code\Robocon2021_二车\上层\Debug\Obj\os_var.o
#        E:\STM32\机器人\Robocon_code\Robocon2021_二车\上层\Debug\Obj\PID.o
#        E:\STM32\机器人\Robocon_code\Robocon2021_二车\上层\Debug\Obj\RELAY.o
#        E:\STM32\机器人\Robocon_code\Robocon2021_二车\上层\Debug\Obj\robomodule.o
#        E:\STM32\机器人\Robocon_code\Robocon2021_二车\上层\Debug\Obj\RobotCtrl.o
#        E:\STM32\机器人\Robocon_code\Robocon2021_二车\上层\Debug\Obj\startup_stm32f427xx.o
#        E:\STM32\机器人\Robocon_code\Robocon2021_二车\上层\Debug\Obj\stm32f4xx_can.o
#        E:\STM32\机器人\Robocon_code\Robocon2021_二车\上层\Debug\Obj\stm32f4xx_dma.o
#        E:\STM32\机器人\Robocon_code\Robocon2021_二车\上层\Debug\Obj\stm32f4xx_gpio.o
#        E:\STM32\机器人\Robocon_code\Robocon2021_二车\上层\Debug\Obj\stm32f4xx_it.o
#        E:\STM32\机器人\Robocon_code\Robocon2021_二车\上层\Debug\Obj\stm32f4xx_rcc.o
#        E:\STM32\机器人\Robocon_code\Robocon2021_二车\上层\Debug\Obj\stm32f4xx_syscfg.o
#        E:\STM32\机器人\Robocon_code\Robocon2021_二车\上层\Debug\Obj\stm32f4xx_tim.o
#        E:\STM32\机器人\Robocon_code\Robocon2021_二车\上层\Debug\Obj\stm32f4xx_usart.o
#        E:\STM32\机器人\Robocon_code\Robocon2021_二车\上层\Debug\Obj\system_stm32f4xx.o
#        E:\STM32\机器人\Robocon_code\Robocon2021_二车\上层\Debug\Obj\tim.o
#        E:\STM32\机器人\Robocon_code\Robocon2021_二车\上层\Debug\Obj\usart.o
#        --no_out_extension -o
#        E:\STM32\机器人\Robocon_code\Robocon2021_二车\上层\Debug\Exe\uC_F407.out
#        --map
#        E:\STM32\机器人\Robocon_code\Robocon2021_二车\上层\Debug\List\uC_F407.map
#        --config E:\STM32\机器人\arm\config\linker\ST\stm32f427xI.icf
#        --semihosting --entry __iar_program_start --redirect
#        __iar_sh_stdout=__iar_sh_stdout_swo --vfe --text_out locale)
#
###############################################################################

*******************************************************************************
*** RUNTIME MODEL ATTRIBUTES
***

CppFlavor       = *
__SystemLibrary = DLib
__dlib_version  = 6


*******************************************************************************
*** HEAP SELECTION
***

The basic heap was selected because no calls to memory allocation
functions were found in the application outside of system library
functions, and there are calls to deallocation functions in the
application.


*******************************************************************************
*** PLACEMENT SUMMARY
***

"A0":  place at 0x800'0000 { ro section .intvec };
"P1":  place in [from 0x800'0000 to 0x81f'ffff] { ro };
define block CSTACK with size = 8K, alignment = 8 { };
"P3":  place in [from 0x1000'0000 to 0x1000'ffff] {
          block CSTACK, section .ccram };
define block HEAP with size = 8K, alignment = 8 { };
"P4":  place in [from 0x2000'0000 to 0x2001'bfff] |
                [from 0x2001'c000 to 0x2001'ffff] |
                [from 0x2002'0000 to 0x2002'ffff] { rw, block HEAP };
initialize by copy { rw };

No sections matched the following patterns:

  ro section application_specific_ro  in "P2|P6"
  rw section application_specific_rw  in "P2|P6"
  section .backup_sram                in "P5"
  section .ccram                      in "P3"


  Section            Kind         Address     Size  Object
  -------            ----         -------     ----  ------
"A0":                                        0x1ac
  .intvec            ro code   0x800'0000    0x1ac  startup_stm32f427xx.o [1]
                             - 0x800'01ac    0x1ac

"P1":                                       0x6527
  .text              ro code   0x800'01ac    0xdf2  xprintffull_nomb.o [2]
  .text              ro code   0x800'0f9e     0x3a  zero_init3.o [4]
  .text              ro code   0x800'0fd8     0x16  strchr.o [4]
  .rodata            const     0x800'0fee      0x2  os_cfg_app.o [1]
  .text              ro code   0x800'0ff0     0x40  xfail_s.o [2]
  .text              ro code   0x800'1030     0x36  strlen.o [4]
  .rodata            const     0x800'1066      0x2  os_dbg.o [1]
  .text              ro code   0x800'1068     0x58  memchr.o [4]
  .text              ro code   0x800'10c0    0x230  I64DivMod.o [4]
  .text              ro code   0x800'12f0    0x1a2  DblMul.o [3]
  .rodata            const     0x800'1492      0x2  os_dbg.o [1]
  .text              ro code   0x800'1494     0xa6  ABImemcpy.o [4]
  .rodata            const     0x800'153a      0x2  os_dbg.o [1]
  .text              ro code   0x800'153c     0x70  frexp.o [3]
  .text              ro code   0x800'15ac     0x2e  DblCmpLe.o [3]
  .rodata            const     0x800'15da      0x2  os_dbg.o [1]
  .text              ro code   0x800'15dc     0x2e  DblCmpGe.o [3]
  .rodata            const     0x800'160a      0x2  os_dbg.o [1]
  .text              ro code   0x800'160c    0x13a  ldexp.o [3]
  .rodata            const     0x800'1746      0x2  os_dbg.o [1]
  .text              ro code   0x800'1748     0x3a  DblToS32.o [3]
  .rodata            const     0x800'1782      0x2  os_dbg.o [1]
  .text              ro code   0x800'1784     0x22  S32ToDbl.o [3]
  .rodata            const     0x800'17a6      0x2  os_dbg.o [1]
  .text              ro code   0x800'17a8     0xe2  DblSub.o [3]
  .rodata            const     0x800'188a      0x2  os_dbg.o [1]
  .text              ro code   0x800'188c    0x246  DblDiv.o [3]
  .rodata            const     0x800'1ad2      0x2  os_dbg.o [1]
  .text              ro code   0x800'1ad4     0x28  DblToU32.o [3]
  .text              ro code   0x800'1afc     0x1a  U32ToDbl.o [3]
  .rodata            const     0x800'1b16      0x2  os_dbg.o [1]
  .text              ro code   0x800'1b18      0x8  xlocale_c.o [2]
  .text              ro code   0x800'1b20      0x6  abort.o [2]
  .rodata            const     0x800'1b26      0x2  os_dbg.o [1]
  .text              ro code   0x800'1b28      0x2  I64DivZer.o [4]
  .rodata            const     0x800'1b2a      0x2  os_dbg.o [1]
  .text              ro code   0x800'1b2c    0x16a  DblAdd.o [3]
  .rodata            const     0x800'1c96      0x2  os_dbg.o [1]
  .text              ro code   0x800'1c98     0x14  exit.o [5]
  .text              ro code   0x800'1cac    0x840  os_core.o [1]
  .text              ro code   0x800'24ec    0x2d0  os_cpu_c.o [1]
  .text              ro code   0x800'27bc    0x730  os_task.o [1]
  .text              ro code   0x800'2eec     0x74  os_prio.o [1]
  .text              ro code   0x800'2f60     0x1c  os_mem.o [1]
  .text              ro code   0x800'2f7c     0xb8  os_msg.o [1]
  .text              ro code   0x800'3034    0x42c  os_tick.o [1]
  .text              ro code   0x800'3460    0x1e0  os_tmr.o [1]
  .text              ro code   0x800'3640    0x1a0  os_dbg.o [1]
  .text              ro code   0x800'37e0     0x94  os_cfg_app.o [1]
  CODE               ro code   0x800'3874    0x108  os_cpu_a.o [1]
  .text              ro code   0x800'397c     0x24  cpu_core.o [1]
  .text              ro code   0x800'39a0    0x12c  os_time.o [1]
  .text              ro code   0x800'3acc    0x396  os_mutex.o [1]
  .rodata            const     0x800'3e62      0x2  os_dbg.o [1]
  CODE               ro code   0x800'3e64     0x34  cpu_a.o [1]
  .text              ro code   0x800'3e98     0x78  bsp.o [1]
  .text              ro code   0x800'3f10    0x170  stm32f4xx_rcc.o [1]
  .text              ro code   0x800'4080     0x80  misc.o [1]
  .text              ro code   0x800'4100    0x36c  can.o [1]
  .text              ro code   0x800'446c     0x6c  led.o [1]
  .text              ro code   0x800'44d8     0x34  beep.o [1]
  .text              ro code   0x800'450c    0x200  BT.o [1]
  .text              ro code   0x800'470c     0x6c  tim.o [1]
  .text              ro code   0x800'4778    0x104  stm32f4xx_gpio.o [1]
  .text              ro code   0x800'487c    0x614  stm32f4xx_can.o [1]
  .text              ro code   0x800'4e90    0x540  C620.o [1]
  .text              ro code   0x800'53d0    0x2d6  stm32f4xx_usart.o [1]
  .rodata            const     0x800'56a6      0x2  os_dbg.o [1]
  .text              ro code   0x800'56a8    0x156  stm32f4xx_tim.o [1]
  .rodata            const     0x800'57fe      0x2  os_dbg.o [1]
  .text              ro code   0x800'5800     0xc0  PID.o [1]
  .text              ro code   0x800'58c0    0x318  app.o [1]
  .text              ro code   0x800'5bd8     0x88  lib_mem.o [1]
  .text              ro code   0x800'5c60     0x20  lib_math.o [1]
  .text              ro code   0x800'5c80     0x6c  os_flag.o [1]
  .text              ro code   0x800'5cec     0x68  os_sem.o [1]
  .text              ro code   0x800'5d54     0x28  printf.o [2]
  .text              ro code   0x800'5d7c      0xc  RobotCtrl.o [1]
  .text              ro code   0x800'5d88    0x144  system_stm32f4xx.o [1]
  .text              ro code   0x800'5ecc    0x114  stm32f4xx_it.o [1]
  .text              ro code   0x800'5fe0     0x9c  packbits_init.o [4]
  .rodata            const     0x800'607c     0x30  os_dbg.o [1]
  .rodata            const     0x800'60ac     0x30  os_dbg.o [1]
  .rodata            const     0x800'60dc     0x30  stm32f4xx_it.o [1]
  .rodata            const     0x800'610c     0x30  stm32f4xx_it.o [1]
  .rodata            const     0x800'613c     0x2c  os_dbg.o [1]
  .text              ro code   0x800'6168     0x28  data_init.o [4]
  .rodata            const     0x800'6190     0x24  os_dbg.o [1]
  .rodata            const     0x800'61b4     0x24  os_dbg.o [1]
  .text              ro code   0x800'61d8     0x22  fpinit_M.o [3]
  .iar.init_table    const     0x800'61fc     0x2c  - Linker created -
  .rodata            const     0x800'6228      0x2  os_dbg.o [1]
  .rodata            const     0x800'622c     0x20  os_dbg.o [1]
  .rodata            const     0x800'624c     0x20  stm32f4xx_it.o [1]
  .text              ro code   0x800'626c     0x1e  cmain.o [4]
  .text              ro code   0x800'628a      0x4  low_level_init.o [2]
  .text              ro code   0x800'628e      0x4  exit.o [2]
  .rodata            const     0x800'6292      0x2  os_dbg.o [1]
  .text              ro code   0x800'6294      0xa  cexit.o [4]
  .rodata            const     0x800'629e      0x2  os_dbg.o [1]
  .rodata            const     0x800'62a0     0x18  os_tmr.o [1]
  .text              ro code   0x800'62b8     0x16  xprout.o [2]
  .rodata            const     0x800'62ce      0x2  os_dbg.o [1]
  .text              ro code   0x800'62d0      0xc  putchar.o [2]
  .rodata            const     0x800'62dc     0x14  os_core.o [1]
  .rodata            const     0x800'62f0     0x14  os_tick.o [1]
  .rodata            const     0x800'6304     0x10  app.o [1]
  .rodata            const     0x800'6314     0x10  app.o [1]
  .rodata            const     0x800'6324     0x10  app.o [1]
  .rodata            const     0x800'6334     0x10  os_tmr.o [1]
  .rodata            const     0x800'6344     0x10  stm32f4xx_it.o [1]
  .text              ro code   0x800'6354     0x10  startup_stm32f427xx.o [1]
  .rodata            const     0x800'6364      0xc  app.o [1]
  .rodata            const     0x800'6370      0xc  app.o [1]
  .rodata            const     0x800'637c      0xc  app.o [1]
  .rodata            const     0x800'6388      0xc  os_core.o [1]
  .rodata            const     0x800'6394      0xc  stm32f4xx_it.o [1]
  .rodata            const     0x800'63a0      0xc  stm32f4xx_it.o [1]
  .rodata            const     0x800'63ac      0xc  stm32f4xx_it.o [1]
  .rodata            const     0x800'63b8      0xc  stm32f4xx_it.o [1]
  .rodata            const     0x800'63c4      0xc  stm32f4xx_it.o [1]
  .rodata            const     0x800'63d0      0xc  stm32f4xx_it.o [1]
  .rodata            const     0x800'63dc      0xc  stm32f4xx_it.o [1]
  .rodata            const     0x800'63e8      0xc  stm32f4xx_it.o [1]
  .rodata            const     0x800'63f4      0xc  stm32f4xx_it.o [1]
  .rodata            const     0x800'6400      0xc  stm32f4xx_it.o [1]
  .rodata            const     0x800'640c      0xc  stm32f4xx_it.o [1]
  .text              ro code   0x800'6418      0xc  cstartup_M.o [4]
  .rodata            const     0x800'6424      0x8  app.o [1]
  .rodata            const     0x800'642c      0x8  lib_mem.o [1]
  .rodata            const     0x800'6434      0x8  os_core.o [1]
  .rodata            const     0x800'643c      0x8  os_task.o [1]
  .rodata            const     0x800'6444      0x4  os_cfg_app.o [1]
  .rodata            const     0x800'6448      0x4  os_cfg_app.o [1]
  .rodata            const     0x800'644c      0x4  os_cfg_app.o [1]
  .rodata            const     0x800'6450      0x4  os_cfg_app.o [1]
  .rodata            const     0x800'6454      0x4  os_cfg_app.o [1]
  .rodata            const     0x800'6458      0x4  os_cfg_app.o [1]
  .rodata            const     0x800'645c      0x4  os_cfg_app.o [1]
  .rodata            const     0x800'6460      0x4  os_cfg_app.o [1]
  .rodata            const     0x800'6464      0x4  os_cfg_app.o [1]
  .rodata            const     0x800'6468      0x4  os_cfg_app.o [1]
  .rodata            const     0x800'646c      0x4  os_cfg_app.o [1]
  .rodata            const     0x800'6470      0x4  os_cfg_app.o [1]
  .rodata            const     0x800'6474      0x4  os_cfg_app.o [1]
  .rodata            const     0x800'6478      0x4  os_cfg_app.o [1]
  .rodata            const     0x800'647c      0x4  os_cfg_app.o [1]
  .rodata            const     0x800'6480      0x4  os_cfg_app.o [1]
  .rodata            const     0x800'6484      0x4  os_cfg_app.o [1]
  .rodata            const     0x800'6488      0x4  os_cfg_app.o [1]
  .rodata            const     0x800'648c      0x4  os_cfg_app.o [1]
  .rodata            const     0x800'6490      0x4  os_cfg_app.o [1]
  .rodata            const     0x800'6494      0x4  os_cfg_app.o [1]
  .rodata            const     0x800'6498      0x4  os_dbg.o [1]
  .rodata            const     0x800'649c      0x4  os_dbg.o [1]
  .rodata            const     0x800'64a0      0x4  os_dbg.o [1]
  .rodata            const     0x800'64a4      0x4  xlocale_c.o [2]
  .text              ro code   0x800'64a8      0x4  startup_stm32f427xx.o [1]
  .text              ro code   0x800'64ac      0x4  startup_stm32f427xx.o [1]
  .text              ro code   0x800'64b0      0x4  startup_stm32f427xx.o [1]
  .text              ro code   0x800'64b4      0x4  startup_stm32f427xx.o [1]
  .text              ro code   0x800'64b8      0x4  startup_stm32f427xx.o [1]
  .text              ro code   0x800'64bc      0x4  startup_stm32f427xx.o [1]
  .text              ro code   0x800'64c0      0x4  startup_stm32f427xx.o [1]
  .text              ro code   0x800'64c4      0x4  startup_stm32f427xx.o [1]
  .text              ro code   0x800'64c8      0x4  startup_stm32f427xx.o [1]
  .text              ro code   0x800'64cc      0x4  startup_stm32f427xx.o [1]
  .text              ro code   0x800'64d0      0x4  startup_stm32f427xx.o [1]
  .text              ro code   0x800'64d4      0x4  startup_stm32f427xx.o [1]
  .text              ro code   0x800'64d8      0x4  startup_stm32f427xx.o [1]
  .text              ro code   0x800'64dc      0x4  startup_stm32f427xx.o [1]
  .text              ro code   0x800'64e0      0x4  startup_stm32f427xx.o [1]
  .text              ro code   0x800'64e4      0x4  startup_stm32f427xx.o [1]
  .text              ro code   0x800'64e8      0x4  startup_stm32f427xx.o [1]
  .text              ro code   0x800'64ec      0x4  startup_stm32f427xx.o [1]
  .text              ro code   0x800'64f0      0x4  startup_stm32f427xx.o [1]
  .text              ro code   0x800'64f4      0x4  startup_stm32f427xx.o [1]
  .text              ro code   0x800'64f8      0x4  startup_stm32f427xx.o [1]
  .text              ro code   0x800'64fc      0x4  startup_stm32f427xx.o [1]
  .text              ro code   0x800'6500      0x4  startup_stm32f427xx.o [1]
  .text              ro code   0x800'6504      0x4  startup_stm32f427xx.o [1]
  .text              ro code   0x800'6508      0x4  startup_stm32f427xx.o [1]
  .text              ro code   0x800'650c      0x4  startup_stm32f427xx.o [1]
  .text              ro code   0x800'6510      0x4  startup_stm32f427xx.o [1]
  .text              ro code   0x800'6514      0x4  startup_stm32f427xx.o [1]
  .text              ro code   0x800'6518      0x4  startup_stm32f427xx.o [1]
  .text              ro code   0x800'651c      0x4  startup_stm32f427xx.o [1]
  .text              ro code   0x800'6520      0x4  startup_stm32f427xx.o [1]
  .text              ro code   0x800'6524      0x4  startup_stm32f427xx.o [1]
  .text              ro code   0x800'6528      0x4  startup_stm32f427xx.o [1]
  .text              ro code   0x800'652c      0x4  startup_stm32f427xx.o [1]
  .text              ro code   0x800'6530      0x4  startup_stm32f427xx.o [1]
  .text              ro code   0x800'6534      0x4  startup_stm32f427xx.o [1]
  .text              ro code   0x800'6538      0x4  startup_stm32f427xx.o [1]
  .text              ro code   0x800'653c      0x4  startup_stm32f427xx.o [1]
  .text              ro code   0x800'6540      0x4  startup_stm32f427xx.o [1]
  .text              ro code   0x800'6544      0x4  startup_stm32f427xx.o [1]
  .text              ro code   0x800'6548      0x4  startup_stm32f427xx.o [1]
  .text              ro code   0x800'654c      0x4  startup_stm32f427xx.o [1]
  .text              ro code   0x800'6550      0x4  startup_stm32f427xx.o [1]
  .text              ro code   0x800'6554      0x4  startup_stm32f427xx.o [1]
  .text              ro code   0x800'6558      0x4  startup_stm32f427xx.o [1]
  .text              ro code   0x800'655c      0x4  startup_stm32f427xx.o [1]
  .text              ro code   0x800'6560      0x4  startup_stm32f427xx.o [1]
  .text              ro code   0x800'6564      0x4  startup_stm32f427xx.o [1]
  .text              ro code   0x800'6568      0x4  startup_stm32f427xx.o [1]
  .text              ro code   0x800'656c      0x4  startup_stm32f427xx.o [1]
  .text              ro code   0x800'6570      0x4  startup_stm32f427xx.o [1]
  .text              ro code   0x800'6574      0x4  startup_stm32f427xx.o [1]
  .text              ro code   0x800'6578      0x4  startup_stm32f427xx.o [1]
  .text              ro code   0x800'657c      0x4  startup_stm32f427xx.o [1]
  .text              ro code   0x800'6580      0x4  startup_stm32f427xx.o [1]
  .text              ro code   0x800'6584      0x4  startup_stm32f427xx.o [1]
  .text              ro code   0x800'6588      0x4  startup_stm32f427xx.o [1]
  .text              ro code   0x800'658c      0x4  startup_stm32f427xx.o [1]
  .text              ro code   0x800'6590      0x4  startup_stm32f427xx.o [1]
  .text              ro code   0x800'6594      0x4  startup_stm32f427xx.o [1]
  .text              ro code   0x800'6598      0x4  startup_stm32f427xx.o [1]
  .text              ro code   0x800'659c      0x4  startup_stm32f427xx.o [1]
  .text              ro code   0x800'65a0      0x4  startup_stm32f427xx.o [1]
  .text              ro code   0x800'65a4      0x4  startup_stm32f427xx.o [1]
  .text              ro code   0x800'65a8      0x4  startup_stm32f427xx.o [1]
  .text              ro code   0x800'65ac      0x4  startup_stm32f427xx.o [1]
  .text              ro code   0x800'65b0      0x4  startup_stm32f427xx.o [1]
  .text              ro code   0x800'65b4      0x4  startup_stm32f427xx.o [1]
  .text              ro code   0x800'65b8      0x4  startup_stm32f427xx.o [1]
  .text              ro code   0x800'65bc      0x4  startup_stm32f427xx.o [1]
  .text              ro code   0x800'65c0      0x4  startup_stm32f427xx.o [1]
  .text              ro code   0x800'65c4      0x4  startup_stm32f427xx.o [1]
  .text              ro code   0x800'65c8      0x4  startup_stm32f427xx.o [1]
  .text              ro code   0x800'65cc      0x4  startup_stm32f427xx.o [1]
  .text              ro code   0x800'65d0      0x4  startup_stm32f427xx.o [1]
  .text              ro code   0x800'65d4      0x4  startup_stm32f427xx.o [1]
  .text              ro code   0x800'65d8      0x4  startup_stm32f427xx.o [1]
  .text              ro code   0x800'65dc      0x4  startup_stm32f427xx.o [1]
  .text              ro code   0x800'65e0      0x4  startup_stm32f427xx.o [1]
  .text              ro code   0x800'65e4      0x4  startup_stm32f427xx.o [1]
  .text              ro code   0x800'65e8      0x4  startup_stm32f427xx.o [1]
  .text              ro code   0x800'65ec      0x4  startup_stm32f427xx.o [1]
  .text              ro code   0x800'65f0      0x4  startup_stm32f427xx.o [1]
  .text              ro code   0x800'65f4      0x4  startup_stm32f427xx.o [1]
  .text              ro code   0x800'65f8      0x4  startup_stm32f427xx.o [1]
  .rodata            const     0x800'65fc      0x1  os_cfg_app.o [1]
  .rodata            const     0x800'65fd      0x1  os_cfg_app.o [1]
  .rodata            const     0x800'65fe      0x1  os_dbg.o [1]
  .rodata            const     0x800'65ff      0x1  os_dbg.o [1]
  .rodata            const     0x800'6600      0x1  os_dbg.o [1]
  .rodata            const     0x800'6601      0x1  os_dbg.o [1]
  .rodata            const     0x800'6602      0x1  os_dbg.o [1]
  .rodata            const     0x800'6603      0x1  os_dbg.o [1]
  .rodata            const     0x800'6604      0x1  os_dbg.o [1]
  .rodata            const     0x800'6605      0x1  os_dbg.o [1]
  .rodata            const     0x800'6606      0x1  os_dbg.o [1]
  .rodata            const     0x800'6607      0x1  os_dbg.o [1]
  .rodata            const     0x800'6608      0x1  os_dbg.o [1]
  .rodata            const     0x800'6609      0x1  os_dbg.o [1]
  .rodata            const     0x800'660a      0x1  os_dbg.o [1]
  .rodata            const     0x800'660b      0x1  os_dbg.o [1]
  .rodata            const     0x800'660c      0x1  os_dbg.o [1]
  .rodata            const     0x800'660d      0x1  os_dbg.o [1]
  .rodata            const     0x800'660e      0x1  os_dbg.o [1]
  .rodata            const     0x800'660f      0x1  os_dbg.o [1]
  .rodata            const     0x800'6610      0x1  os_dbg.o [1]
  .rodata            const     0x800'6611      0x1  os_dbg.o [1]
  .rodata            const     0x800'6612      0x1  os_dbg.o [1]
  .rodata            const     0x800'6613      0x1  os_dbg.o [1]
  .rodata            const     0x800'6614      0x1  os_dbg.o [1]
  .rodata            const     0x800'6615      0x1  os_dbg.o [1]
  .rodata            const     0x800'6616      0x1  os_dbg.o [1]
  .rodata            const     0x800'6617      0x1  os_dbg.o [1]
  .rodata            const     0x800'6618      0x1  os_dbg.o [1]
  .rodata            const     0x800'6619      0x1  os_dbg.o [1]
  .rodata            const     0x800'661a      0x1  os_dbg.o [1]
  .rodata            const     0x800'661b      0x1  os_dbg.o [1]
  .rodata            const     0x800'661c      0x1  os_dbg.o [1]
  .rodata            const     0x800'661d      0x1  os_dbg.o [1]
  .rodata            const     0x800'661e      0x1  os_dbg.o [1]
  .rodata            const     0x800'661f      0x1  os_dbg.o [1]
  .rodata            const     0x800'6620      0x1  os_dbg.o [1]
  .rodata            const     0x800'6621      0x1  os_dbg.o [1]
  .rodata            const     0x800'6622      0x1  os_dbg.o [1]
  .rodata            const     0x800'6623      0x1  os_dbg.o [1]
  .rodata            const     0x800'6624      0x1  os_dbg.o [1]
  .rodata            const     0x800'6625      0x0  zero_init3.o [4]
  .rodata            const     0x800'6625      0x0  packbits_init.o [4]
  Initializer bytes  const     0x800'6625     0xae  <for P4 s0>
                             - 0x800'66d3   0x6527

"P3":                                       0x2000
  CSTACK                      0x1000'0000   0x2000  <Block>
    CSTACK           uninit   0x1000'0000   0x2000  <Block tail>
                            - 0x1000'2000   0x2000

"P4", part 1 of 2:                           0x170
  P4 s0                       0x2000'0000    0x170  <Init block>
    .data            inited   0x2000'0000     0x48  xfiles.o [2]
    .data            inited   0x2000'0048     0x38  xlocale_c.o [2]
    .data            inited   0x2000'0080     0x1c  C620.o [1]
    .data            inited   0x2000'009c     0x1c  C620.o [1]
    .data            inited   0x2000'00b8     0x1c  C620.o [1]
    .data            inited   0x2000'00d4     0x1c  C620.o [1]
    .data            inited   0x2000'00f0     0x1c  C620.o [1]
    .data            inited   0x2000'010c     0x1c  C620.o [1]
    .data            inited   0x2000'0128     0x1c  C620.o [1]
    .data            inited   0x2000'0144     0x1c  C620.o [1]
    .data            inited   0x2000'0160     0x10  stm32f4xx_rcc.o [1]
                            - 0x2000'0170    0x170

"P4", part 2 of 2:                         0x11410
  .bss               zero     0x2000'0170   0xf000  lib_mem.o [1]
  .bss               zero     0x2000'f170    0x4b0  os_cfg_app.o [1]
  .bss               zero     0x2000'f620    0x400  app.o [1]
  .bss               zero     0x2000'fa20    0x400  app.o [1]
  .bss               zero     0x2000'fe20    0x400  app.o [1]
  .bss               zero     0x2001'0220    0x400  os_cfg_app.o [1]
  .bss               zero     0x2001'0620    0x200  os_cfg_app.o [1]
  .bss               zero     0x2001'0820    0x200  os_cfg_app.o [1]
  .bss               zero     0x2001'0a20    0x200  os_cfg_app.o [1]
  .bss               zero     0x2001'0c20    0x1b0  C620.o [1]
  .bss               zero     0x2001'0dd0    0x180  os_var.o [1]
  .bss               zero     0x2001'0f50     0xb0  app.o [1]
  .bss               zero     0x2001'1000     0xb0  app.o [1]
  .bss               zero     0x2001'10b0     0xb0  app.o [1]
  .bss               zero     0x2001'1160     0xb0  os_var.o [1]
  .bss               zero     0x2001'1210     0xb0  os_var.o [1]
  .bss               zero     0x2001'12c0     0xb0  os_var.o [1]
  .bss               zero     0x2001'1370     0x50  xfiles.o [2]
  .bss               zero     0x2001'13c0     0x40  C620.o [1]
  .bss               zero     0x2001'1400     0x38  C620.o [1]
  .bss               zero     0x2001'1438     0x2c  os_var.o [1]
  .bss               zero     0x2001'1464     0x24  app.o [1]
  .bss               zero     0x2001'1488     0x24  app.o [1]
  .bss               zero     0x2001'14ac     0x24  app.o [1]
  .bss               zero     0x2001'14d0     0x14  lib_mem.o [1]
  .bss               zero     0x2001'14e4      0xc  os_var.o [1]
  .bss               zero     0x2001'14f0      0x8  C620.o [1]
  .bss               zero     0x2001'14f8      0x8  os_var.o [1]
  .bss               zero     0x2001'1500      0x8  os_var.o [1]
  .bss               zero     0x2001'1508      0x4  C620.o [1]
  .bss               zero     0x2001'150c      0x4  cpu_core.o [1]
  .bss               zero     0x2001'1510      0x4  lib_math.o [1]
  .bss               zero     0x2001'1514      0x4  lib_mem.o [1]
  .bss               zero     0x2001'1518      0x4  os_cpu_c.o [1]
  .bss               zero     0x2001'151c      0x4  os_prio.o [1]
  .bss               zero     0x2001'1520      0x4  os_var.o [1]
  .bss               zero     0x2001'1524      0x4  os_var.o [1]
  .bss               zero     0x2001'1528      0x4  os_var.o [1]
  .bss               zero     0x2001'152c      0x4  os_var.o [1]
  .bss               zero     0x2001'1530      0x4  os_var.o [1]
  .bss               zero     0x2001'1534      0x4  os_var.o [1]
  .bss               zero     0x2001'1538      0x4  os_var.o [1]
  .bss               zero     0x2001'153c      0x4  os_var.o [1]
  .bss               zero     0x2001'1540      0x4  os_var.o [1]
  .bss               zero     0x2001'1544      0x4  os_var.o [1]
  .bss               zero     0x2001'1548      0x4  os_var.o [1]
  .bss               zero     0x2001'154c      0x4  os_var.o [1]
  .bss               zero     0x2001'1550      0x4  os_var.o [1]
  .bss               zero     0x2001'1554      0x4  os_var.o [1]
  .bss               zero     0x2001'1558      0x4  os_var.o [1]
  .bss               zero     0x2001'155c      0x4  os_var.o [1]
  .bss               zero     0x2001'1560      0x4  xfail_s.o [2]
  .bss               zero     0x2001'1564      0x2  os_var.o [1]
  .bss               zero     0x2001'1566      0x2  os_var.o [1]
  .bss               zero     0x2001'1568      0x2  os_var.o [1]
  .bss               zero     0x2001'156a      0x2  os_var.o [1]
  .bss               zero     0x2001'156c      0x2  os_var.o [1]
  .bss               zero     0x2001'156e      0x2  os_var.o [1]
  .bss               zero     0x2001'1570      0x2  os_var.o [1]
  .bss               zero     0x2001'1572      0x1  BT.o [1]
  .bss               zero     0x2001'1573      0x1  BT.o [1]
  .bss               zero     0x2001'1574      0x1  BT.o [1]
  .bss               zero     0x2001'1575      0x1  BT.o [1]
  .bss               zero     0x2001'1576      0x1  can.o [1]
  .bss               zero     0x2001'1577      0x1  can.o [1]
  .bss               zero     0x2001'1578      0x1  os_var.o [1]
  .bss               zero     0x2001'1579      0x1  os_var.o [1]
  .bss               zero     0x2001'157a      0x1  os_var.o [1]
  .bss               zero     0x2001'157b      0x1  os_var.o [1]
  .bss               zero     0x2001'157c      0x1  os_var.o [1]
  .bss               zero     0x2001'157d      0x1  os_var.o [1]
  .bss               zero     0x2001'157e      0x1  os_var.o [1]
                            - 0x2001'157f  0x1140f

Unused ranges:

         From           To       Size
         ----           --       ----
   0x800'66d3   0x81f'ffff  0x1f'992d
  0x1000'2000  0x1000'ffff     0xe000
  0x2001'1580  0x2001'bfff     0xaa80
  0x2001'c000  0x2001'ffff     0x4000
  0x2002'0000  0x2002'ffff   0x1'0000


*******************************************************************************
*** INIT TABLE
***

          Address      Size
          -------      ----
Zero (__iar_zero_init3)
    1 destination range, total size 0x1140f:
          0x2000'0170  0x1140f

Copy/packbits (__iar_packbits_init3)
    1 source range, total size 0xae (47% of destination):
           0x800'6625     0xae
    1 destination range, total size 0x170:
          0x2000'0000    0x170



*******************************************************************************
*** MODULE SUMMARY
***

    Module                 ro code  ro data  rw data
    ------                 -------  -------  -------
command line/config:
    ------------------------------------------------
    Total:

E:\STM32\机器人\Robocon_code\Robocon2021_二车\上层\Debug\Obj: [1]
    BT.o                       512                 4
    C620.o                   1 344      106      788
    PID.o                      192
    RobotCtrl.o                 12
    app.o                      792       92    3 708
    beep.o                      52
    bsp.o                      120
    can.o                      876                 2
    cpu_a.o                     52
    cpu_core.o                  36                 4
    led.o                      108
    lib_math.o                  32                 4
    lib_mem.o                  136        8   61 464
    misc.o                     128
    os_cfg_app.o               148       88    3 760
    os_core.o                2 112       40
    os_cpu_a.o                 264
    os_cpu_c.o                 720                 4
    os_dbg.o                   416      337
    os_flag.o                  108
    os_mem.o                    28
    os_msg.o                   184
    os_mutex.o                 918
    os_prio.o                  116                 4
    os_sem.o                   104
    os_task.o                1 840        8
    os_tick.o                1 068       20
    os_time.o                  300
    os_tmr.o                   480       40
    os_var.o                                   1 069
    startup_stm32f427xx.o      784
    stm32f4xx_can.o          1 556
    stm32f4xx_gpio.o           260
    stm32f4xx_it.o             276      276
    stm32f4xx_rcc.o            368        8       16
    stm32f4xx_tim.o            342
    stm32f4xx_usart.o          726
    system_stm32f4xx.o         324
    tim.o                      108
    ------------------------------------------------
    Total:                  17 942    1 023   70 827

dl7M_tlf.a: [2]
    abort.o                      6
    exit.o                       4
    low_level_init.o             4
    printf.o                    40
    putchar.o                   12
    xfail_s.o                   64                 4
    xfiles.o                             34      152
    xlocale_c.o                  8       30       56
    xprintffull_nomb.o       3 570
    xprout.o                    22
    ------------------------------------------------
    Total:                   3 730       64      212

m7M_tls.a: [3]
    DblAdd.o                   362
    DblCmpGe.o                  46
    DblCmpLe.o                  46
    DblDiv.o                   582
    DblMul.o                   418
    DblSub.o                   226
    DblToS32.o                  58
    DblToU32.o                  40
    S32ToDbl.o                  34
    U32ToDbl.o                  26
    fpinit_M.o                  34
    frexp.o                    112
    ldexp.o                    314
    ------------------------------------------------
    Total:                   2 298

rt7M_tl.a: [4]
    ABImemcpy.o                166
    I64DivMod.o                560
    I64DivZer.o                  2
    cexit.o                     10
    cmain.o                     30
    cstartup_M.o                12
    data_init.o                 40
    memchr.o                    88
    packbits_init.o            156
    strchr.o                    22
    strlen.o                    54
    zero_init3.o                58
    ------------------------------------------------
    Total:                   1 198

shb_l.a: [5]
    exit.o                      20
    ------------------------------------------------
    Total:                      20

    Gaps                                  4
    Linker created                       44    8 192
----------------------------------------------------
    Grand Total:            25 188    1 135   79 231


*******************************************************************************
*** ENTRY LIST
***

Entry                       Address    Size  Type      Object
-----                       -------    ----  ----      ------
.iar.init_table$$Base    0x800'61fc           --   Gb  - Linker created -
.iar.init_table$$Limit   0x800'6228           --   Gb  - Linker created -
?main                    0x800'626d          Code  Gb  cmain.o [4]
APBAHBPrescTable        0x2000'0160    0x10  Data  Lc  stm32f4xx_rcc.o [1]
BEEP_Init                0x800'44d9    0x34  Code  Gb  beep.o [1]
BSP_CPU_ClkFreq          0x800'3e99     0xe  Code  Gb  bsp.o [1]
BSP_Init                 0x800'3eb3    0x2c  Code  Gb  bsp.o [1]
BSP_OSTickInit           0x800'3ea7     0xc  Code  Gb  bsp.o [1]
BT_Count                0x2001'1574     0x1  Data  Gb  BT.o [1]
BT_Step                 0x2001'1573     0x1  Data  Gb  BT.o [1]
BT_usart3_init           0x800'450d    0xc4  Code  Gb  BT.o [1]
BusFault_Handler         0x800'5fd9     0x2  Code  Gb  stm32f4xx_it.o [1]
CAN1_Init                0x800'4101    0xfa  Code  Gb  can.o [1]
CAN1_RX0_IRQHandler      0x800'4397    0x5e  Code  Gb  can.o [1]
CAN1_RX0_IRQHandler::overrun
                        0x2001'1576     0x1  Data  Lc  can.o [1]
CAN1_RX1_IRQHandler      0x800'43f5    0x5e  Code  Gb  can.o [1]
CAN1_RX1_IRQHandler::overrun
                        0x2001'1577     0x1  Data  Lc  can.o [1]
CAN1_Send_Msg            0x800'434f    0x48  Code  Gb  can.o [1]
CAN2_Init                0x800'41fb   0x154  Code  Gb  can.o [1]
CAN_ClearITPendingBit    0x800'4dd1    0x92  Code  Gb  stm32f4xx_can.o [1]
CAN_FilterInit           0x800'4987    0xda  Code  Gb  stm32f4xx_can.o [1]
CAN_GetITStatus          0x800'4ce9    0xe8  Code  Gb  stm32f4xx_can.o [1]
CAN_ITConfig             0x800'4cd1    0x18  Code  Gb  stm32f4xx_can.o [1]
CAN_Init                 0x800'487d   0x10a  Code  Gb  stm32f4xx_can.o [1]
CAN_Receive              0x800'4bcd   0x104  Code  Gb  stm32f4xx_can.o [1]
CAN_StructInit           0x800'4a61    0x2e  Code  Gb  stm32f4xx_can.o [1]
CAN_Transmit             0x800'4a8f   0x13e  Code  Gb  stm32f4xx_can.o [1]
CPU_CntLeadZeros         0x800'3e83          Code  Gb  cpu_a.o [1]
CPU_CntTrailZeros        0x800'3e89          Code  Gb  cpu_a.o [1]
CPU_Init                 0x800'397d     0x8  Code  Gb  cpu_core.o [1]
CPU_IntDis               0x800'3e65          Code  Gb  cpu_a.o [1]
CPU_IntEn                0x800'3e69          Code  Gb  cpu_a.o [1]
CPU_RevBits              0x800'3e93          Code  Gb  cpu_a.o [1]
CPU_SR_Restore           0x800'3e75          Code  Gb  cpu_a.o [1]
CPU_SR_Save              0x800'3e6d          Code  Gb  cpu_a.o [1]
CPU_SW_Exception         0x800'3985     0x2  Code  Gb  cpu_core.o [1]
CPU_TS_Init              0x800'398d     0xe  Code  Lc  cpu_core.o [1]
CPU_TS_TmrFreqSet        0x800'3987     0x6  Code  Gb  cpu_core.o [1]
CPU_TS_TmrFreq_Hz       0x2001'150c     0x4  Data  Gb  cpu_core.o [1]
CPU_TS_TmrInit           0x800'3edf    0x26  Code  Gb  bsp.o [1]
CPU_WaitForExcept        0x800'3e7f          Code  Gb  cpu_a.o [1]
CPU_WaitForInt           0x800'3e7b          Code  Gb  cpu_a.o [1]
CSTACK$$Base            0x1000'0000           --   Gb  - Linker created -
CSTACK$$Limit           0x1000'2000           --   Gb  - Linker created -
CheckITStatus            0x800'4e81    0x10  Code  Lc  stm32f4xx_can.o [1]
DebugMon_Handler         0x800'5fdf     0x2  Code  Gb  stm32f4xx_it.o [1]
GPIO_Init                0x800'4779    0xa8  Code  Gb  stm32f4xx_gpio.o [1]
GPIO_PinAFConfig         0x800'4829    0x54  Code  Gb  stm32f4xx_gpio.o [1]
GPIO_ResetBits           0x800'4825     0x4  Code  Gb  stm32f4xx_gpio.o [1]
GPIO_SetBits             0x800'4821     0x4  Code  Gb  stm32f4xx_gpio.o [1]
HardFault_Handler        0x800'5fc5    0x12  Code  Gb  stm32f4xx_it.o [1]
InitStatus              0x2001'14ac    0x24  Data  Gb  app.o [1]
KEY_VALUE               0x2001'1575     0x1  Data  Gb  BT.o [1]
LED1_Init                0x800'446d    0x32  Code  Gb  led.o [1]
LED2_Init                0x800'449f    0x32  Code  Gb  led.o [1]
LoRa_Init                0x800'45d1    0x66  Code  Gb  BT.o [1]
LoadInt                  0x800'035b    0x7a  Code  Lc  xprintffull_nomb.o [2]
MOTOR                   0x2001'0c20   0x1b0  Data  Gb  C620.o [1]
Math_Init                0x800'5c61     0xa  Code  Gb  lib_math.o [1]
Math_RandSeedCur        0x2001'1510     0x4  Data  Gb  lib_math.o [1]
Math_RandSetSeed         0x800'5c6b    0x12  Code  Gb  lib_math.o [1]
MemManage_Handler        0x800'5fd7     0x2  Code  Gb  stm32f4xx_it.o [1]
Mem_Heap                0x2000'0170  0xf000  Data  Gb  lib_mem.o [1]
Mem_Init                 0x800'5bd9    0x38  Code  Gb  lib_mem.o [1]
Mem_SegCreate            0x800'5c11    0x22  Code  Gb  lib_mem.o [1]
Mem_SegCreateCritical    0x800'5c33    0x1e  Code  Lc  lib_mem.o [1]
Mem_SegHeadPtr          0x2001'1514     0x4  Data  Gb  lib_mem.o [1]
Mem_SegHeap             0x2001'14d0    0x14  Data  Gb  lib_mem.o [1]
Motor1PID               0x2000'0080    0x1c  Data  Gb  C620.o [1]
Motor2PID               0x2000'009c    0x1c  Data  Gb  C620.o [1]
Motor3PID               0x2000'00b8    0x1c  Data  Gb  C620.o [1]
Motor4PID               0x2000'00d4    0x1c  Data  Gb  C620.o [1]
Motor5PID               0x2000'00f0    0x1c  Data  Gb  C620.o [1]
Motor6PID               0x2000'010c    0x1c  Data  Gb  C620.o [1]
Motor7PID               0x2000'0128    0x1c  Data  Gb  C620.o [1]
Motor8PID               0x2000'0144    0x1c  Data  Gb  C620.o [1]
MotorData               0x2001'14f0     0x8  Data  Gb  C620.o [1]
MotorData_send          0x2001'13c0    0x40  Data  Gb  C620.o [1]
MotorVal                0x2001'1400    0x38  Data  Gb  C620.o [1]
Motor_Analyze            0x800'4e91   0x1d2  Code  Gb  C620.o [1]
Motor_Analyze::i        0x2001'1508     0x4  Data  Lc  C620.o [1]
Motor_Speed_Ctrl_C620    0x800'5063   0x1b6  Code  Gb  C620.o [1]
NMI_Handler              0x800'5ecd     0x2  Code  Gb  stm32f4xx_it.o [1]
NVIC_Init                0x800'408b    0x62  Code  Gb  misc.o [1]
NVIC_PriorityGroupConfig
                         0x800'4081     0xa  Code  Gb  misc.o [1]
OSCfg_DataSizeRAM        0x800'6494     0x4  Data  Gb  os_cfg_app.o [1]
OSCfg_ISRStk            0x2001'0220   0x400  Data  Gb  os_cfg_app.o [1]
OSCfg_ISRStkBasePtr      0x800'6454     0x4  Data  Gb  os_cfg_app.o [1]
OSCfg_ISRStkSize         0x800'6458     0x4  Data  Gb  os_cfg_app.o [1]
OSCfg_ISRStkSizeRAM      0x800'645c     0x4  Data  Gb  os_cfg_app.o [1]
OSCfg_IdleTaskStk       0x2001'0620   0x200  Data  Gb  os_cfg_app.o [1]
OSCfg_IdleTaskStkBasePtr
                         0x800'6444     0x4  Data  Gb  os_cfg_app.o [1]
OSCfg_IdleTaskStkLimit   0x800'6448     0x4  Data  Gb  os_cfg_app.o [1]
OSCfg_IdleTaskStkSize    0x800'644c     0x4  Data  Gb  os_cfg_app.o [1]
OSCfg_IdleTaskStkSizeRAM
                         0x800'6450     0x4  Data  Gb  os_cfg_app.o [1]
OSCfg_Init               0x800'37e1    0x94  Code  Gb  os_cfg_app.o [1]
OSCfg_MsgPool           0x2000'f170   0x4b0  Data  Gb  os_cfg_app.o [1]
OSCfg_MsgPoolBasePtr     0x800'6464     0x4  Data  Gb  os_cfg_app.o [1]
OSCfg_MsgPoolSize        0x800'0fee     0x2  Data  Gb  os_cfg_app.o [1]
OSCfg_MsgPoolSizeRAM     0x800'6460     0x4  Data  Gb  os_cfg_app.o [1]
OSCfg_StkSizeMin         0x800'6468     0x4  Data  Gb  os_cfg_app.o [1]
OSCfg_TickRate_Hz        0x800'646c     0x4  Data  Gb  os_cfg_app.o [1]
OSCfg_TickTaskPrio       0x800'65fc     0x1  Data  Gb  os_cfg_app.o [1]
OSCfg_TickTaskStk       0x2001'0820   0x200  Data  Gb  os_cfg_app.o [1]
OSCfg_TickTaskStkBasePtr
                         0x800'6470     0x4  Data  Gb  os_cfg_app.o [1]
OSCfg_TickTaskStkLimit   0x800'6474     0x4  Data  Gb  os_cfg_app.o [1]
OSCfg_TickTaskStkSize    0x800'6478     0x4  Data  Gb  os_cfg_app.o [1]
OSCfg_TickTaskStkSizeRAM
                         0x800'647c     0x4  Data  Gb  os_cfg_app.o [1]
OSCfg_TmrTaskPrio        0x800'65fd     0x1  Data  Gb  os_cfg_app.o [1]
OSCfg_TmrTaskRate_Hz     0x800'6480     0x4  Data  Gb  os_cfg_app.o [1]
OSCfg_TmrTaskStk        0x2001'0a20   0x200  Data  Gb  os_cfg_app.o [1]
OSCfg_TmrTaskStkBasePtr
                         0x800'6484     0x4  Data  Gb  os_cfg_app.o [1]
OSCfg_TmrTaskStkLimit    0x800'6488     0x4  Data  Gb  os_cfg_app.o [1]
OSCfg_TmrTaskStkSize     0x800'648c     0x4  Data  Gb  os_cfg_app.o [1]
OSCfg_TmrTaskStkSizeRAM
                         0x800'6490     0x4  Data  Gb  os_cfg_app.o [1]
OSCtxSw                  0x800'390d          Code  Gb  os_cpu_a.o [1]
OSDbg_AppHooksEn         0x800'6600     0x1  Data  Gb  os_dbg.o [1]
OSDbg_ArgChkEn           0x800'65ff     0x1  Data  Gb  os_dbg.o [1]
OSDbg_CalledFromISRChkEn
                         0x800'6601     0x1  Data  Gb  os_dbg.o [1]
OSDbg_DataSize           0x800'64a0     0x4  Data  Gb  os_dbg.o [1]
OSDbg_DbgEn              0x800'65fe     0x1  Data  Gb  os_dbg.o [1]
OSDbg_EndiannessTest     0x800'6498     0x4  Data  Gb  os_dbg.o [1]
OSDbg_FlagDelEn          0x800'6603     0x1  Data  Gb  os_dbg.o [1]
OSDbg_FlagEn             0x800'6602     0x1  Data  Gb  os_dbg.o [1]
OSDbg_FlagGrp            0x800'6190    0x24  Data  Gb  os_dbg.o [1]
OSDbg_FlagGrpSize        0x800'1066     0x2  Data  Gb  os_dbg.o [1]
OSDbg_FlagModeClrEn      0x800'6604     0x1  Data  Gb  os_dbg.o [1]
OSDbg_FlagPendAbortEn    0x800'6605     0x1  Data  Gb  os_dbg.o [1]
OSDbg_FlagWidth          0x800'1492     0x2  Data  Gb  os_dbg.o [1]
OSDbg_ISRPostDeferredEn
                         0x800'6606     0x1  Data  Gb  os_dbg.o [1]
OSDbg_Mem                0x800'622c    0x20  Data  Gb  os_dbg.o [1]
OSDbg_MemEn              0x800'6607     0x1  Data  Gb  os_dbg.o [1]
OSDbg_MemSize            0x800'153a     0x2  Data  Gb  os_dbg.o [1]
OSDbg_MsgEn              0x800'6608     0x1  Data  Gb  os_dbg.o [1]
OSDbg_MsgPoolSize        0x800'160a     0x2  Data  Gb  os_dbg.o [1]
OSDbg_MsgQSize           0x800'1746     0x2  Data  Gb  os_dbg.o [1]
OSDbg_MsgSize            0x800'15da     0x2  Data  Gb  os_dbg.o [1]
OSDbg_Mutex              0x800'613c    0x2c  Data  Gb  os_dbg.o [1]
OSDbg_MutexDelEn         0x800'660a     0x1  Data  Gb  os_dbg.o [1]
OSDbg_MutexEn            0x800'6609     0x1  Data  Gb  os_dbg.o [1]
OSDbg_MutexPendAbortEn   0x800'660b     0x1  Data  Gb  os_dbg.o [1]
OSDbg_MutexSize          0x800'1782     0x2  Data  Gb  os_dbg.o [1]
OSDbg_ObjTypeChkEn       0x800'660c     0x1  Data  Gb  os_dbg.o [1]
OSDbg_PendDataSize       0x800'17a6     0x2  Data  Gb  os_dbg.o [1]
OSDbg_PendListSize       0x800'188a     0x2  Data  Gb  os_dbg.o [1]
OSDbg_PendMultiEn        0x800'660d     0x1  Data  Gb  os_dbg.o [1]
OSDbg_PendObjSize        0x800'1ad2     0x2  Data  Gb  os_dbg.o [1]
OSDbg_PrioMax            0x800'1b16     0x2  Data  Gb  os_dbg.o [1]
OSDbg_PrioTblSize        0x800'1b26     0x2  Data  Gb  os_dbg.o [1]
OSDbg_PtrSize            0x800'1b2a     0x2  Data  Gb  os_dbg.o [1]
OSDbg_Q                  0x800'607c    0x30  Data  Gb  os_dbg.o [1]
OSDbg_QDelEn             0x800'660f     0x1  Data  Gb  os_dbg.o [1]
OSDbg_QEn                0x800'660e     0x1  Data  Gb  os_dbg.o [1]
OSDbg_QFlushEn           0x800'6610     0x1  Data  Gb  os_dbg.o [1]
OSDbg_QPendAbortEn       0x800'6611     0x1  Data  Gb  os_dbg.o [1]
OSDbg_QSize              0x800'1c96     0x2  Data  Gb  os_dbg.o [1]
OSDbg_RdyList            0x800'56a6     0x2  Data  Gb  os_dbg.o [1]
OSDbg_RdyListSize        0x800'649c     0x4  Data  Gb  os_dbg.o [1]
OSDbg_SchedRoundRobinEn
                         0x800'6612     0x1  Data  Gb  os_dbg.o [1]
OSDbg_Sem                0x800'61b4    0x24  Data  Gb  os_dbg.o [1]
OSDbg_SemDelEn           0x800'6614     0x1  Data  Gb  os_dbg.o [1]
OSDbg_SemEn              0x800'6613     0x1  Data  Gb  os_dbg.o [1]
OSDbg_SemPendAbortEn     0x800'6615     0x1  Data  Gb  os_dbg.o [1]
OSDbg_SemSetEn           0x800'6616     0x1  Data  Gb  os_dbg.o [1]
OSDbg_SemSize            0x800'3e62     0x2  Data  Gb  os_dbg.o [1]
OSDbg_StatTaskEn         0x800'6618     0x1  Data  Gb  os_dbg.o [1]
OSDbg_StatTaskStkChkEn   0x800'6619     0x1  Data  Gb  os_dbg.o [1]
OSDbg_StkWidth           0x800'6617     0x1  Data  Gb  os_dbg.o [1]
OSDbg_TCBSize            0x800'6228     0x2  Data  Gb  os_dbg.o [1]
OSDbg_TaskChangePrioEn   0x800'661a     0x1  Data  Gb  os_dbg.o [1]
OSDbg_TaskDelEn          0x800'661b     0x1  Data  Gb  os_dbg.o [1]
OSDbg_TaskProfileEn      0x800'661e     0x1  Data  Gb  os_dbg.o [1]
OSDbg_TaskQEn            0x800'661c     0x1  Data  Gb  os_dbg.o [1]
OSDbg_TaskQPendAbortEn   0x800'661d     0x1  Data  Gb  os_dbg.o [1]
OSDbg_TaskRegTblSize     0x800'57fe     0x2  Data  Gb  os_dbg.o [1]
OSDbg_TaskSemPendAbortEn
                         0x800'661f     0x1  Data  Gb  os_dbg.o [1]
OSDbg_TaskSuspendEn      0x800'6620     0x1  Data  Gb  os_dbg.o [1]
OSDbg_TickListSize       0x800'6292     0x2  Data  Gb  os_dbg.o [1]
OSDbg_TimeDlyHMSMEn      0x800'6621     0x1  Data  Gb  os_dbg.o [1]
OSDbg_TimeDlyResumeEn    0x800'6622     0x1  Data  Gb  os_dbg.o [1]
OSDbg_Tmr                0x800'60ac    0x30  Data  Gb  os_dbg.o [1]
OSDbg_TmrDelEn           0x800'6624     0x1  Data  Gb  os_dbg.o [1]
OSDbg_TmrEn              0x800'6623     0x1  Data  Gb  os_dbg.o [1]
OSDbg_TmrSize            0x800'629e     0x2  Data  Gb  os_dbg.o [1]
OSDbg_VersionNbr         0x800'62ce     0x2  Data  Gb  os_dbg.o [1]
OSFlagCreate             0x800'5c81    0x3a  Code  Gb  os_flag.o [1]
OSFlagDbgListPtr        0x2001'1524     0x4  Data  Gb  os_var.o [1]
OSFlagQty               0x2001'1564     0x2  Data  Gb  os_var.o [1]
OSIdleTaskCtr           0x2001'1520     0x4  Data  Gb  os_var.o [1]
OSIdleTaskTCB           0x2001'1160    0xb0  Data  Gb  os_var.o [1]
OSInit                   0x800'1cad   0x114  Code  Gb  os_core.o [1]
OSInitHook               0x800'24ed    0x2a  Code  Gb  os_cpu_c.o [1]
OSInitialized           0x2001'157a     0x1  Data  Gb  os_var.o [1]
OSIntCtxSw               0x800'3915          Code  Gb  os_cpu_a.o [1]
OSIntEnter               0x800'1dc1    0x1c  Code  Gb  os_core.o [1]
OSIntExit                0x800'1ddd    0xc4  Code  Gb  os_core.o [1]
OSIntNestingCtr         0x2001'1578     0x1  Data  Gb  os_var.o [1]
OSMemDbgListPtr         0x2001'1528     0x4  Data  Gb  os_var.o [1]
OSMemQty                0x2001'1566     0x2  Data  Gb  os_var.o [1]
OSMsgPool               0x2001'14e4     0xc  Data  Gb  os_var.o [1]
OSMutexCreate            0x800'3acd    0x46  Code  Gb  os_mutex.o [1]
OSMutexDbgListPtr       0x2001'152c     0x4  Data  Gb  os_var.o [1]
OSMutexPend              0x800'3b13   0x12c  Code  Gb  os_mutex.o [1]
OSMutexPost              0x800'3c3f   0x132  Code  Gb  os_mutex.o [1]
OSMutexQty              0x2001'1568     0x2  Data  Gb  os_var.o [1]
OSPrioCur               0x2001'157b     0x1  Data  Gb  os_var.o [1]
OSPrioHighRdy           0x2001'157c     0x1  Data  Gb  os_var.o [1]
OSPrioTbl               0x2001'151c     0x4  Data  Gb  os_prio.o [1]
OSQDbgListPtr           0x2001'1530     0x4  Data  Gb  os_var.o [1]
OSQQty                  0x2001'156a     0x2  Data  Gb  os_var.o [1]
OSRdyList               0x2001'0dd0   0x180  Data  Gb  os_var.o [1]
OSRedzoneHitHook         0x800'2517     0x8  Code  Gb  os_cpu_c.o [1]
OSRunning               0x2001'1579     0x1  Data  Gb  os_var.o [1]
OSSched                  0x800'1ea1    0x72  Code  Gb  os_core.o [1]
OSSchedLock              0x800'1f13    0x3c  Code  Gb  os_core.o [1]
OSSchedLockNestingCtr   0x2001'157d     0x1  Data  Gb  os_var.o [1]
OSSchedUnlock            0x800'1f4f    0x56  Code  Gb  os_core.o [1]
OSSemCreate              0x800'5ced    0x36  Code  Gb  os_sem.o [1]
OSSemDbgListPtr         0x2001'1534     0x4  Data  Gb  os_var.o [1]
OSSemQty                0x2001'156c     0x2  Data  Gb  os_var.o [1]
OSStart                  0x800'1fa5    0x80  Code  Gb  os_core.o [1]
OSStartHighRdy           0x800'3893          Code  Gb  os_cpu_a.o [1]
OSTCBCurPtr             0x2001'1558     0x4  Data  Gb  os_var.o [1]
OSTCBHighRdyPtr         0x2001'155c     0x4  Data  Gb  os_var.o [1]
OSTaskCreate             0x800'27bd   0x142  Code  Gb  os_task.o [1]
OSTaskCreateHook         0x800'251f     0x2  Code  Gb  os_cpu_c.o [1]
OSTaskCtxSwCtr          0x2001'1538     0x4  Data  Gb  os_var.o [1]
OSTaskDbgListPtr        0x2001'153c     0x4  Data  Gb  os_var.o [1]
OSTaskDel                0x800'28ff   0x152  Code  Gb  os_task.o [1]
OSTaskDelHook            0x800'2521     0x2  Code  Gb  os_cpu_c.o [1]
OSTaskQty               0x2001'156e     0x2  Data  Gb  os_var.o [1]
OSTaskRegNextAvailID    0x2001'157e     0x1  Data  Gb  os_var.o [1]
OSTaskReturnHook         0x800'2523     0x2  Code  Gb  os_cpu_c.o [1]
OSTaskSemPend            0x800'2a51    0xb2  Code  Gb  os_task.o [1]
OSTaskSemPost            0x800'2b03     0xe  Code  Gb  os_task.o [1]
OSTaskStkInit            0x800'2525   0x15e  Code  Gb  os_cpu_c.o [1]
OSTaskStkRedzoneChk      0x800'2b11    0x32  Code  Gb  os_task.o [1]
OSTaskSwHook             0x800'2683    0x5c  Code  Gb  os_cpu_c.o [1]
OSTickCtr               0x2001'1540     0x4  Data  Gb  os_var.o [1]
OSTickListDly           0x2001'14f8     0x8  Data  Gb  os_var.o [1]
OSTickListTimeout       0x2001'1500     0x8  Data  Gb  os_var.o [1]
OSTickTaskTCB           0x2001'1210    0xb0  Data  Gb  os_var.o [1]
OSTimeDlyHMSM            0x800'39a1    0xd2  Code  Gb  os_time.o [1]
OSTimeTick               0x800'3a73    0x38  Code  Gb  os_time.o [1]
OSTimeTickHook           0x800'26df     0x2  Code  Gb  os_cpu_c.o [1]
OSTmrDbgListPtr         0x2001'1544     0x4  Data  Gb  os_var.o [1]
OSTmrListEntries        0x2001'1570     0x2  Data  Gb  os_var.o [1]
OSTmrListPtr            0x2001'1548     0x4  Data  Gb  os_var.o [1]
OSTmrMutex              0x2001'1438    0x2c  Data  Gb  os_var.o [1]
OSTmrTaskTCB            0x2001'12c0    0xb0  Data  Gb  os_var.o [1]
OSTmrTickCtr            0x2001'154c     0x4  Data  Gb  os_var.o [1]
OSTmrUpdateCnt          0x2001'1550     0x4  Data  Gb  os_var.o [1]
OSTmrUpdateCtr          0x2001'1554     0x4  Data  Gb  os_var.o [1]
OS_CPU_ExceptStkBase    0x2001'1518     0x4  Data  Gb  os_cpu_c.o [1]
OS_CPU_FP_Reg_Pop        0x800'3887          Code  Gb  os_cpu_a.o [1]
OS_CPU_FP_Reg_Push       0x800'3875          Code  Gb  os_cpu_a.o [1]
OS_CPU_SysTickInit       0x800'26fd    0x2c  Code  Gb  os_cpu_c.o [1]
OS_Dbg_Init              0x800'3641   0x1a0  Code  Gb  os_dbg.o [1]
OS_FlagDbgListAdd        0x800'5cbb    0x22  Code  Gb  os_flag.o [1]
OS_IdleTask              0x800'2025    0x18  Code  Gb  os_core.o [1]
OS_IdleTaskInit          0x800'203d    0x50  Code  Gb  os_core.o [1]
OS_MemInit               0x800'2f61    0x12  Code  Gb  os_mem.o [1]
OS_MsgPoolInit           0x800'2f7d    0x5a  Code  Gb  os_msg.o [1]
OS_MsgQFreeAll           0x800'2fd7    0x3e  Code  Gb  os_msg.o [1]
OS_MsgQInit              0x800'3015    0x14  Code  Gb  os_msg.o [1]
OS_MutexDbgListAdd       0x800'3d71    0x22  Code  Gb  os_mutex.o [1]
OS_MutexGrpAdd           0x800'3db1     0x8  Code  Gb  os_mutex.o [1]
OS_MutexGrpPostAll       0x800'3e09    0x5a  Code  Gb  os_mutex.o [1]
OS_MutexGrpPrioFindHighest
                         0x800'3dcf    0x3a  Code  Gb  os_mutex.o [1]
OS_MutexGrpRemove        0x800'3db9    0x16  Code  Gb  os_mutex.o [1]
OS_Pend                  0x800'208d    0x4e  Code  Gb  os_core.o [1]
OS_PendDataInit          0x800'20db    0x1a  Code  Gb  os_core.o [1]
OS_PendDbgNameAdd        0x800'20f5    0x42  Code  Gb  os_core.o [1]
OS_PendDbgNameRemove     0x800'2137    0x20  Code  Gb  os_core.o [1]
OS_PendListChangePrio    0x800'2157    0x34  Code  Gb  os_core.o [1]
OS_PendListInit          0x800'218b     0xe  Code  Gb  os_core.o [1]
OS_PendListInsertPrio    0x800'2199    0x72  Code  Gb  os_core.o [1]
OS_PendListRemove        0x800'220b    0x2c  Code  Gb  os_core.o [1]
OS_PendListRemove1       0x800'2237    0x4a  Code  Gb  os_core.o [1]
OS_Post                  0x800'2281    0xa4  Code  Gb  os_core.o [1]
OS_PrioGetHighest        0x800'2f01    0x14  Code  Gb  os_prio.o [1]
OS_PrioInit              0x800'2eed    0x14  Code  Gb  os_prio.o [1]
OS_PrioInsert            0x800'2f15    0x22  Code  Gb  os_prio.o [1]
OS_PrioRemove            0x800'2f37    0x24  Code  Gb  os_prio.o [1]
OS_RdyListInit           0x800'2325    0x22  Code  Gb  os_core.o [1]
OS_RdyListInsert         0x800'2347    0x28  Code  Gb  os_core.o [1]
OS_RdyListInsertHead     0x800'2375    0x3a  Code  Gb  os_core.o [1]
OS_RdyListInsertTail     0x800'23af    0x38  Code  Gb  os_core.o [1]
OS_RdyListRemove         0x800'23e7    0x5c  Code  Gb  os_core.o [1]
OS_SemDbgListAdd         0x800'5d23    0x22  Code  Gb  os_sem.o [1]
OS_TaskBlock             0x800'2443    0x28  Code  Gb  os_core.o [1]
OS_TaskChangePrio        0x800'2ded    0xe2  Code  Gb  os_task.o [1]
OS_TaskDbgListAdd        0x800'2b43    0x28  Code  Gb  os_task.o [1]
OS_TaskDbgListRemove     0x800'2b6b    0x4c  Code  Gb  os_task.o [1]
OS_TaskInit              0x800'2bb7    0x1e  Code  Gb  os_task.o [1]
OS_TaskInitTCB           0x800'2bd5    0xfc  Code  Gb  os_task.o [1]
OS_TaskReturn            0x800'2cd1    0x14  Code  Gb  os_task.o [1]
OS_TaskSemPost           0x800'2ce5    0xba  Code  Gb  os_task.o [1]
OS_TaskStkRedzoneChk     0x800'2d9f    0x22  Code  Gb  os_task.o [1]
OS_TaskStkRedzoneInit    0x800'2dc1    0x18  Code  Gb  os_task.o [1]
OS_TickListInsert        0x800'3117    0x8c  Code  Gb  os_tick.o [1]
OS_TickListInsertDly     0x800'31a3    0x90  Code  Gb  os_tick.o [1]
OS_TickListRemove        0x800'3233    0x70  Code  Gb  os_tick.o [1]
OS_TickListUpdateDly     0x800'32a3    0x86  Code  Lc  os_tick.o [1]
OS_TickListUpdateTimeout
                         0x800'3329   0x108  Code  Lc  os_tick.o [1]
OS_TickTask              0x800'3035    0x3e  Code  Gb  os_tick.o [1]
OS_TickTaskInit          0x800'3073    0xa4  Code  Gb  os_tick.o [1]
OS_TmrInit               0x800'3461    0xc6  Code  Gb  os_tmr.o [1]
OS_TmrLock               0x800'35d5    0x16  Code  Lc  os_tmr.o [1]
OS_TmrTask               0x800'3565    0x70  Code  Gb  os_tmr.o [1]
OS_TmrUnlink             0x800'3527    0x3a  Code  Gb  os_tmr.o [1]
OS_TmrUnlock             0x800'35eb    0x10  Code  Lc  os_tmr.o [1]
PIDCal                   0x800'5801    0xba  Code  Gb  PID.o [1]
PendSV_Handler           0x800'391d          Code  Gb  os_cpu_a.o [1]
RCC_AHB1PeriphClockCmd   0x800'3fcd    0x1c  Code  Gb  stm32f4xx_rcc.o [1]
RCC_APB1PeriphClockCmd   0x800'3fe9    0x1c  Code  Gb  stm32f4xx_rcc.o [1]
RCC_APB1PeriphResetCmd   0x800'4021    0x1c  Code  Gb  stm32f4xx_rcc.o [1]
RCC_APB2PeriphClockCmd   0x800'4005    0x1c  Code  Gb  stm32f4xx_rcc.o [1]
RCC_APB2PeriphResetCmd   0x800'403d    0x1c  Code  Gb  stm32f4xx_rcc.o [1]
RCC_GetClocksFreq        0x800'3f11    0xbc  Code  Gb  stm32f4xx_rcc.o [1]
Region$$Table$$Base      0x800'61fc           --   Gb  - Linker created -
Region$$Table$$Limit     0x800'6228           --   Gb  - Linker created -
RelayReady              0x2001'1488    0x24  Data  Gb  app.o [1]
SVC_Handler              0x800'5fdd     0x2  Code  Gb  stm32f4xx_it.o [1]
SendWheel_Vel            0x800'5d7d     0xc  Code  Gb  RobotCtrl.o [1]
SetMotor                 0x800'5219    0xbc  Code  Gb  C620.o [1]
SetMotor_h               0x800'52d5    0xbe  Code  Gb  C620.o [1]
SetSysClock              0x800'5dcf    0xc8  Code  Lc  system_stm32f4xx.o [1]
SyncSem                 0x2001'1464    0x24  Data  Gb  app.o [1]
SysTick_Handler          0x800'26e1    0x1c  Code  Gb  os_cpu_c.o [1]
SystemInit               0x800'5d89    0x46  Code  Gb  system_stm32f4xx.o [1]
TIM_ARRPreloadConfig     0x800'5713    0x1c  Code  Gb  stm32f4xx_tim.o [1]
TIM_Cmd                  0x800'572f    0x1c  Code  Gb  stm32f4xx_tim.o [1]
TIM_Init                 0x800'470d    0x68  Code  Gb  tim.o [1]
TIM_OC2Init              0x800'574b    0x86  Code  Gb  stm32f4xx_tim.o [1]
TIM_OC2PreloadConfig     0x800'57ed    0x12  Code  Gb  stm32f4xx_tim.o [1]
TIM_TimeBaseInit         0x800'56a9    0x6a  Code  Gb  stm32f4xx_tim.o [1]
TaskBTcom                0x800'5a09   0x184  Code  Lc  app.o [1]
TaskBTcomStk            0x2000'fe20   0x400  Data  Lc  app.o [1]
TaskBTcomTCB            0x2001'10b0    0xb0  Data  Gb  app.o [1]
TaskSpeedCtrl            0x800'59d1    0x38  Code  Lc  app.o [1]
TaskSpeedCtrlStk        0x2000'fa20   0x400  Data  Lc  app.o [1]
TaskSpeedCtrlTCB        0x2001'1000    0xb0  Data  Lc  app.o [1]
TaskStart                0x800'590d    0xc2  Code  Lc  app.o [1]
TaskStartStk            0x2000'f620   0x400  Data  Lc  app.o [1]
TaskStartTCB            0x2001'0f50    0xb0  Data  Lc  app.o [1]
USART3_IRQHandler        0x800'4637    0x90  Code  Gb  BT.o [1]
USART_ClearITPendingBit
                         0x800'5687    0x20  Code  Gb  stm32f4xx_usart.o [1]
USART_Cmd                0x800'5589    0x1c  Code  Gb  stm32f4xx_usart.o [1]
USART_DeInit             0x800'53d1    0xda  Code  Gb  stm32f4xx_usart.o [1]
USART_GetFlagStatus      0x800'5609    0x1a  Code  Gb  stm32f4xx_usart.o [1]
USART_GetITStatus        0x800'5623    0x64  Code  Gb  stm32f4xx_usart.o [1]
USART_ITConfig           0x800'55b5    0x54  Code  Gb  stm32f4xx_usart.o [1]
USART_Init               0x800'54ab    0xb8  Code  Gb  stm32f4xx_usart.o [1]
USART_ReceiveData        0x800'55ad     0x8  Code  Gb  stm32f4xx_usart.o [1]
USART_SendData           0x800'55a5     0x8  Code  Gb  stm32f4xx_usart.o [1]
UsageFault_Handler       0x800'5fdb     0x2  Code  Gb  stm32f4xx_it.o [1]
_GenldFullNoMb           0x800'0c9d   0x274  Code  Lc  xprintffull_nomb.o [2]
_LdtobFullNoMb           0x800'0899   0x3d6  Code  Lc  xprintffull_nomb.o [2]
_LitobFullNoMb           0x800'0749   0x10a  Code  Lc  xprintffull_nomb.o [2]
_Locale_lconv           0x2000'0048    0x38  Data  Lc  xlocale_c.o [2]
_PrintfFullNoMb          0x800'01ad   0x19e  Code  Gb  xprintffull_nomb.o [2]
_Prout                   0x800'62b9    0x16  Code  Gb  xprout.o [2]
_PutcharsFullNoMb        0x800'0f11    0x2e  Code  Lc  xprintffull_nomb.o [2]
_PutfldFullNoMb          0x800'03d5   0x268  Code  Lc  xprintffull_nomb.o [2]
_PuttxtFullNoMb          0x800'063d   0x10c  Code  Lc  xprintffull_nomb.o [2]
__aeabi_cdcmple          0x800'15ad          Code  Gb  DblCmpLe.o [3]
__aeabi_cdrcmple         0x800'15dd          Code  Gb  DblCmpGe.o [3]
__aeabi_d2iz             0x800'1749          Code  Gb  DblToS32.o [3]
__aeabi_d2uiz            0x800'1ad5          Code  Gb  DblToU32.o [3]
__aeabi_ddiv             0x800'188d          Code  Gb  DblDiv.o [3]
__aeabi_dmul             0x800'12f1          Code  Gb  DblMul.o [3]
__aeabi_dsub             0x800'17a9          Code  Gb  DblSub.o [3]
__aeabi_i2d              0x800'1785          Code  Gb  S32ToDbl.o [3]
__aeabi_ldiv0            0x800'1b29          Code  Gb  I64DivZer.o [4]
__aeabi_memcpy           0x800'1495          Code  Gb  ABImemcpy.o [4]
__aeabi_memcpy4          0x800'14b5          Code  Gb  ABImemcpy.o [4]
__aeabi_memcpy8          0x800'14b5          Code  Gb  ABImemcpy.o [4]
__aeabi_ui2d             0x800'1afd          Code  Gb  U32ToDbl.o [3]
__aeabi_uldivmod         0x800'10c1          Code  Gb  I64DivMod.o [4]
__cmain                  0x800'626d          Code  Gb  cmain.o [4]
__exit                   0x800'1c99    0x14  Code  Gb  exit.o [5]
__iar_Fail_s             0x800'0ff1    0x1c  Code  Gb  xfail_s.o [2]
__iar_Memchr             0x800'1069          Code  Gb  memchr.o [4]
__iar_Stdout            0x2000'0000    0x48  Data  Gb  xfiles.o [2]
__iar_Strchr             0x800'0fd9          Code  Gb  strchr.o [4]
__iar_dadd               0x800'17b9          Code  Gb  DblSub.o [3]
__iar_data_init3         0x800'6169    0x28  Code  Gb  data_init.o [4]
__iar_dsub               0x800'1b2d          Code  Gb  DblAdd.o [3]
__iar_dsubStart          0x800'1b3f          Code  Gb  DblAdd.o [3]
__iar_frexp              0x800'1549          Code  Gb  frexp.o [3]
__iar_frexpl             0x800'1549          Code  Gb  frexp.o [3]
__iar_init_vfp           0x800'61d9          Code  Gb  fpinit_M.o [3]
__iar_ldexp64            0x800'160d          Code  Gb  ldexp.o [3]
__iar_packbits_init3     0x800'5fe1    0x9c  Code  Gb  packbits_init.o [4]
__iar_program_start      0x800'6419          Code  Gb  cstartup_M.o [4]
__iar_scalbln64          0x800'160d          Code  Gb  ldexp.o [3]
__iar_scalbn64           0x800'160d          Code  Gb  ldexp.o [3]
__iar_softfp___iar_frexp64
                         0x800'153d          Code  Gb  frexp.o [3]
__iar_softfp_frexp       0x800'153d          Code  Gb  frexp.o [3]
__iar_softfp_frexpl      0x800'153d          Code  Gb  frexp.o [3]
__iar_zero_init3         0x800'0f9f    0x3a  Code  Gb  zero_init3.o [4]
__low_level_init         0x800'628b     0x4  Code  Gb  low_level_init.o [2]
__vector_table           0x800'0000          Data  Gb  startup_stm32f427xx.o [1]
_call_main               0x800'6279          Code  Gb  cmain.o [4]
_exit                    0x800'6295          Code  Gb  cexit.o [4]
_main                    0x800'6287          Code  Gb  cmain.o [4]
abort                    0x800'1b21     0x6  Code  Gb  abort.o [2]
exit                     0x800'628f     0x4  Code  Gb  exit.o [2]
fputc                    0x800'46c7    0x22  Code  Gb  BT.o [1]
hard_fault_handler_c     0x800'5ecf    0xa0  Code  Gb  stm32f4xx_it.o [1]
ldexp                    0x800'160d          Code  Gb  ldexp.o [3]
ldexpl                   0x800'160d          Code  Gb  ldexp.o [3]
localeconv               0x800'1b19     0x4  Code  Gb  xlocale_c.o [2]
main                     0x800'58c1    0x4a  Code  Gb  app.o [1]
memchr                   0x800'1069          Code  Gb  memchr.o [4]
obuf                    0x2001'1370    0x50  Data  Lc  xfiles.o [2]
printf                   0x800'5d55    0x28  Code  Gb  printf.o [2]
putchar                  0x800'62d1     0xc  Code  Gb  putchar.o [2]
res                     0x2001'1572     0x1  Data  Gb  BT.o [1]
scalbln                  0x800'160d          Code  Gb  ldexp.o [3]
scalblnl                 0x800'160d          Code  Gb  ldexp.o [3]
scalbn                   0x800'160d          Code  Gb  ldexp.o [3]
scalbnl                  0x800'160d          Code  Gb  ldexp.o [3]
scale                    0x800'0853    0x46  Code  Lc  xprintffull_nomb.o [2]
sec_hand                0x2001'1560     0x4  Data  Lc  xfail_s.o [2]
strchr                   0x800'0fd9          Code  Gb  strchr.o [4]
strlen                   0x800'1031          Code  Gb  strlen.o [4]


[1] = E:\STM32\机器人\Robocon_code\Robocon2021_二车\上层\Debug\Obj
[2] = dl7M_tlf.a
[3] = m7M_tls.a
[4] = rt7M_tl.a
[5] = shb_l.a

  25 188 bytes of readonly  code memory
   1 135 bytes of readonly  data memory
  79 231 bytes of readwrite data memory

Errors: none
Warnings: none
